---
source: tests/error_fixtures/runtime_error_fixtures_snapshots.rs
---
Fixture: examples/runtime_errors/primop_array_len_type.flx
== vm ==
status: 1
stdout:
<empty>
stderr:
[ 1 of 10] Compiling  Assert
[ 2 of 10] Compiling  Array
[ 3 of 10] Compiling  List
[ 4 of 10] Compiling  Either
[ 5 of 10] Compiling  IO
[ 6 of 10] Compiling  Math
[ 7 of 10] Compiling  Numeric
[ 8 of 10] Compiling  Option
[ 9 of 10] Compiling  String
[10 of 10] Compiling  primop_array_len_type
• 1 warning • examples/runtime_errors/primop_array_len_type.flx
Warning[W034]: Legacy Builtin Helper

`array_len` is a legacy builtin helper spelling; prefer `Flow.Array.length`.

  examples/runtime_errors/primop_array_len_type.flx:2:19
  |
2 |     let ignored = array_len(1)
  |                   ^^^^^^^^^
  |                   --------- legacy helper spelling used here

Help:
  Import the owning Flow module and call the module-qualified API instead.

[cfg→vm] Running via CFG → bytecode VM backend...
• 1 error • examples/runtime_errors/primop_array_len_type.flx
error[E1004]: primop array_len expected Array, got Int

  examples/runtime_errors/primop_array_len_type.flx:2:19
  |
2 |     let ignored = array_len(1)
  |                   ^^^^^^^^^^^^

Stack trace:
  at main (examples/runtime_errors/primop_array_len_type.flx:2:19)
  at <main>
