---
source: tests/aether/cli_snapshots.rs
---
def __dict_Eq_Int =
MakeTuple(__tc_Eq_Int_eq#?[external], __tc_Eq_Int_neq#?[external])

letrec __tc_Eq_Int_eq : (Int, Int) -> Bool =
λ__x0#1:Int, __x1#2:Int.
    ICmpEq(__x0#1, __x1#2)

letrec __tc_Eq_Int_neq : (Int, Int) -> Bool =
λ__x0#4:Int, __x1#5:Int.
    ICmpNe(__x0#4, __x1#5)

letrec __tc_Eq_Float_eq : (Float, Float) -> Bool =
λ__x0#7:Float, __x1#8:Float.
    FCmpEq(__x0#7, __x1#8)

letrec __tc_Eq_Float_neq : (Float, Float) -> Bool =
λ__x0#10:Float, __x1#11:Float.
    FCmpNe(__x0#10, __x1#11)

letrec __tc_Eq_String_eq : (String, String) -> Bool =
λ__x0#13:Box, __x1#14:Box.
    Eq(__x0#13, __x1#14)

letrec __tc_Eq_String_neq : (String, String) -> Bool =
λ__x0#16:Box, __x1#17:Box.
    NEq(__x0#16, __x1#17)

letrec __tc_Eq_Bool_eq : (Bool, Bool) -> Bool =
λ__x0#19:Bool, __x1#20:Bool.
    Eq(__x0#19, __x1#20)

letrec __tc_Eq_Bool_neq : (Bool, Bool) -> Bool =
λ__x0#22:Bool, __x1#23:Bool.
    NEq(__x0#22, __x1#23)

letrec __tc_Eq_List<a>_eq : forall a, b. (a, List<b>, List<b>) -> Bool =
λ__dict_Eq#25, __x0#26:Box, __x1#27:Box.
    case __x0#26 of
      ::(h1#28, t1#29:Box) →
        case __x1#27 of
          ::(h2#30, t2#31:Box) →
            let %t1 = (let %t2 = __dict_Eq#25.0
            #4001188[synthetic]#1188(h1#28, h2#30))
            let %t3 = __tc_Eq_List<a>_eq#24(__dict_Eq#25, t1#29, t2#31)
            And(#4001189[synthetic]#1189, #4001190[synthetic]#1190)
          _ →
            false
      _ →
        case __x1#27 of
          ::(h#32, t#33:Box) →
            false
          _ →
            true

letrec __tc_Eq_List<a>_neq : forall a, b. (a, List<b>, List<b>) -> Bool =
λ__dict_Eq#35, __x0#36:Box, __x1#37:Box.
    let %t4 = (case __x0#36 of
      ::(h1#38, t1#39:Box) →
        case __x1#37 of
          ::(h2#40, t2#41:Box) →
            let %t5 = (let %t6 = __dict_Eq#35.0
            #4001191[synthetic]#1191(h1#38, h2#40))
            let %t7 = __tc_Eq_List<a>_eq#24(__dict_Eq#35, t1#39, t2#41)
            And(#4001192[synthetic]#1192, #4001193[synthetic]#1193)
          _ →
            false
      _ →
        case __x1#37 of
          ::(h#42, t#43:Box) →
            false
          _ →
            true)
    Not(#4001194[synthetic]#1194)

letrec __tc_Eq_Option<a>_eq : forall a, b. (a, Option<b>, Option<b>) -> Bool =
λ__dict_Eq#45, __x0#46:Box, __x1#47:Box.
    case __x0#46 of
      Some(u#48) →
        case __x1#47 of
          Some(v#49) →
            let %t8 = __dict_Eq#45.0
            #4001195[synthetic]#1195(u#48, v#49)
          _ →
            false
      _ →
        case __x1#47 of
          Some(v#50) →
            false
          _ →
            true

letrec __tc_Eq_Option<a>_neq : forall a, b. (a, Option<b>, Option<b>) -> Bool =
λ__dict_Eq#52, __x0#53:Box, __x1#54:Box.
    let %t9 = (case __x0#53 of
      Some(u#55) →
        case __x1#54 of
          Some(v#56) →
            let %t10 = __dict_Eq#52.0
            #4001196[synthetic]#1196(u#55, v#56)
          _ →
            false
      _ →
        case __x1#54 of
          Some(v#57) →
            false
          _ →
            true)
    Not(#4001197[synthetic]#1197)

letrec __tc_Ord_Int_compare : (Int, Int) -> Int =
λ__x0#59:Int, __x1#60:Int.
    let %t11:Bool = ICmpLt(__x0#59, __x1#60)
    case #4001198[synthetic]#1198 of
      true →
        -1
      _ →
        let %t12:Bool = ICmpGt(__x0#59, __x1#60)
        case #4001199[synthetic]#1199 of
          true →
            1
          _ →
            0

letrec __tc_Ord_Int_lt : (Int, Int) -> Bool =
λ__x0#62:Int, __x1#63:Int.
    ICmpLt(__x0#62, __x1#63)

letrec __tc_Ord_Int_lte : (Int, Int) -> Bool =
λ__x0#65:Int, __x1#66:Int.
    ICmpLe(__x0#65, __x1#66)

letrec __tc_Ord_Int_gt : (Int, Int) -> Bool =
λ__x0#68:Int, __x1#69:Int.
    ICmpGt(__x0#68, __x1#69)

letrec __tc_Ord_Int_gte : (Int, Int) -> Bool =
λ__x0#71:Int, __x1#72:Int.
    ICmpGe(__x0#71, __x1#72)

letrec __tc_Ord_Float_compare : (Float, Float) -> Int =
λ__x0#74:Float, __x1#75:Float.
    let %t13:Bool = FCmpLt(__x0#74, __x1#75)
    case #4001200[synthetic]#1200 of
      true →
        -1
      _ →
        let %t14:Bool = FCmpGt(__x0#74, __x1#75)
        case #4001201[synthetic]#1201 of
          true →
            1
          _ →
            0

letrec __tc_Ord_Float_lt : (Float, Float) -> Bool =
λ__x0#77:Float, __x1#78:Float.
    FCmpLt(__x0#77, __x1#78)

letrec __tc_Ord_Float_lte : (Float, Float) -> Bool =
λ__x0#80:Float, __x1#81:Float.
    FCmpLe(__x0#80, __x1#81)

letrec __tc_Ord_Float_gt : (Float, Float) -> Bool =
λ__x0#83:Float, __x1#84:Float.
    FCmpGt(__x0#83, __x1#84)

letrec __tc_Ord_Float_gte : (Float, Float) -> Bool =
λ__x0#86:Float, __x1#87:Float.
    FCmpGe(__x0#86, __x1#87)

letrec __tc_Ord_String_compare : (String, String) -> Int =
λ__x0#89:Box, __x1#90:Box.
    let %t15:Bool = Lt(__x0#89, __x1#90)
    case #4001202[synthetic]#1202 of
      true →
        -1
      _ →
        let %t16:Bool = Gt(__x0#89, __x1#90)
        case #4001203[synthetic]#1203 of
          true →
            1
          _ →
            0

letrec __tc_Ord_String_lt : (String, String) -> Bool =
λ__x0#92:Box, __x1#93:Box.
    Lt(__x0#92, __x1#93)

letrec __tc_Ord_String_lte : (String, String) -> Bool =
λ__x0#95:Box, __x1#96:Box.
    Le(__x0#95, __x1#96)

letrec __tc_Ord_String_gt : (String, String) -> Bool =
λ__x0#98:Box, __x1#99:Box.
    Gt(__x0#98, __x1#99)

letrec __tc_Ord_String_gte : (String, String) -> Bool =
λ__x0#101:Box, __x1#102:Box.
    Ge(__x0#101, __x1#102)

letrec __tc_Num_Int_add : (Int, Int) -> Int =
λ__x0#104:Int, __x1#105:Int.
    IAdd(__x0#104, __x1#105)

letrec __tc_Num_Int_sub : (Int, Int) -> Int =
λ__x0#107:Int, __x1#108:Int.
    ISub(__x0#107, __x1#108)

letrec __tc_Num_Int_mul : (Int, Int) -> Int =
λ__x0#110:Int, __x1#111:Int.
    IMul(__x0#110, __x1#111)

letrec __tc_Num_Int_div : (Int, Int) -> Int =
λ__x0#113:Int, __x1#114:Int.
    IDiv(__x0#113, __x1#114)

letrec __tc_Num_Float_add : (Float, Float) -> Float =
λ__x0#116:Float, __x1#117:Float.
    FAdd(__x0#116, __x1#117)

letrec __tc_Num_Float_sub : (Float, Float) -> Float =
λ__x0#119:Float, __x1#120:Float.
    FSub(__x0#119, __x1#120)

letrec __tc_Num_Float_mul : (Float, Float) -> Float =
λ__x0#122:Float, __x1#123:Float.
    FMul(__x0#122, __x1#123)

letrec __tc_Num_Float_div : (Float, Float) -> Float =
λ__x0#125:Float, __x1#126:Float.
    FDiv(__x0#125, __x1#126)

letrec __tc_Show_Int_show : (Int) -> String =
λ__x0#128:Int.
    ToString(__x0#128)

letrec __tc_Show_Float_show : (Float) -> String =
λ__x0#130:Float.
    ToString(__x0#130)

letrec __tc_Show_String_show : (String) -> String =
λ__x0#132:Box.
    ToString(__x0#132)

letrec __tc_Show_Bool_show : (Bool) -> String =
λ__x0#134:Bool.
    ToString(__x0#134)

letrec __tc_Semigroup_String_append : (String, String) -> String =
λ__x0#136:Box, __x1#137:Box.
    string_concat#1086(__x0#136, __x1#137)

letrec eq : forall a. (a, a) -> Bool =
λ__x0#139, __x1#140.
    panic#1046("No instance of Eq.eq for the given type")

letrec neq : forall a. (a, a) -> Bool =
λ__x0#142, __x1#143.
    panic#1046("No instance of Eq.neq for the given type")

letrec compare : forall a. (a, a) -> Int =
λ__x0#145, __x1#146.
    panic#1046("No instance of Ord.compare for the given type")

letrec lt : forall a. (a, a) -> Bool =
λ__x0#148, __x1#149.
    panic#1046("No instance of Ord.lt for the given type")

letrec lte : forall a. (a, a) -> Bool =
λ__x0#151, __x1#152.
    panic#1046("No instance of Ord.lte for the given type")

letrec gt : forall a. (a, a) -> Bool =
λ__x0#154, __x1#155.
    panic#1046("No instance of Ord.gt for the given type")

letrec gte : forall a. (a, a) -> Bool =
λ__x0#157, __x1#158.
    panic#1046("No instance of Ord.gte for the given type")

letrec add : forall a. (a, a) -> a =
λ__x0#160, __x1#161.
    panic#1046("No instance of Num.add for the given type")

letrec sub : forall a. (a, a) -> a =
λ__x0#163, __x1#164.
    panic#1046("No instance of Num.sub for the given type")

letrec mul : forall a. (a, a) -> a =
λ__x0#166, __x1#167.
    panic#1046("No instance of Num.mul for the given type")

letrec show : forall a. (a) -> String =
λ__x0#169.
    panic#1046("No instance of Show.show for the given type")

letrec assert_failed =
λname#171.
    let %t17 = Add("ASSERTION FAILED: ", name#171)
    perform Console.println(#4001204[synthetic]#1204)

letrec assert_eq =
λa#173, b#174.
    let %t18 = (let %t19 = CmpEq(a#173, b#174)
    case #4001205[synthetic]#1205 of
      true →
        MakeTuple()
      _ →
        let %t20 = assert_failed#170("assert_eq")
        let %t21 = perform Console.println(a#173)
        let %t22 = perform Console.println(b#174)
        panic#1046("assert_eq failed"))
    ()

letrec assert_neq =
λa#180, b#181.
    let %t23 = (let %t24 = CmpNe(a#180, b#181)
    case #4001206[synthetic]#1206 of
      true →
        MakeTuple()
      _ →
        let %t25 = assert_failed#170("assert_neq")
        panic#1046("assert_neq failed"))
    ()

letrec assert_true =
λx#185:Bool.
    let %t26 = (case x#185 of
      true →
        MakeTuple()
      _ →
        panic#1046("assert_true failed"))
    ()

letrec assert_false =
λx#188:Bool.
    let %t27 = (let %t28:Bool = Not(x#188)
    case #4001207[synthetic]#1207 of
      true →
        MakeTuple()
      _ →
        panic#1046("assert_false failed"))
    ()

letrec assert_gt =
λ__dict_Ord#1168:Box, a#191, b#192.
    let %t29 = (let %t30:Bool = Gt(a#191, b#192)
    case #4001208[synthetic]#1208 of
      true →
        MakeTuple()
      _ →
        panic#1046("assert_gt failed"))
    ()

letrec assert_lt =
λ__dict_Ord#1169:Box, a#195, b#196.
    let %t31 = (let %t32:Bool = ICmpLt(a#195, b#196)
    case #4001209[synthetic]#1209 of
      true →
        MakeTuple()
      _ →
        panic#1046("assert_lt failed"))
    ()

letrec assert_gte =
λ__dict_Ord#1170:Box, a#199, b#200.
    let %t33 = (let %t34:Bool = Ge(a#199, b#200)
    case #4001210[synthetic]#1210 of
      true →
        MakeTuple()
      _ →
        panic#1046("assert_gte failed"))
    ()

letrec assert_lte =
λ__dict_Ord#1171:Box, a#203, b#204.
    let %t35 = (let %t36 = (let %t37 = __dict_Ord#1171.2
    #4001211[synthetic]#1211(a#203, b#204))
    case #4001212[synthetic]#1212 of
      true →
        MakeTuple()
      _ →
        panic#1046("assert_lte failed"))
    ()

letrec assert_len =
λcollection#207, expected#208:Int.
    let actual#210:Box = Len(collection#207)
    let %t38 = (let %t39:Bool = Eq(actual#210, expected#208)
    case #4001213[synthetic]#1213 of
      true →
        MakeTuple()
      _ →
        panic#1046("assert_len failed"))
    ()

letrec assert_msg =
λcondition#212:Bool, message#213:Box.
    let %t40 = (case condition#212 of
      true →
        MakeTuple()
      _ →
        panic#1046(message#213))
    ()

letrec try_catch =
λf#216.
    Try(f#216)

letrec debug =
λx#218.
    let %t41 = (let %t42:Box = ToString(x#218)
    perform Debug.trace(#4001214[synthetic]#1214))
    x#218

letrec debug_labeled =
λlabel#221:Box, x#222.
    let %t43 = (let %t44 = (let %t45 = Add(label#221, " = ")
    let %t46:Box = ToString(x#222)
    Add(#4001215[synthetic]#1215, #4001216[synthetic]#1216))
    perform Debug.trace(#4001217[synthetic]#1217))
    x#222

letrec debug_with =
λf#225, x#226.
    let %t47 = (let %t48 = f#225(x#226)
    perform Debug.trace(#4001218[synthetic]#1218))
    x#226

letrec map =
λarr#229:Box, f#230.
    letrec map_go#231 = (λidx#232, acc#233.
      let %t49:Bool = (let %t50 = Len(arr#229)
      Ge(idx#232, #4001219[synthetic]#1219))
      case #4001220[synthetic]#1220 of
        true →
          acc#233
        _ →
          let %t51 = Index(arr#229, idx#232)
          case #4001221[synthetic]#1221 of
            Some(v#234) →
              let %t52 = Add(idx#232, 1)
              let %t53 = (let %t54 = f#230(v#234)
              push#316(acc#233, #4001223[synthetic]#1223))
              map_go#231(#4001222[synthetic]#1222, #4001224[synthetic]#1224)
            _ →
              let %t55 = Add(idx#232, 1)
              map_go#231(#4001225[synthetic]#1225, acc#233))
    let %t56:Box = MakeArray()
    map_go#231(0, #4001226[synthetic]#1226)

letrec filter =
λarr#236:Box, pred#237.
    letrec filter_go#238 = (λidx#239, acc#240.
      let %t57:Bool = (let %t58 = Len(arr#236)
      Ge(idx#239, #4001227[synthetic]#1227))
      case #4001228[synthetic]#1228 of
        true →
          acc#240
        _ →
          let %t59 = Index(arr#236, idx#239)
          case #4001229[synthetic]#1229 of
            Some(v#241) →
              let %t60 = pred#237(v#241)
              case #4001230[synthetic]#1230 of
                true →
                  let %t61 = Add(idx#239, 1)
                  let %t62 = push#316(acc#240, v#241)
                  filter_go#238(#4001231[synthetic]#1231, #4001232[synthetic]#1232)
                _ →
                  let %t63 = Add(idx#239, 1)
                  filter_go#238(#4001233[synthetic]#1233, acc#240)
            _ →
              let %t64:Int = IAdd(idx#239, 1)
              filter_go#238(#4001234[synthetic]#1234, acc#240))
    let %t65:Box = MakeArray()
    filter_go#238(0, #4001235[synthetic]#1235)

letrec fold =
λarr#243:Box, acc#244, f#245.
    letrec fold_go#246 = (λidx#247, a#248.
      let %t66:Bool = (let %t67 = Len(arr#243)
      Ge(idx#247, #4001236[synthetic]#1236))
      case #4001237[synthetic]#1237 of
        true →
          a#248
        _ →
          let %t68 = Index(arr#243, idx#247)
          case #4001238[synthetic]#1238 of
            Some(v#249:Int) →
              let %t69 = Add(idx#247, 1)
              let %t70 = f#245(a#248, v#249)
              fold_go#246(#4001239[synthetic]#1239, #4001240[synthetic]#1240)
            _ →
              let %t71 = Add(idx#247, 1)
              fold_go#246(#4001241[synthetic]#1241, a#248))
    fold_go#246(0, acc#244)

letrec each =
λarr#251:Box, f#252.
    letrec each_go#253 = (λidx#254.
      let %t72:Bool = (let %t73 = Len(arr#251)
      Ge(idx#254, #4001242[synthetic]#1242))
      case #4001243[synthetic]#1243 of
        true →
          MakeTuple()
        _ →
          let %t74 = Index(arr#251, idx#254)
          case #4001244[synthetic]#1244 of
            Some(v#255) →
              let %t75 = f#252(v#255)
              let %t76 = Add(idx#254, 1)
              each_go#253(#4001245[synthetic]#1245)
            _ →
              let %t77 = Add(idx#254, 1)
              each_go#253(#4001246[synthetic]#1246))
    each_go#253(0)

letrec any =
λarr#258:Box, pred#259.
    letrec any_go#260 = (λidx#261.
      let %t78:Bool = (let %t79 = Len(arr#258)
      ICmpGe(idx#261, #4001247[synthetic]#1247))
      case #4001248[synthetic]#1248 of
        true →
          false
        _ →
          let %t80 = Index(arr#258, idx#261)
          case #4001249[synthetic]#1249 of
            Some(v#262) →
              let %t81 = pred#259(v#262)
              case #4001250[synthetic]#1250 of
                true →
                  true
                _ →
                  let %t82 = Add(idx#261, 1)
                  any_go#260(#4001251[synthetic]#1251)
            _ →
              let %t83 = Add(idx#261, 1)
              any_go#260(#4001252[synthetic]#1252))
    any_go#260(0)

letrec all =
λarr#264:Box, pred#265.
    letrec all_go#266 = (λidx#267.
      let %t84:Bool = (let %t85 = Len(arr#264)
      ICmpGe(idx#267, #4001253[synthetic]#1253))
      case #4001254[synthetic]#1254 of
        true →
          true
        _ →
          let %t86 = Index(arr#264, idx#267)
          case #4001255[synthetic]#1255 of
            Some(v#268) →
              let %t87 = pred#265(v#268)
              case #4001256[synthetic]#1256 of
                true →
                  let %t88 = Add(idx#267, 1)
                  all_go#266(#4001257[synthetic]#1257)
                _ →
                  false
            _ →
              let %t89 = Add(idx#267, 1)
              all_go#266(#4001258[synthetic]#1258))
    all_go#266(0)

letrec find =
λarr#270:Box, pred#271.
    letrec find_go#272 = (λidx#273.
      let %t90:Bool = (let %t91 = Len(arr#270)
      Ge(idx#273, #4001259[synthetic]#1259))
      case #4001260[synthetic]#1260 of
        true →
          None
        _ →
          let %t92 = Index(arr#270, idx#273)
          case #4001261[synthetic]#1261 of
            Some(v#274) →
              let %t93 = pred#271(v#274)
              case #4001262[synthetic]#1262 of
                true →
                  Some(v#274)
                _ →
                  let %t94 = Add(idx#273, 1)
                  find_go#272(#4001263[synthetic]#1263)
            _ →
              let %t95 = Add(idx#273, 1)
              find_go#272(#4001264[synthetic]#1264))
    find_go#272(0)

letrec count =
λarr#276:Box, pred#277.
    letrec count_go#278 = (λidx#279, n#280.
      let %t96:Bool = (let %t97 = Len(arr#276)
      Ge(idx#279, #4001265[synthetic]#1265))
      case #4001266[synthetic]#1266 of
        true →
          n#280
        _ →
          let %t98 = Index(arr#276, idx#279)
          case #4001267[synthetic]#1267 of
            Some(v#281) →
              let %t99 = pred#277(v#281)
              case #4001268[synthetic]#1268 of
                true →
                  let %t100 = Add(idx#279, 1)
                  let %t101 = Add(n#280, 1)
                  count_go#278(#4001269[synthetic]#1269, #4001270[synthetic]#1270)
                _ →
                  let %t102 = Add(idx#279, 1)
                  count_go#278(#4001271[synthetic]#1271, n#280)
            _ →
              let %t103 = Add(idx#279, 1)
              count_go#278(#4001272[synthetic]#1272, n#280))
    count_go#278(0, 0)

letrec flat_map =
λarr#283:Box, f#284.
    letrec flat_map_go#285 = (λidx#286, acc#287.
      let %t104:Bool = (let %t105 = Len(arr#283)
      Ge(idx#286, #4001273[synthetic]#1273))
      case #4001274[synthetic]#1274 of
        true →
          acc#287
        _ →
          let %t106 = Index(arr#283, idx#286)
          case #4001275[synthetic]#1275 of
            Some(v#288) →
              let %t107 = Add(idx#286, 1)
              let %t108 = (let %t109 = f#284(v#288)
              concat#502(acc#287, #4001277[synthetic]#1277))
              flat_map_go#285(#4001276[synthetic]#1276, #4001278[synthetic]#1278)
            _ →
              let %t110 = Add(idx#286, 1)
              flat_map_go#285(#4001279[synthetic]#1279, acc#287))
    let %t111:Box = MakeArray()
    flat_map_go#285(0, #4001280[synthetic]#1280)

letrec flatten =
λarr#290:Box.
    letrec flatten_go#291 = (λidx#292, acc#293.
      let %t112:Bool = (let %t113 = Len(arr#290)
      Ge(idx#292, #4001281[synthetic]#1281))
      case #4001282[synthetic]#1282 of
        true →
          acc#293
        _ →
          let %t114 = Index(arr#290, idx#292)
          case #4001283[synthetic]#1283 of
            Some(v#294) →
              let %t115 = Add(idx#292, 1)
              let %t116 = concat#502(acc#293, v#294)
              flatten_go#291(#4001284[synthetic]#1284, #4001285[synthetic]#1285)
            _ →
              let %t117 = Add(idx#292, 1)
              flatten_go#291(#4001286[synthetic]#1286, acc#293))
    let %t118:Box = MakeArray()
    flatten_go#291(0, #4001287[synthetic]#1287)

letrec zip =
λa_arr#296:Box, b_arr#297:Box.
    let min_len#303:Box = (let %t119:Bool = (let %t120 = Len(a_arr#296)
    let %t121 = Len(b_arr#297)
    Lt(#4001288[synthetic]#1288, #4001289[synthetic]#1289))
    case #4001290[synthetic]#1290 of
      true →
        Len(a_arr#296)
      _ →
        Len(b_arr#297))
    letrec zip_go#298 = (λidx#299, acc#300.
      let %t122:Bool = Ge(idx#299, min_len#303)
      case #4001291[synthetic]#1291 of
        true →
          acc#300
        _ →
          let %t123 = Index(a_arr#296, idx#299)
          case #4001292[synthetic]#1292 of
            Some(va#301) →
              let %t124 = Index(b_arr#297, idx#299)
              case #4001293[synthetic]#1293 of
                Some(vb#302) →
                  let %t125 = Add(idx#299, 1)
                  let %t126 = (let %t127:Box = MakeTuple(va#301, vb#302)
                  push#316(acc#300, #4001295[synthetic]#1295))
                  zip_go#298(#4001294[synthetic]#1294, #4001296[synthetic]#1296)
                _ →
                  acc#300
            _ →
              acc#300)
    let %t128:Box = MakeArray()
    zip_go#298(0, #4001297[synthetic]#1297)

letrec contains =
λ__dict_Eq#1172:Box, arr#305:Box, x#306.
    let %t129:Box = (λv#307:Box.
      __tc_Eq_List<a>_eq#24(__dict_Eq#1172, v#307, x#306))
    any#504(arr#305, #4001298[synthetic]#1298)

letrec concat =
λleft#309, right#310.
    ArrayConcat(left#309, right#310)

letrec get =
λarr#312, i#313.
    ArrayGet(arr#312, i#313)

letrec length =
λarr#315:Box.
    ArrayLen(arr#315)

letrec push =
λarr#317, value#318.
    ArrayPush(arr#317, value#318)

letrec reverse =
λarr#320:Box.
    let %t130:Bool = (let %t131 = Len(arr#320)
    Eq(#4001299[synthetic]#1299, 0))
    case #4001300[synthetic]#1300 of
      true →
        MakeArray()
      _ →
        let %t132 = Index(arr#320, 0)
        case #4001301[synthetic]#1301 of
          Some(v#321) →
            let %t133 = (let %t134 = (let %t135 = Len(arr#320)
            slice#322(arr#320, 1, #4001302[synthetic]#1302))
            reverse#627(#4001303[synthetic]#1303))
            let %t136:Box = MakeArray(v#321)
            concat#502(#4001304[synthetic]#1304, #4001305[synthetic]#1305)
          _ →
            MakeArray()

letrec slice =
λarr#323, start#324, end#325.
    ArraySlice(arr#323, start#324, end#325)

letrec update =
λarr#327, index#328, value#329.
    ArraySet(arr#327, index#328, value#329)

letrec sum =
λarr#331:Box.
    let %t137:Box = (λa#332, x#333.
      Add(a#332, x#333))
    fold#467(arr#331, 0, #4001306[synthetic]#1306)

letrec product =
λarr#335:Box.
    let %t138:Box = (λa#336, x#337.
      Mul(a#336, x#337))
    fold#467(arr#335, 1, #4001307[synthetic]#1307)

letrec maximum =
λarr#339:Box.
    letrec maximum_go#341 = (λi#342, best#343.
      let %t139:Bool = (let %t140 = Len(arr#339)
      Ge(i#342, #4001308[synthetic]#1308))
      case #4001309[synthetic]#1309 of
        true →
          best#343
        _ →
          let %t141 = Index(arr#339, i#342)
          case #4001310[synthetic]#1310 of
            Some(v#344) →
              let %t142 = Add(i#342, 1)
              let %t143 = (let %t144:Bool = Gt(v#344, best#343)
              case #4001312[synthetic]#1312 of
                true →
                  v#344
                _ →
                  best#343)
              maximum_go#341(#4001311[synthetic]#1311, #4001313[synthetic]#1313)
            _ →
              let %t145 = Add(i#342, 1)
              maximum_go#341(#4001314[synthetic]#1314, best#343))
    let %t146:Bool = (let %t147 = Len(arr#339)
    Eq(#4001315[synthetic]#1315, 0))
    case #4001316[synthetic]#1316 of
      true →
        0
      _ →
        let %t148 = Index(arr#339, 0)
        case #4001317[synthetic]#1317 of
          Some(first#340) →
            maximum_go#341(1, first#340)
          _ →
            0

letrec minimum =
λarr#346:Box.
    letrec minimum_go#348 = (λi#349, best#350.
      let %t149:Bool = (let %t150 = Len(arr#346)
      Ge(i#349, #4001318[synthetic]#1318))
      case #4001319[synthetic]#1319 of
        true →
          best#350
        _ →
          let %t151 = Index(arr#346, i#349)
          case #4001320[synthetic]#1320 of
            Some(v#351) →
              let %t152 = Add(i#349, 1)
              let %t153 = (let %t154:Bool = Lt(v#351, best#350)
              case #4001322[synthetic]#1322 of
                true →
                  v#351
                _ →
                  best#350)
              minimum_go#348(#4001321[synthetic]#1321, #4001323[synthetic]#1323)
            _ →
              let %t155 = Add(i#349, 1)
              minimum_go#348(#4001324[synthetic]#1324, best#350))
    let %t156:Bool = (let %t157 = Len(arr#346)
    Eq(#4001325[synthetic]#1325, 0))
    case #4001326[synthetic]#1326 of
      true →
        0
      _ →
        let %t158 = Index(arr#346, 0)
        case #4001327[synthetic]#1327 of
          Some(first#347) →
            minimum_go#348(1, first#347)
          _ →
            0

letrec first =
λarr#353.
    Index(arr#353, 0)

letrec last =
λarr#355:Box.
    let n#356 = Len(arr#355)
    let %t159:Bool = Eq(n#356, 0)
    case #4001328[synthetic]#1328 of
      true →
        None
      _ →
        let %t160 = Sub(n#356, 1)
        Index(arr#355, #4001329[synthetic]#1329)

letrec range =
λstart#358:Int, stop#359:Int.
    letrec range_go#360 = (λi#361, acc#362.
      let %t161:Bool = Ge(i#361, stop#359)
      case #4001330[synthetic]#1330 of
        true →
          acc#362
        _ →
          let %t162 = Add(i#361, 1)
          let %t163 = push#316(acc#362, i#361)
          range_go#360(#4001331[synthetic]#1331, #4001332[synthetic]#1332))
    let %t164:Box = MakeArray()
    range_go#360(start#358, #4001333[synthetic]#1333)

letrec sort =
λ__dict_Ord#1173:Box, arr#364:Box.
    let %t165:Box = (λv#365.
      v#365)
    sort_by#587(__dict_Ord#1173, arr#364, #4001334[synthetic]#1334)

letrec sort_by =
λ__dict_Ord#1174:Box, arr#367:Box, f#368.
    letrec insert_tagged#374 = (λsorted#375, pair#376, idx#377.
      let %t166:Bool = (let %t167 = Len(sorted#375)
      Ge(idx#377, #4001335[synthetic]#1335))
      case #4001336[synthetic]#1336 of
        true →
          push#316(sorted#375, pair#376)
        _ →
          let %t168 = Index(sorted#375, idx#377)
          case #4001337[synthetic]#1337 of
            Some(current#378) →
              let %t169:Bool = (let %t170 = pair#376.0
              let %t171 = current#378.0
              Le(#4001338[synthetic]#1338, #4001339[synthetic]#1339))
              case #4001340[synthetic]#1340 of
                true →
                  let left#380:Int = slice#322(sorted#375, 0, idx#377)
                  let right#379:Int = (let %t172 = Len(sorted#375)
                  slice#322(sorted#375, idx#377, #4001341[synthetic]#1341))
                  let %t173 = (let %t174:Box = MakeArray(pair#376)
                  concat#502(left#380, #4001342[synthetic]#1342))
                  concat#502(#4001343[synthetic]#1343, right#379)
                _ →
                  let %t175 = Add(idx#377, 1)
                  insert_tagged#374(sorted#375, pair#376, #4001344[synthetic]#1344)
            _ →
              push#316(sorted#375, pair#376))
    letrec sort_by_go#370 = (λidx#371, pairs#372.
      let %t176:Bool = (let %t177 = Len(arr#367)
      Ge(idx#371, #4001345[synthetic]#1345))
      case #4001346[synthetic]#1346 of
        true →
          pairs#372
        _ →
          let %t178 = Index(arr#367, idx#371)
          case #4001347[synthetic]#1347 of
            Some(v#373) →
              let %t179 = Add(idx#371, 1)
              let %t180 = (let %t181:Box = (let %t182 = f#368(v#373)
              MakeTuple(#4001349[synthetic]#1349, v#373))
              insert_tagged#374(pairs#372, #4001350[synthetic]#1350, 0))
              sort_by_go#370(#4001348[synthetic]#1348, #4001351[synthetic]#1351)
            _ →
              let %t183 = Add(idx#371, 1)
              sort_by_go#370(#4001352[synthetic]#1352, pairs#372))
    let %t184 = (let %t185:Box = MakeArray()
    sort_by_go#370(0, #4001353[synthetic]#1353))
    let %t186:Box = (λp#369.
      p#369.1)
    map#451(#4001354[synthetic]#1354, #4001355[synthetic]#1355)

letrec take =
λarr#382:Box, n#383:Int.
    let %t187 = (let %t188:Bool = (let %t189 = Len(arr#382)
    Gt(n#383, #4001356[synthetic]#1356))
    case #4001357[synthetic]#1357 of
      true →
        Len(arr#382)
      _ →
        n#383)
    slice#322(arr#382, 0, #4001358[synthetic]#1358)

letrec drop =
λarr#385:Box, n#386:Int.
    let %t190 = (let %t191:Bool = (let %t192 = Len(arr#385)
    Gt(n#386, #4001359[synthetic]#1359))
    case #4001360[synthetic]#1360 of
      true →
        Len(arr#385)
      _ →
        n#386)
    let %t193 = Len(arr#385)
    slice#322(arr#385, #4001361[synthetic]#1361, #4001362[synthetic]#1362)

letrec swap =
λarr#388, i#389, j#390.
    let %t194 = Index(arr#388, i#389)
    case #4001363[synthetic]#1363 of
      Some(vi#391) →
        let %t195 = Index(arr#388, j#390)
        case #4001364[synthetic]#1364 of
          Some(vj#392) →
            let %t196 = update#326(arr#388, i#389, vj#392)
            update#326(#4001365[synthetic]#1365, j#390, vi#391)
          _ →
            arr#388
      _ →
        arr#388

letrec enumerate =
λarr#394:Box.
    letrec enumerate_go#395 = (λidx#396, acc#397.
      let %t197:Bool = (let %t198 = Len(arr#394)
      Ge(idx#396, #4001366[synthetic]#1366))
      case #4001367[synthetic]#1367 of
        true →
          acc#397
        _ →
          let %t199 = Index(arr#394, idx#396)
          case #4001368[synthetic]#1368 of
            Some(v#398) →
              let %t200 = Add(idx#396, 1)
              let %t201 = (let %t202:Box = MakeTuple(idx#396, v#398)
              push#316(acc#397, #4001370[synthetic]#1370))
              enumerate_go#395(#4001369[synthetic]#1369, #4001371[synthetic]#1371)
            _ →
              let %t203:Int = IAdd(idx#396, 1)
              enumerate_go#395(#4001372[synthetic]#1372, acc#397))
    let %t204:Box = MakeArray()
    enumerate_go#395(0, #4001373[synthetic]#1373)

letrec tabulate =
λn#400, f#401.
    letrec tabulate_go#402 = (λi#403, acc#404.
      let %t205:Bool = Ge(i#403, n#400)
      case #4001374[synthetic]#1374 of
        true →
          acc#404
        _ →
          let %t206 = Add(i#403, 1)
          let %t207 = (let %t208 = f#401(i#403)
          push#316(acc#404, #4001376[synthetic]#1376))
          tabulate_go#402(#4001375[synthetic]#1375, #4001377[synthetic]#1377))
    let %t209:Box = MakeArray()
    tabulate_go#402(0, #4001378[synthetic]#1378)

letrec from_list =
λxs#406.
    letrec from_list_go#407 = (λys#408, acc#409.
      case ys#408 of
        ::(h#410, t#411) →
          let %t210 = push#316(acc#409, h#410)
          from_list_go#407(t#411, #4001379[synthetic]#1379)
        _ →
          acc#409)
    let %t211:Box = MakeArray()
    from_list_go#407(xs#406, #4001380[synthetic]#1380)

letrec find_index =
λarr#413, pred#414.
    letrec find_index_go#415 = (λidx#416.
      let %t212:Bool = (let %t213 = Len(arr#413)
      Ge(idx#416, #4001381[synthetic]#1381))
      case #4001382[synthetic]#1382 of
        true →
          None
        _ →
          let %t214 = Index(arr#413, idx#416)
          case #4001383[synthetic]#1383 of
            Some(v#417) →
              let %t215 = pred#414(v#417)
              case #4001384[synthetic]#1384 of
                true →
                  Some(idx#416)
                _ →
                  let %t216 = Add(idx#416, 1)
                  find_index_go#415(#4001385[synthetic]#1385)
            _ →
              let %t217 = Add(idx#416, 1)
              find_index_go#415(#4001386[synthetic]#1386))
    find_index_go#415(0)

letrec each_indexed =
λarr#419, f#420.
    letrec each_indexed_go#421 = (λidx#422.
      let %t218:Bool = (let %t219 = Len(arr#419)
      Ge(idx#422, #4001387[synthetic]#1387))
      case #4001388[synthetic]#1388 of
        true →
          MakeTuple()
        _ →
          let %t220 = Index(arr#419, idx#422)
          case #4001389[synthetic]#1389 of
            Some(v#423) →
              let %t221 = f#420(idx#422, v#423)
              let %t222 = Add(idx#422, 1)
              each_indexed_go#421(#4001390[synthetic]#1390)
            _ →
              let %t223 = Add(idx#422, 1)
              each_indexed_go#421(#4001391[synthetic]#1391))
    each_indexed_go#421(0)

letrec update_many =
λarr#426, pairs#427.
    letrec update_many_go#428 = (λa#429, ps#430.
      case ps#430 of
        ::(p#431, rest#432) →
          let %t224 = (let %t225 = p#431.0
          let %t226 = p#431.1
          update#326(a#429, #4001392[synthetic]#1392, #4001393[synthetic]#1393))
          update_many_go#428(#4001394[synthetic]#1394, rest#432)
        _ →
          a#429)
    update_many_go#428(arr#426, pairs#427)

letrec accum =
λsize#434, init#435, pairs#436, f#437.
    let base#444:Box = (let %t227:Box = (λ_#445.
      init#435)
    tabulate#399(size#434, #4001395[synthetic]#1395))
    letrec accum_go#438 = (λa#439, ps#440.
      case ps#440 of
        ::(p#441, rest#442) →
          let %t228 = (let %t229 = p#441.0
          Index(a#439, #4001396[synthetic]#1396))
          case #4001397[synthetic]#1397 of
            Some(cur#443) →
              let %t230 = (let %t231 = p#441.0
              let %t232 = (let %t233 = p#441.1
              f#437(cur#443, #4001399[synthetic]#1399))
              update#326(a#439, #4001398[synthetic]#1398, #4001400[synthetic]#1400))
              accum_go#438(#4001401[synthetic]#1401, rest#442)
            _ →
              accum_go#438(a#439, rest#442)
        _ →
          a#439)
    accum_go#438(base#444, pairs#436)

letrec to_list =
λarr#447.
    letrec to_list_go#448 = (λidx#449.
      let %t234:Bool = (let %t235 = Len(arr#447)
      Ge(idx#449, #4001402[synthetic]#1402))
      case #4001403[synthetic]#1403 of
        true →
          []
        _ →
          let %t236 = Index(arr#447, idx#449)
          case #4001404[synthetic]#1404 of
            Some(v#450) →
              let %t237 = (let %t238 = Add(idx#449, 1)
              to_list_go#448(#4001405[synthetic]#1405))
              ::(v#450, #4001406[synthetic]#1406)
            _ →
              let %t239 = Add(idx#449, 1)
              to_list_go#448(#4001407[synthetic]#1407))
    to_list_go#448(0)

letrec map =
λxs#452:Box, f#453.
    letrec map_acc#454 = (λys#455, acc#456.
      case ys#455 of
        ::(h#457:Int, t#458:Box) →
          let %t240:Box = (let %t241 = f#453(h#457)
          ::(#4001408[synthetic]#1408, acc#456))
          map_acc#454(t#458, #4001409[synthetic]#1409)
        _ →
          reverse#627(acc#456))
    let %t242:Unit = []
    map_acc#454(xs#452, #4001410[synthetic]#1410)

letrec filter =
λxs#460:Box, pred#461.
    letrec filter_acc#462 = (λys#463, acc#464.
      case ys#463 of
        ::(h#465, t#466:Box) →
          let %t243 = pred#461(h#465)
          case #4001411[synthetic]#1411 of
            true →
              let %t244:Box = ::(h#465, acc#464)
              filter_acc#462(t#466, #4001412[synthetic]#1412)
            _ →
              filter_acc#462(t#466, acc#464)
        _ →
          reverse#627(acc#464))
    let %t245:Unit = []
    filter_acc#462(xs#460, #4001413[synthetic]#1413)

letrec fold =
λxs#468:Box, acc#469, f#470.
    letrec fold_list#471 = (λys#472, a#473.
      case ys#472 of
        ::(h#474, t#475:Box) →
          let %t246 = f#470(a#473, h#474)
          fold_list#471(t#475, #4001414[synthetic]#1414)
        _ →
          a#473)
    fold_list#471(xs#468, acc#469)

letrec foldr =
λxs#477:Box, acc#478, f#479.
    case xs#477 of
      ::(h#480, t#481:Box) →
        let %t247 = foldr#476(t#481, acc#478, f#479)
        f#479(h#480, #4001415[synthetic]#1415)
      _ →
        acc#478

letrec fold1 =
λxs#483:Box, f#484.
    case xs#483 of
      ::(h#485, t#486:Int) →
        fold#467(t#486, h#485, f#484)
      _ →
        panic#1046("fold1 called on empty list")

letrec flat_map =
λxs#488:Box, f#489.
    letrec flat_map_acc#490 = (λys#491, acc#492.
      case ys#491 of
        ::(h#493, t#494:Box) →
          let %t248 = (let %t249 = (let %t250 = f#489(h#493)
          reverse#627(#4001416[synthetic]#1416))
          append#745(#4001417[synthetic]#1417, acc#492))
          flat_map_acc#490(t#494, #4001418[synthetic]#1418)
        _ →
          reverse#627(acc#492))
    let %t251:Unit = []
    flat_map_acc#490(xs#488, #4001419[synthetic]#1419)

letrec flatten =
λxs#496:Box.
    letrec flatten_acc#497 = (λys#498, acc#499.
      case ys#498 of
        ::(h#500, t#501:Unit) →
          let %t252 = (let %t253 = reverse#627(h#500)
          append#745(#4001420[synthetic]#1420, acc#499))
          flatten_acc#497(t#501, #4001421[synthetic]#1421)
        _ →
          reverse#627(acc#499))
    let %t254:Unit = []
    flatten_acc#497(xs#496, #4001422[synthetic]#1422)

letrec concat =
λxss#503:Box.
    flatten#495(xss#503)

letrec any =
λxs#505:Box, pred#506.
    case xs#505 of
      ::(h#507, t#508:Int) →
        let %t255 = pred#506(h#507)
        case #4001423[synthetic]#1423 of
          true →
            true
          _ →
            any#504(t#508, pred#506)
      _ →
        false

letrec all =
λxs#510:Box, pred#511.
    case xs#510 of
      ::(h#512, t#513:Int) →
        let %t256 = pred#511(h#512)
        case #4001424[synthetic]#1424 of
          true →
            all#509(t#513, pred#511)
          _ →
            false
      _ →
        true

letrec find =
λxs#515:Box, pred#516.
    case xs#515 of
      ::(h#517, t#518:Int) →
        let %t257 = pred#516(h#517)
        case #4001425[synthetic]#1425 of
          true →
            Some(h#517)
          _ →
            find#514(t#518, pred#516)
      _ →
        None

letrec count =
λxs#520:Box, pred#521.
    letrec count_go#522 = (λys#523, n#524.
      case ys#523 of
        ::(h#525, t#526:Int) →
          let %t258 = pred#521(h#525)
          case #4001426[synthetic]#1426 of
            true →
              let %t259:Int = IAdd(n#524, 1)
              count_go#522(t#526, #4001427[synthetic]#1427)
            _ →
              count_go#522(t#526, n#524)
        _ →
          n#524)
    count_go#522(xs#520, 0)

letrec each =
λxs#528:Box, f#529.
    case xs#528 of
      ::(h#530, t#531:Box) →
        let %t260 = f#529(h#530)
        let %t261 = Flow.List#?[external].each
        #4001428[synthetic]#1428(t#531, f#529)
      _ →
        MakeTuple()

letrec take =
λxs#534:Box, n#535:Int.
    letrec take_acc#536 = (λys#537, remaining#538, acc#539.
      let %t262:Bool = ICmpLe(remaining#538, 0)
      case #4001429[synthetic]#1429 of
        true →
          reverse#627(acc#539)
        _ →
          case ys#537 of
            ::(h#540, t#541:Box) →
              let %t263:Int = ISub(remaining#538, 1)
              let %t264:Box = ::(h#540, acc#539)
              take_acc#536(t#541, #4001430[synthetic]#1430, #4001431[synthetic]#1431)
            _ →
              reverse#627(acc#539))
    let %t265:Unit = []
    take_acc#536(xs#534, n#535, #4001432[synthetic]#1432)

letrec drop =
λxs#543:Box, n#544:Int.
    let %t266:Bool = ICmpLe(n#544, 0)
    case #4001433[synthetic]#1433 of
      true →
        xs#543
      _ →
        case xs#543 of
          ::(h#545, t#546:Box) →
            let %t267:Int = ISub(n#544, 1)
            drop#542(t#546, #4001434[synthetic]#1434)
          _ →
            []

letrec take_while =
λxs#548:Box, pred#549.
    letrec take_while_acc#550 = (λys#551, acc#552.
      case ys#551 of
        ::(h#553, t#554:Box) →
          let %t268 = pred#549(h#553)
          case #4001435[synthetic]#1435 of
            true →
              let %t269:Box = ::(h#553, acc#552)
              take_while_acc#550(t#554, #4001436[synthetic]#1436)
            _ →
              reverse#627(acc#552)
        _ →
          reverse#627(acc#552))
    let %t270:Unit = []
    take_while_acc#550(xs#548, #4001437[synthetic]#1437)

letrec drop_while =
λxs#556:Box, pred#557.
    case xs#556 of
      ::(h#558, t#559:Box) →
        let %t271 = pred#557(h#558)
        case #4001438[synthetic]#1438 of
          true →
            drop_while#555(t#559, pred#557)
          _ →
            xs#556
      _ →
        []

letrec split_at =
λxs#561:Box, n#562:Int.
    let %t272:Bool = ICmpLe(n#562, 0)
    case #4001439[synthetic]#1439 of
      true →
        let %t273:Unit = []
        MakeTuple(#4001440[synthetic]#1440, xs#561)
      _ →
        case xs#561 of
          ::(h#563, t#564:Box) →
            let %t274 = (let %t275:Int = ISub(n#562, 1)
            split_at#560(t#564, #4001441[synthetic]#1441))
            case #4001442[synthetic]#1442 of
              (left#565:Box, right#566:Box) →
                let %t276:Box = ::(h#563, left#565)
                MakeTuple(#4001443[synthetic]#1443, right#566)
          _ →
            let %t277:Unit = []
            let %t278:Unit = []
            MakeTuple(#4001444[synthetic]#1444, #4001445[synthetic]#1445)

letrec span =
λxs#568:Box, pred#569.
    case xs#568 of
      ::(h#570, t#571:Box) →
        let %t279 = pred#569(h#570)
        case #4001446[synthetic]#1446 of
          true →
            let %t280 = span#567(t#571, pred#569)
            case #4001447[synthetic]#1447 of
              (left#572:Box, right#573:Box) →
                let %t281:Box = ::(h#570, left#572)
                MakeTuple(#4001448[synthetic]#1448, right#573)
          _ →
            let %t282:Unit = []
            MakeTuple(#4001449[synthetic]#1449, xs#568)
      _ →
        let %t283:Unit = []
        let %t284:Unit = []
        MakeTuple(#4001450[synthetic]#1450, #4001451[synthetic]#1451)

letrec scanl =
λxs#575:Box, acc#576, f#577.
    let %t285 = scanl_rest#778(xs#575, acc#576, f#577)
    ::(acc#576, #4001452[synthetic]#1452)

letrec scanr =
λxs#579:Box, acc#580, f#581.
    let %t286 = scanr_go#802(xs#579, acc#580, f#581)
    case #4001453[synthetic]#1453 of
      (result#582:Box, last_acc#583) →
        result#582

letrec sort =
λ__dict_Ord#1175:Box, xs#585:Box.
    let %t287:Box = (λx#586.
      x#586)
    merge_sort_by#821(xs#585, #4001454[synthetic]#1454)

letrec sort_by =
λ__dict_Ord#1176:Box, xs#588:Box, f#589.
    merge_sort_by#821(xs#588, f#589)

letrec first =
λxs#591.
    case xs#591 of
      ::(h#592, t#593) →
        h#592
      _ →
        None

letrec last =
λxs#595:Box.
    case xs#595 of
      ::(h#596:Box, t#597:Box) →
        case t#597 of
          ::(h2#598:Box, t2#599:Box) →
            last#594(t#597)
          _ →
            h#596
      _ →
        None

letrec rest =
λxs#601:Box.
    case xs#601 of
      ::(h#602, t#603:Box) →
        t#603
      _ →
        []

letrec length =
λxs#605:Box.
    letrec length_go#606 = (λys#607, acc#608.
      case ys#607 of
        ::(h#609, t#610:Box) →
          let %t288:Int = IAdd(acc#608, 1)
          length_go#606(t#610, #4001455[synthetic]#1455)
        _ →
          acc#608)
    length_go#606(xs#605, 0)

letrec init =
λxs#612:Box.
    case xs#612 of
      ::(h#613, t#614:Box) →
        case t#614 of
          ::(h2#615, t2#616:Box) →
            let %t289 = init#611(t#614)
            ::(h#613, #4001456[synthetic]#1456)
          _ →
            []
      _ →
        panic#1046("init called on empty list")

letrec null =
λxs#618:Box.
    case xs#618 of
      ::(h#619, t#620:Box) →
        false
      _ →
        true

letrec range =
λstart#622:Int, stop#623:Int.
    letrec range_go#624 = (λcurrent#625, acc#626.
      let %t290:Bool = ICmpGe(current#625, stop#623)
      case #4001457[synthetic]#1457 of
        true →
          reverse#627(acc#626)
        _ →
          let %t291:Int = IAdd(current#625, 1)
          let %t292:Box = ::(current#625, acc#626)
          range_go#624(#4001458[synthetic]#1458, #4001459[synthetic]#1459))
    let %t293:Unit = []
    range_go#624(start#622, #4001460[synthetic]#1460)

letrec reverse =
λxs#628:Box.
    letrec rev_acc#629 = (λys#630, acc#631.
      case ys#630 of
        ::(h#632, t#633:Box) →
          let %t294:Box = ::(h#632, acc#631)
          rev_acc#629(t#633, #4001461[synthetic]#1461)
        _ →
          acc#631)
    let %t295:Unit = []
    rev_acc#629(xs#628, #4001462[synthetic]#1462)

letrec zip =
λxs#635:Box, ys#636:Box.
    let %t296 = (let %t297:Unit = []
    zip_go#839(xs#635, ys#636, #4001463[synthetic]#1463))
    reverse#627(#4001464[synthetic]#1464)

letrec zip_with =
λxs#638:Box, ys#639:Box, f#640.
    let %t298 = (let %t299:Unit = []
    zip_with_go#847(xs#638, ys#639, f#640, #4001465[synthetic]#1465))
    reverse#627(#4001466[synthetic]#1466)

letrec unzip =
λxs#642:Box.
    case xs#642 of
      ::((a#643, b#644), t#645:Box) →
        let %t300 = unzip#641(t#645)
        case #4001467[synthetic]#1467 of
          (left#646:Box, right#647:Box) →
            let %t301:Box = ::(a#643, left#646)
            let %t302:Box = ::(b#644, right#647)
            MakeTuple(#4001468[synthetic]#1468, #4001469[synthetic]#1469)
      _ →
        let %t303:Unit = []
        let %t304:Unit = []
        MakeTuple(#4001470[synthetic]#1470, #4001471[synthetic]#1471)

letrec enumerate =
λxs#649:Box.
    enumerate_go#763(xs#649, 0)

letrec contains =
λ__dict_Eq#1177:Box, xs#651:Box, x#652.
    case xs#651 of
      ::(h#653, t#654:Box) →
        let %t305 = (let %t306 = __dict_Eq#1177.0
        #4001472[synthetic]#1472(h#653, x#652))
        case #4001473[synthetic]#1473 of
          true →
            true
          _ →
            contains#650(__dict_Eq#1177, t#654, x#652)
      _ →
        false

letrec nub =
λ__dict_Eq#1178:Box, xs#656:Box.
    let %t307:Box = (λx#657.
      x#657)
    unique_by#720(__dict_Eq#1178, xs#656, #4001474[synthetic]#1474)

letrec partition =
λxs#659:Box, pred#660.
    case xs#659 of
      ::(h#661, t#662:Box) →
        let %t308 = partition#658(t#662, pred#660)
        case #4001475[synthetic]#1475 of
          (yes#663:Box, no#664:Box) →
            let %t309 = pred#660(h#661)
            case #4001476[synthetic]#1476 of
              true →
                let %t310:Box = ::(h#661, yes#663)
                MakeTuple(#4001477[synthetic]#1477, no#664)
              _ →
                let %t311:Box = ::(h#661, no#664)
                MakeTuple(yes#663, #4001478[synthetic]#1478)
      _ →
        let %t312:Unit = []
        let %t313:Unit = []
        MakeTuple(#4001479[synthetic]#1479, #4001480[synthetic]#1480)

letrec delete =
λ__dict_Eq#1179:Box, xs#666:Box, x#667.
    delete_go#668(xs#666, x#667)

letrec delete_go =
λxs#669, x#670.
    let %t314:Unit = []
    delete_go_acc#671(xs#669, x#670, #4001481[synthetic]#1481)

letrec delete_go_acc =
λxs#672, x#673, acc#674.
    case xs#672 of
      ::(h#675, t#676:Box) →
        let %t315:Bool = Eq(h#675, x#673)
        case #4001482[synthetic]#1482 of
          true →
            let %t316 = reverse#627(acc#674)
            let %t317 = clone_list#677(t#676)
            append#745(#4001483[synthetic]#1483, #4001484[synthetic]#1484)
          _ →
            let %t318:Box = ::(h#675, acc#674)
            delete_go_acc#671(t#676, x#673, #4001485[synthetic]#1485)
      _ →
        reverse#627(acc#674)

letrec clone_list =
λxs#678.
    case xs#678 of
      ::(h#679, t#680:Box) →
        let %t319 = clone_list#677(t#680)
        ::(h#679, #4001486[synthetic]#1486)
      _ →
        []

letrec intersperse =
λxs#682:Box, sep#683.
    case xs#682 of
      ::(h#684, t#685:Box) →
        let %t320 = intersperse_rest#768(t#685, sep#683)
        ::(h#684, #4001487[synthetic]#1487)
      _ →
        []

letrec intercalate =
λxss#687:Box, sep#688:Box.
    let %t321 = intersperse#681(xss#687, sep#688)
    concat#502(#4001488[synthetic]#1488)

letrec is_prefix =
λ__dict_Eq#1180:Box, prefix#690:Box, xs#691:Box.
    case prefix#690 of
      ::(p#692, pt#693:Box) →
        case xs#691 of
          ::(x#694, xt#695:Box) →
            let %t322 = (let %t323 = __dict_Eq#1180.0
            #4001489[synthetic]#1489(p#692, x#694))
            case #4001490[synthetic]#1490 of
              true →
                is_prefix#689(__dict_Eq#1180, pt#693, xt#695)
              _ →
                false
          _ →
            false
      _ →
        true

letrec is_suffix =
λ__dict_Eq#1181:Box, suffix#697:Box, xs#698:Box.
    let %t324 = reverse#627(suffix#697)
    let %t325 = reverse#627(xs#698)
    is_prefix#689(__dict_Eq#1181, #4001491[synthetic]#1491, #4001492[synthetic]#1492)

letrec nth =
λxs#700:Box, n#701:Int.
    let %t326:Bool = ICmpLt(n#701, 0)
    case #4001493[synthetic]#1493 of
      true →
        None
      _ →
        case xs#700 of
          ::(h#702, t#703:Box) →
            let %t327:Bool = ICmpEq(n#701, 0)
            case #4001494[synthetic]#1494 of
              true →
                Some(h#702)
              _ →
                let %t328:Int = ISub(n#701, 1)
                nth#699(t#703, #4001495[synthetic]#1495)
          _ →
            None

letrec replicate =
λn#705:Int, x#706.
    let %t329:Bool = ICmpLe(n#705, 0)
    case #4001496[synthetic]#1496 of
      true →
        []
      _ →
        let %t330 = (let %t331:Int = ISub(n#705, 1)
        replicate#704(#4001497[synthetic]#1497, x#706))
        ::(x#706, #4001498[synthetic]#1498)

letrec iterate =
λx#708, f#709, n#710:Int.
    let %t332:Bool = ICmpLe(n#710, 0)
    case #4001499[synthetic]#1499 of
      true →
        []
      _ →
        let %t333 = (let %t334 = f#709(x#708)
        let %t335:Int = ISub(n#710, 1)
        iterate#707(#4001500[synthetic]#1500, f#709, #4001501[synthetic]#1501))
        ::(x#708, #4001502[synthetic]#1502)

letrec unfold =
λseed#712, f#713.
    let %t336 = f#713(seed#712)
    case #4001503[synthetic]#1503 of
      Some(step#714:Box) →
        let %t337 = step#714.0
        let %t338 = (let %t339 = step#714.1
        unfold#711(#4001505[synthetic]#1505, f#713))
        ::(#4001504[synthetic]#1504, #4001506[synthetic]#1506)
      _ →
        []

letrec group_by =
λxs#716:Box, eq#717.
    case xs#716 of
      ::(h#718, t#719:Box) →
        group_by_head#856(h#718, t#719, eq#717)
      _ →
        []

letrec unique_by =
λ__dict_Eq#1182:Box, xs#721:Box, f#722.
    let %t340 = (let %t341:Unit = []
    let %t342:Unit = []
    unique_by_go#788(xs#721, f#722, #4001507[synthetic]#1507, #4001508[synthetic]#1508))
    reverse#627(#4001509[synthetic]#1509)

letrec maximum =
λ__dict_Ord#1183:Box, xs#724:Box.
    case xs#724 of
      ::(h#725, t#726:Box) →
        let %t343 = maximum_go#863(t#726, h#725)
        Some(#4001510[synthetic]#1510)
      _ →
        None

letrec minimum =
λ__dict_Ord#1184:Box, xs#728:Box.
    case xs#728 of
      ::(h#729, t#730:Box) →
        let %t344 = minimum_go#868(t#730, h#729)
        Some(#4001511[synthetic]#1511)
      _ →
        None

letrec sum =
λxs#732:Box.
    letrec sum_go#733 = (λys#734, acc#735.
      case ys#734 of
        ::(h#736:Int, t#737:Box) →
          let %t345:Int = IAdd(acc#735, h#736)
          sum_go#733(t#737, #4001512[synthetic]#1512)
        _ →
          acc#735)
    sum_go#733(xs#732, 0)

letrec product =
λxs#739:Box.
    letrec product_go#740 = (λys#741, acc#742.
      case ys#741 of
        ::(h#743:Int, t#744:Box) →
          let %t346:Int = IMul(acc#742, h#743)
          product_go#740(t#744, #4001513[synthetic]#1513)
        _ →
          acc#742)
    product_go#740(xs#739, 1)

letrec append =
λxs#746, ys#747.
    case xs#746 of
      ::(h#748, t#749:Box) →
        let %t347 = append#745(t#749, ys#747)
        ::(h#748, #4001514[synthetic]#1514)
      _ →
        ys#747

letrec break_at =
λxs#751:Box, pred#752.
    let %t348:Box = (λx#753.
      let %t349 = pred#752(x#753)
      Not(#4001515[synthetic]#1515))
    span#567(xs#751, #4001516[synthetic]#1516)

letrec lookup =
λ__dict_Eq#1185:Box, xs#755:Box, key#756.
    case xs#755 of
      ::((k#757, v#758), t#759:Box) →
        let %t350 = (let %t351 = __dict_Eq#1185.0
        #4001517[synthetic]#1517(k#757, key#756))
        case #4001518[synthetic]#1518 of
          true →
            Some(v#758)
          _ →
            lookup#754(__dict_Eq#1185, t#759, key#756)
      _ →
        None

letrec not_elem =
λ__dict_Eq#1186:Box, xs#761:Box, x#762.
    let %t352 = contains#650(__dict_Eq#1186, xs#761, x#762)
    Not(#4001519[synthetic]#1519)

letrec enumerate_go =
λxs#764, i#765.
    case xs#764 of
      ::(h#766, t#767:Box) →
        let %t353:Box = MakeTuple(i#765, h#766)
        let %t354 = (let %t355:Int = IAdd(i#765, 1)
        enumerate_go#763(t#767, #4001521[synthetic]#1521))
        ::(#4001520[synthetic]#1520, #4001522[synthetic]#1522)
      _ →
        []

letrec intersperse_rest =
λxs#769, sep#770.
    case xs#769 of
      ::(h#771, t#772:Box) →
        let %t356:Box = (let %t357 = intersperse_rest#768(t#772, sep#770)
        ::(h#771, #4001523[synthetic]#1523))
        ::(sep#770, #4001524[synthetic]#1524)
      _ →
        []

letrec intercalate_rest =
λxss#774, sep#775.
    case xss#774 of
      ::(h#776:Box, t#777:Box) →
        let %t358 = (let %t359 = intercalate_rest#773(t#777, sep#775)
        append#745(h#776, #4001525[synthetic]#1525))
        append#745(sep#775, #4001526[synthetic]#1526)
      _ →
        []

letrec scanl_rest =
λxs#779, acc#780, f#781.
    case xs#779 of
      ::(h#782, t#783) →
        let %t360 = f#781(acc#780, h#782)
        scanl_emit#784(t#783, #4001527[synthetic]#1527, f#781)
      _ →
        []

letrec scanl_emit =
λxs#785, next#786, f#787.
    let %t361 = scanl_rest#778(xs#785, next#786, f#787)
    ::(next#786, #4001528[synthetic]#1528)

letrec unique_by_go =
λxs#789, f#790, seen#791, acc#792.
    case xs#789 of
      ::(h#793, t#794) →
        let %t362 = f#790(h#793)
        unique_by_step#795(t#794, h#793, #4001529[synthetic]#1529, f#790, seen#791, acc#792)
      _ →
        acc#792

letrec unique_by_step =
λxs#796, value#797, key#798, f#799, seen#800, acc#801.
    let %t363 = contains#650(__dict_Eq_Int#?[external], seen#800, key#798)
    case #4001530[synthetic]#1530 of
      true →
        unique_by_go#788(xs#796, f#799, seen#800, acc#801)
      _ →
        let %t364:Box = ::(key#798, seen#800)
        let %t365:Box = ::(value#797, acc#801)
        unique_by_go#788(xs#796, f#799, #4001531[synthetic]#1531, #4001532[synthetic]#1532)

letrec scanr_go =
λxs#803, acc#804, f#805.
    case xs#803 of
      ::(h#806, t#807:Box) →
        let %t366 = scanr_go#802(t#807, acc#804, f#805)
        scanr_step#808(h#806, #4001533[synthetic]#1533, acc#804, f#805)
      _ →
        let %t367:Box = MakeList(acc#804)
        MakeTuple(#4001534[synthetic]#1534, acc#804)

letrec scanr_step =
λh#809, state#810, acc#811, f#812.
    case state#810 of
      (rest#813, next_acc#814) →
        scanr_finish#815(rest#813, next_acc#814, h#809, f#812)

letrec scanr_finish =
λrest#816, next_acc#817, h#818, f#819.
    let current#820 = f#819(h#818, next_acc#817)
    let %t368:Box = ::(current#820, rest#816)
    MakeTuple(#4001535[synthetic]#1535, current#820)

letrec merge_sort_by =
λxs#822, key_fn#823.
    case xs#822 of
      ::(_, t#824:Box) →
        case t#824 of
          ::(_, _) →
            merge_sort_do#825(xs#822, key_fn#823)
          _ →
            xs#822
      _ →
        xs#822

letrec merge_sort_do =
λxs#826, key_fn#827.
    let mid#830:Int = (let %t369 = length#604(xs#826)
    IDiv(#4001536[synthetic]#1536, 2))
    let %t370 = split_at#560(xs#826, mid#830)
    case #4001537[synthetic]#1537 of
      (left#828:Box, right#829:Box) →
        let %t371 = merge_sort_by#821(left#828, key_fn#827)
        let %t372 = merge_sort_by#821(right#829, key_fn#827)
        merge_by_key#831(#4001538[synthetic]#1538, #4001539[synthetic]#1539, key_fn#827)

letrec merge_by_key =
λleft#832, right#833, key_fn#834.
    case left#832 of
      ::(a#835, at#836:Box) →
        case right#833 of
          ::(b#837, bt#838:Box) →
            let %t373:Bool = (let %t374 = key_fn#834(a#835)
            let %t375 = key_fn#834(b#837)
            Le(#4001540[synthetic]#1540, #4001541[synthetic]#1541))
            case #4001542[synthetic]#1542 of
              true →
                let %t376 = merge_by_key#831(at#836, right#833, key_fn#834)
                ::(a#835, #4001543[synthetic]#1543)
              _ →
                let %t377 = merge_by_key#831(left#832, bt#838, key_fn#834)
                ::(b#837, #4001544[synthetic]#1544)
          _ →
            left#832
      _ →
        right#833

letrec zip_go =
λxs#840, ys#841, acc#842.
    case xs#840 of
      ::(a#843, at#844:Box) →
        case ys#841 of
          ::(b#845, bt#846:Box) →
            let %t378:Box = (let %t379:Box = MakeTuple(a#843, b#845)
            ::(#4001545[synthetic]#1545, acc#842))
            zip_go#839(at#844, bt#846, #4001546[synthetic]#1546)
          _ →
            acc#842
      _ →
        acc#842

letrec zip_with_go =
λxs#848, ys#849, f#850, acc#851.
    case xs#848 of
      ::(a#852, at#853:Box) →
        case ys#849 of
          ::(b#854, bt#855:Box) →
            let %t380:Box = (let %t381 = f#850(a#852, b#854)
            ::(#4001547[synthetic]#1547, acc#851))
            zip_with_go#847(at#853, bt#855, f#850, #4001548[synthetic]#1548)
          _ →
            acc#851
      _ →
        acc#851

letrec group_by_head =
λh#857, t#858, eq#859.
    let %t382 = (let %t383:Box = (λx#860.
      eq#859(h#857, x#860))
    span#567(t#858, #4001549[synthetic]#1549))
    case #4001550[synthetic]#1550 of
      (prefix#861:Box, rest#862:Box) →
        let %t384:Box = ::(h#857, prefix#861)
        let %t385 = group_by#715(rest#862, eq#859)
        ::(#4001551[synthetic]#1551, #4001552[synthetic]#1552)

letrec maximum_go =
λxs#864, best#865.
    case xs#864 of
      ::(h#866, t#867:Box) →
        let %t386 = (let %t387:Bool = Gt(h#866, best#865)
        case #4001553[synthetic]#1553 of
          true →
            h#866
          _ →
            best#865)
        maximum_go#863(t#867, #4001554[synthetic]#1554)
      _ →
        best#865

letrec minimum_go =
λxs#869, best#870.
    case xs#869 of
      ::(h#871, t#872:Box) →
        let %t388 = (let %t389:Bool = Lt(h#871, best#870)
        case #4001555[synthetic]#1555 of
          true →
            h#871
          _ →
            best#870)
        minimum_go#868(t#872, #4001556[synthetic]#1556)
      _ →
        best#870

letrec to_array =
λxs#874:Box.
    letrec to_array_go#875 = (λys#876, acc#877.
      case ys#876 of
        ::(h#878, t#879:Box) →
          let %t390 = (let %t391 = Array#?[external].push
          #4001557[synthetic]#1557(acc#877, h#878))
          to_array_go#875(t#879, #4001558[synthetic]#1558)
        _ →
          acc#877)
    let %t392:Box = MakeArray()
    to_array_go#875(xs#874, #4001559[synthetic]#1559)

letrec either =
λe#881:Box, on_left#882, on_right#883.
    case e#881 of
      Left(x#884) →
        on_left#882(x#884)
      Right(y#885) →
        on_right#883(y#885)

letrec lefts =
λxs#887:Box.
    letrec lefts_acc#888 = (λys#889, acc#890.
      case ys#889 of
        ::(Left(x#891), t#892:Box) →
          let %t393:Box = ::(x#891, acc#890)
          lefts_acc#888(t#892, #4001560[synthetic]#1560)
        ::(Right(_), t#893:Box) →
          lefts_acc#888(t#893, acc#890)
        _ →
          let %t394 = List#?[external].reverse
          #4001561[synthetic]#1561(acc#890))
    let %t395:Unit = []
    lefts_acc#888(xs#887, #4001562[synthetic]#1562)

letrec rights =
λxs#895:Box.
    letrec rights_acc#896 = (λys#897, acc#898.
      case ys#897 of
        ::(Right(y#899), t#900:Int) →
          let %t396:Box = ::(y#899, acc#898)
          rights_acc#896(t#900, #4001563[synthetic]#1563)
        ::(Left(_), t#901:Int) →
          rights_acc#896(t#901, acc#898)
        _ →
          let %t397 = List#?[external].reverse
          #4001564[synthetic]#1564(acc#898))
    let %t398:Unit = []
    rights_acc#896(xs#895, #4001565[synthetic]#1565)

letrec partition_eithers =
λxs#903:Box.
    letrec partition_acc#904 = (λys#905, ls#906, rs#907.
      case ys#905 of
        ::(Left(x#908), t#909:Box) →
          let %t399:Box = ::(x#908, ls#906)
          partition_acc#904(t#909, #4001566[synthetic]#1566, rs#907)
        ::(Right(y#910), t#911:Box) →
          let %t400:Box = ::(y#910, rs#907)
          partition_acc#904(t#911, ls#906, #4001567[synthetic]#1567)
        _ →
          let %t401 = (let %t402 = List#?[external].reverse
          #4001568[synthetic]#1568(ls#906))
          let %t403 = (let %t404 = List#?[external].reverse
          #4001570[synthetic]#1570(rs#907))
          MakeTuple(#4001569[synthetic]#1569, #4001571[synthetic]#1571))
    let %t405:Unit = []
    let %t406:Unit = []
    partition_acc#904(xs#903, #4001572[synthetic]#1572, #4001573[synthetic]#1573)

letrec print_all =
λarr#913:Box.
    letrec pa_go#915 = (λi#916.
      let %t407:Bool = (let %t408 = Len(arr#913)
      Lt(i#916, #4001574[synthetic]#1574))
      case #4001575[synthetic]#1575 of
        true →
          let %t409 = (let %t410 = Index(arr#913, i#916)
          case #4001576[synthetic]#1576 of
            Some(v#918) →
              perform Console.print(v#918)
            _ →
              perform Console.print(""))
          let %t411 = Add(i#916, 1)
          pa_go#915(#4001577[synthetic]#1577)
        _ →
          MakeTuple())
    let %t412 = pa_go#915(0)
    ()

letrec println_all =
λarr#920:Box.
    letrec pla_go#922 = (λi#923.
      let %t413:Bool = (let %t414 = Len(arr#920)
      Lt(i#923, #4001578[synthetic]#1578))
      case #4001579[synthetic]#1579 of
        true →
          let %t415 = (let %t416 = Index(arr#920, i#923)
          case #4001580[synthetic]#1580 of
            Some(v#925) →
              perform Console.println(v#925)
            _ →
              perform Console.println(""))
          let %t417 = Add(i#923, 1)
          pla_go#922(#4001581[synthetic]#1581)
        _ →
          MakeTuple())
    let %t418 = pla_go#922(0)
    ()

letrec read_lines =
λpath#927:Box.
    let content#928:Box = perform FileSystem.read_file(path#927)
    Split(content#928, "\n")

letrec parse_ints =
λarr#930:Box.
    letrec pi_go#931 = (λi#932, result#933.
      let %t419:Bool = (let %t420 = Len(arr#930)
      Ge(i#932, #4001582[synthetic]#1582))
      case #4001583[synthetic]#1583 of
        true →
          result#933
        _ →
          let %t421 = Index(arr#930, i#932)
          case #4001584[synthetic]#1584 of
            Some(s#934) →
              let %t422 = Add(i#932, 1)
              let %t423 = (let %t424 = Array#?[external].push
              let %t425 = ParseInt(s#934)
              #4001586[synthetic]#1586(result#933, #4001587[synthetic]#1587))
              pi_go#931(#4001585[synthetic]#1585, #4001588[synthetic]#1588)
            _ →
              let %t426 = Add(i#932, 1)
              pi_go#931(#4001589[synthetic]#1589, result#933))
    let %t427:Box = MakeArray()
    pi_go#931(0, #4001590[synthetic]#1590)

letrec split_ints =
λs#936:Box, sep#937:Box.
    let parts#938:Box = Split(s#936, sep#937)
    parse_ints#929(parts#938)

def pi : List<Int> =
3.141592653589793

letrec sqrt =
λx#941:Float.
    FSqrt(x#941)

letrec exp =
λx#943:Float.
    FExp(x#943)

letrec log =
λx#945:Float.
    FLog(x#945)

letrec sin =
λx#947:Float.
    FSin(x#947)

letrec cos =
λx#949:Float.
    FCos(x#949)

letrec tan =
λx#951:Float.
    FTan(x#951)

letrec asin =
λx#953:Float.
    FAsin(x#953)

letrec acos =
λx#955:Float.
    FAcos(x#955)

letrec atan =
λx#957:Float.
    FAtan(x#957)

letrec sinh =
λx#959:Float.
    FSinh(x#959)

letrec cosh =
λx#961:Float.
    FCosh(x#961)

letrec tanh =
λx#963:Float.
    FTanh(x#963)

letrec floor =
λx#965:Float.
    FFloor(x#965)

letrec ceil =
λx#967:Float.
    FCeil(x#967)

letrec round =
λx#969:Float.
    FRound(x#969)

letrec truncate =
λx#971:Float.
    FTruncate(x#971)

letrec even =
λn#973:Int.
    let %t428 = Mod(n#973, 2)
    ICmpEq(#4001591[synthetic]#1591, 0)

letrec odd =
λn#975:Int.
    let %t429 = Mod(n#975, 2)
    NEq(#4001592[synthetic]#1592, 0)

letrec gcd =
λa#977:Int, b#978:Int.
    let aa#983:Box = (let %t430:Bool = Lt(a#977, 0)
    case #4001593[synthetic]#1593 of
      true →
        Sub(0, a#977)
      _ →
        a#977)
    let bb#982:Box = (let %t431:Bool = Lt(b#978, 0)
    case #4001594[synthetic]#1594 of
      true →
        Sub(0, b#978)
      _ →
        b#978)
    letrec gcd_go#979 = (λx#980, y#981.
      let %t432:Bool = Eq(y#981, 0)
      case #4001595[synthetic]#1595 of
        true →
          x#980
        _ →
          let %t433:Int = IMod(x#980, y#981)
          gcd_go#979(y#981, #4001596[synthetic]#1596))
    gcd_go#979(aa#983, bb#982)

letrec lcm =
λa#985:Int, b#986:Int.
    let %t434:Bool = Eq(a#985, 0)
    case #4001597[synthetic]#1597 of
      true →
        0
      _ →
        let %t435:Bool = Eq(b#986, 0)
        case #4001598[synthetic]#1598 of
          true →
            0
          _ →
            let g#989:Box = gcd#976(a#985, b#986)
            let q#988:Box = Div(a#985, g#989)
            let %t436:Bool = (let %t437:Int = IMul(q#988, b#986)
            Lt(#4001599[synthetic]#1599, 0))
            case #4001600[synthetic]#1600 of
              true →
                let %t438:Int = IMul(q#988, b#986)
                Sub(0, #4001601[synthetic]#1601)
              _ →
                IMul(q#988, b#986)

letrec signum =
λn#991:Int.
    let %t439:Bool = Gt(n#991, 0)
    case #4001602[synthetic]#1602 of
      true →
        1
      _ →
        let %t440:Bool = Lt(n#991, 0)
        case #4001603[synthetic]#1603 of
          true →
            -1
          _ →
            0

letrec div =
λa#993:Int, b#994:Int.
    let q#996:Box = Div(a#993, b#994)
    let r#995:Int = Mod(a#993, b#994)
    let %t441:Bool = (let %t442:Bool = NEq(r#995, 0)
    let %t443:Bool = (let %t444:Bool = Lt(a#993, 0)
    let %t445:Bool = Lt(b#994, 0)
    NEq(#4001605[synthetic]#1605, #4001606[synthetic]#1606))
    And(#4001604[synthetic]#1604, #4001607[synthetic]#1607))
    case #4001608[synthetic]#1608 of
      true →
        Sub(q#996, 1)
      _ →
        q#996

letrec mod =
λa#998:Int, b#999:Int.
    let r#1000:Int = Mod(a#998, b#999)
    let %t446:Bool = (let %t447:Bool = NEq(r#1000, 0)
    let %t448:Bool = (let %t449:Bool = ICmpLt(r#1000, 0)
    let %t450:Bool = ICmpLt(b#999, 0)
    NEq(#4001610[synthetic]#1610, #4001611[synthetic]#1611))
    And(#4001609[synthetic]#1609, #4001612[synthetic]#1612))
    case #4001613[synthetic]#1613 of
      true →
        Add(r#1000, b#999)
      _ →
        r#1000

letrec unwrap =
λopt#1002:Box.
    case opt#1002 of
      Some(v#1003) →
        v#1003
      _ →
        panic#1046("unwrap called on None")

letrec unwrap_or =
λopt#1005:Box, default#1006.
    case opt#1005 of
      Some(v#1007) →
        v#1007
      _ →
        default#1006

letrec map_option =
λopt#1009:Box, f#1010.
    case opt#1009 of
      Some(v#1011) →
        let %t451 = f#1010(v#1011)
        Some(#4001614[synthetic]#1614)
      _ →
        None

letrec flat_map_option =
λopt#1013:Box, f#1014.
    case opt#1013 of
      Some(v#1015:Int) →
        f#1014(v#1015)
      _ →
        None

letrec is_some =
λopt#1017:Box.
    case opt#1017 of
      Some(_) →
        true
      _ →
        false

letrec is_none_opt =
λopt#1019:Box.
    case opt#1019 of
      Some(_) →
        false
      _ →
        true

letrec print =
λx#1021.
    Print(x#1021)

letrec println =
λx#1023.
    Println(x#1023)

letrec read_file =
λpath#1025:Box.
    ReadFile(path#1025)

letrec read_lines =
λpath#1027:Box.
    ReadLines(path#1027)

letrec write_file =
λpath#1029:Box, contents#1030:Box.
    WriteFile(path#1029, contents#1030)

letrec read_stdin =
λ.
    ReadStdin()

letrec clock_now =
λ.
    ClockNow()

letrec now_ms =
λ.
    ClockNow()

letrec idiv =
λa#1035:Int, b#1036:Int.
    IDiv(a#1035, b#1036)

letrec imod =
λa#1038:Int, b#1039:Int.
    IMod(a#1038, b#1039)

letrec index =
λxs#1041:Box, i#1042:Int.
    Index(xs#1041, i#1042)

letrec array_get =
λarr#1044:Box, i#1045:Int.
    ArrayGet(arr#1044, i#1045)

letrec panic =
λmessage#1047:Box.
    Panic(message#1047)

letrec __primop_print =
λx#1049.
    Print(x#1049)

letrec __primop_println =
λx#1051.
    Println(x#1051)

letrec __primop_read_file =
λpath#1053:Box.
    ReadFile(path#1053)

letrec __primop_read_lines =
λpath#1055:Box.
    ReadLines(path#1055)

letrec __primop_write_file =
λpath#1057:Box, contents#1058:Box.
    WriteFile(path#1057, contents#1058)

letrec __primop_read_stdin =
λ.
    ReadStdin()

letrec __primop_clock_now =
λ.
    ClockNow()

letrec __primop_now_ms =
λ.
    ClockNow()

letrec __primop_debug_trace =
λmsg#1063:Box.
    DebugTrace(msg#1063)

letrec starts_with =
λs#1065:Box, prefix#1066:Box.
    let plen#1067:Int = Len(prefix#1066)
    let %t452:Bool = (let %t453 = Len(s#1065)
    Gt(plen#1067, #4001615[synthetic]#1615))
    case #4001616[synthetic]#1616 of
      true →
        false
      _ →
        let %t454:Box = Substring(s#1065, 0, plen#1067)
        ICmpEq(#4001617[synthetic]#1617, prefix#1066)

letrec ends_with =
λs#1069:Box, suffix#1070:Box.
    let slen#1072:Int = Len(s#1069)
    let plen#1071:Int = Len(suffix#1070)
    let %t455:Bool = Gt(plen#1071, slen#1072)
    case #4001618[synthetic]#1618 of
      true →
        false
      _ →
        let %t456:Box = (let %t457 = Sub(slen#1072, plen#1071)
        Substring(s#1069, #4001619[synthetic]#1619, slen#1072))
        ICmpEq(#4001620[synthetic]#1620, suffix#1070)

letrec chars =
λs#1074:Box.
    letrec chars_go#1075 = (λi#1076, result#1077.
      let %t458:Bool = (let %t459 = Len(s#1074)
      Ge(i#1076, #4001621[synthetic]#1621))
      case #4001622[synthetic]#1622 of
        true →
          result#1077
        _ →
          let %t460 = Add(i#1076, 1)
          let %t461 = (let %t462 = Array#?[external].push
          let %t463:Box = (let %t464 = Add(i#1076, 1)
          Substring(s#1074, i#1076, #4001625[synthetic]#1625))
          #4001624[synthetic]#1624(result#1077, #4001626[synthetic]#1626))
          chars_go#1075(#4001623[synthetic]#1623, #4001627[synthetic]#1627))
    let %t465:Box = MakeArray()
    chars_go#1075(0, #4001628[synthetic]#1628)

letrec join =
λarr#1079:Box, sep#1080:Box.
    let %t466:Bool = (let %t467 = Len(arr#1079)
    ICmpEq(#4001629[synthetic]#1629, 0))
    case #4001630[synthetic]#1630 of
      true →
        ""
      _ →
        letrec join_go#1082 = (λi#1083, result#1084.
          let %t468:Bool = (let %t469 = Len(arr#1079)
          Ge(i#1083, #4001631[synthetic]#1631))
          case #4001632[synthetic]#1632 of
            true →
              result#1084
            _ →
              let %t470 = Index(arr#1079, i#1083)
              case #4001633[synthetic]#1633 of
                Some(v#1085) →
                  let %t471 = Add(i#1083, 1)
                  let %t472 = (let %t473 = Add(result#1084, sep#1080)
                  Add(#4001635[synthetic]#1635, v#1085))
                  join_go#1082(#4001634[synthetic]#1634, #4001636[synthetic]#1636)
                _ →
                  let %t474 = Add(i#1083, 1)
                  join_go#1082(#4001637[synthetic]#1637, result#1084))
        let %t475 = Index(arr#1079, 0)
        case #4001638[synthetic]#1638 of
          Some(first_val#1081) →
            join_go#1082(1, first_val#1081)
          _ →
            ""

letrec string_concat =
λleft#1087:Box, right#1088:Box.
    StringConcat(left#1087, right#1088)

letrec string_len =
λs#1090:Box.
    StringLength(s#1090)

letrec string_slice =
λs#1092:Box, start#1093:Int, end#1094:Int.
    StringSlice(s#1092, start#1093, end#1094)

letrec str_contains =
λs#1096:Box, needle#1097:Box.
    let slen#1101:Box = Len(s#1096)
    let nlen#1100:Box = Len(needle#1097)
    let %t476:Bool = Gt(nlen#1100, slen#1101)
    case #4001639[synthetic]#1639 of
      true →
        false
      _ →
        letrec sc_go#1098 = (λi#1099.
          let %t477:Bool = (let %t478:Int = IAdd(i#1099, nlen#1100)
          Gt(#4001640[synthetic]#1640, slen#1101))
          case #4001641[synthetic]#1641 of
            true →
              false
            _ →
              let %t479:Bool = (let %t480:Box = (let %t481:Int = IAdd(i#1099, nlen#1100)
              Substring(s#1096, i#1099, #4001642[synthetic]#1642))
              Eq(#4001643[synthetic]#1643, needle#1097))
              case #4001644[synthetic]#1644 of
                true →
                  true
                _ →
                  let %t482:Int = IAdd(i#1099, 1)
                  sc_go#1098(#4001645[synthetic]#1645))
        sc_go#1098(0)

letrec my_map : forall a, b. (List<a>, forall a, b. (a) -> b) -> List<b> =
λxs#1103:Box, f#1104.
    case xs#1103 of
      ::(h#1105:Int, t#1106:Box) →
        let %t483 = f#1104(h#1105)
        let %t484 = my_map#1102(t#1106, f#1104)
        ::(#4001646[synthetic]#1646, #4001647[synthetic]#1647)
      _ →
        []

letrec option_map : forall a, b. (a, forall c, b. (c) -> b) -> Option<b> =
λopt#1108, f#1109.
    case opt#1108 of
      Some(x#1110:Int) →
        let %t485 = f#1109(x#1110)
        Some(#4001648[synthetic]#1648)
      _ →
        None

letrec set_black : (Tree) -> Tree =
λt#1112:Box.
    case t#1112 of
      Node(_, left#1113, key#1114, right#1115) →
        Node#?[external](Black#?[external], left#1113, key#1114, right#1115)
      _ →
        t#1112

letrec my_len : forall a. (List<a>) -> Int =
λxs#1117:Box.
    case xs#1117 of
      ::(_, t#1118:Box) →
        let %t486 = my_len#1116(t#1118)
        IAdd(1, #4001649[synthetic]#1649)
      _ →
        0

letrec my_filter : forall a. (List<a>, forall a. (a) -> Bool) -> List<a> =
λxs#1120:Box, f#1121.
    case xs#1120 of
      ::(h#1122:Int, t#1123:Box) →
        let %t487 = f#1121(h#1122)
        case #4001650[synthetic]#1650 of
          true →
            let %t488 = my_filter#1119(t#1123, f#1121)
            ::(h#1122, #4001651[synthetic]#1651)
          _ →
            my_filter#1119(t#1123, f#1121)
      _ →
        []

letrec my_sum : (List<Int>) -> Int =
λxs#1125:Box.
    case xs#1125 of
      ::(h#1126:Int, t#1127:Box) →
        let %t489 = my_sum#1124(t#1127)
        IAdd(h#1126, #4001652[synthetic]#1652)
      _ →
        0

letrec main : () -> Unit =
λ.
    let %t490:Box = (λ__resume_default#1167:Box, __arg0#1165, __arg1#1166.
      let %t491:Box = ProcRun(__arg0#1165, __arg1#1166)
      __resume_default#1167(#4001670[synthetic]#1670))
    handle Process {
      proc_run(__arg0#1165, __arg1#1166; __resume_default#1167:Box) →
        let %t492:Box = ProcRun(__arg0#1165, __arg1#1166)
        __resume_default#1167(#4001706[synthetic]#1706)
    } with
      let %t493:Box = (λ__resume_default#1161:Box, __arg0#1160.
        let %t494:Box = EnvVar(__arg0#1160)
        __resume_default#1161(#4001671[synthetic]#1671))
      let %t495:Box = (λ__resume_default#1162:Box.
        let %t496:Box = EnvArgs()
        __resume_default#1162(#4001672[synthetic]#1672))
      let %t497:Box = (λ__resume_default#1163:Box.
        let %t498:Box = EnvCwd()
        __resume_default#1163(#4001673[synthetic]#1673))
      let %t499:Box = (λ__resume_default#1164:Box.
        let %t500:Box = EnvHomeDir()
        __resume_default#1164(#4001674[synthetic]#1674))
      handle Env {
        env_var(__arg0#1160; __resume_default#1161:Box) →
          let %t501:Box = EnvVar(__arg0#1160)
          __resume_default#1161(#4001702[synthetic]#1702)
        env_args(; __resume_default#1162:Box) →
          let %t502:Box = EnvArgs()
          __resume_default#1162(#4001703[synthetic]#1703)
        env_cwd(; __resume_default#1163:Box) →
          let %t503:Box = EnvCwd()
          __resume_default#1163(#4001704[synthetic]#1704)
        env_home_dir(; __resume_default#1164:Box) →
          let %t504:Box = EnvHomeDir()
          __resume_default#1164(#4001705[synthetic]#1705)
      } with
        let %t505:Box = (λ__resume_default#1159:Box.
          let %t506 = __primop_read_stdin#1059()
          __resume_default#1159(#4001675[synthetic]#1675))
        handle Stdin {
          read_stdin(; __resume_default#1159:Box) →
            let %t507 = __primop_read_stdin#1059()
            __resume_default#1159(#4001701[synthetic]#1701)
        } with
          let %t508:Box = (λ__resume_default#1152:Box, __arg0#1151.
            let %t509 = __primop_read_file#1052(__arg0#1151)
            __resume_default#1152(#4001676[synthetic]#1676))
          let %t510:Box = (λ__resume_default#1154:Box, __arg0#1153.
            let %t511 = __primop_read_lines#1054(__arg0#1153)
            __resume_default#1154(#4001677[synthetic]#1677))
          let %t512:Box = (λ__resume_default#1157:Box, __arg0#1155, __arg1#1156.
            let %t513 = __primop_write_file#1056(__arg0#1155, __arg1#1156)
            let %t514:Box = MakeTuple()
            __resume_default#1157(#4001678[synthetic]#1678))
          handle FileSystem {
            read_file(__arg0#1151; __resume_default#1152:Box) →
              let %t515 = __primop_read_file#1052(__arg0#1151)
              __resume_default#1152(#4001698[synthetic]#1698)
            read_lines(__arg0#1153; __resume_default#1154:Box) →
              let %t516 = __primop_read_lines#1054(__arg0#1153)
              __resume_default#1154(#4001699[synthetic]#1699)
            write_file(__arg0#1155, __arg1#1156; __resume_default#1157:Box) →
              let %t513 = __primop_write_file#1056(__arg0#1155, __arg1#1156)
              let %t517:Box = MakeTuple()
              __resume_default#1157(#4001700[synthetic]#1700)
          } with
            let %t518:Box = (λ__resume_default#1146:Box, __arg0#1145.
              let %t519 = __primop_print#1048(__arg0#1145)
              let %t520:Box = MakeTuple()
              __resume_default#1146(#4001679[synthetic]#1679))
            let %t521:Box = (λ__resume_default#1149:Box, __arg0#1148.
              let %t522 = __primop_println#1050(__arg0#1148)
              let %t523:Box = MakeTuple()
              __resume_default#1149(#4001680[synthetic]#1680))
            handle Console {
              print(__arg0#1145; __resume_default#1146:Box) →
                let %t519 = __primop_print#1048(__arg0#1145)
                let %t524:Box = MakeTuple()
                __resume_default#1146(#4001696[synthetic]#1696)
              println(__arg0#1148; __resume_default#1149:Box) →
                let %t522 = __primop_println#1050(__arg0#1148)
                let %t525:Box = MakeTuple()
                __resume_default#1149(#4001697[synthetic]#1697)
            } with
              let result#1143:Box = (let %t526:Box = MakeList(1, 2, 3)
              let %t527:Box = (λx#1144:Int.
                IMul(x#1144, 2))
              my_map#1102(#4001681[synthetic]#1681, #4001682[synthetic]#1682))
              let %t528 = (let %t529:Box = (λ%t530:Box.
                #6001664[synthetic]#1664)
              #6001662[synthetic]#1662(#4001683[synthetic]#1683, result#1143))
              let opt#1140:Box = (let %t531:Box = Some(42)
              let %t532:Box = (λx#1141:Int.
                IAdd(x#1141, 1))
              option_map#1107(#4001684[synthetic]#1684, #4001685[synthetic]#1685))
              let %t533 = (let %t534:Box = (λ%t535:Box.
                #6001665[synthetic]#1665)
              #6001662[synthetic]#1662(#4001686[synthetic]#1686, opt#1140))
              let tree#1138:Box = Node#?[external](Red#?[external], Leaf#?[external], 5, Leaf#?[external])
              let blk#1137:Box = set_black#1111(tree#1138)
              let %t536 = (let %t537:Box = (λ%t538:Box.
                #6001666[synthetic]#1666)
              #6001662[synthetic]#1662(#4001687[synthetic]#1687, blk#1137))
              let n#1134:Int = (let %t539:Box = MakeList(1, 2, 3, 4, 5)
              my_len#1116(#4001688[synthetic]#1688))
              let %t540 = (let %t541:Box = (λ%t542:Box.
                #6001667[synthetic]#1667)
              #6001662[synthetic]#1662(#4001689[synthetic]#1689, n#1134))
              let evens#1131:Box = (let %t543:Box = MakeList(1, 2, 3, 4, 5, 6)
              let %t544:Box = (λx#1132:Int.
                let %t545:Int = IMod(x#1132, 2)
                ICmpEq(#4001691[synthetic]#1691, 0))
              my_filter#1119(#4001690[synthetic]#1690, #4001692[synthetic]#1692))
              let %t546 = (let %t547:Box = (λ%t548:Box.
                #6001668[synthetic]#1668)
              #6001662[synthetic]#1662(#4001693[synthetic]#1693, evens#1131))
              let total#1129:Int = (let %t549:Box = MakeList(1, 2, 3, 4, 5)
              my_sum#1124(#4001694[synthetic]#1694))
              let %t550:Box = (λ%t551:Box.
                #6001669[synthetic]#1669)
              #6001662[synthetic]#1662(#4001695[synthetic]#1695, total#1129)

[ 1 of 12] Compiling  Assert
[ 2 of 12] Compiling  Debug
[ 3 of 12] Compiling  Array
[ 4 of 12] Compiling  List
[ 5 of 12] Compiling  Either
[ 6 of 12] Compiling  IO
[ 7 of 12] Compiling  Math
[ 8 of 12] Compiling  Numeric
[ 9 of 12] Compiling  Option
[10 of 12] Compiling  Primops
[11 of 12] Compiling  String
[12 of 12] Compiling  verify_aether
• 2 warnings • examples/aether/verify_aether.flx
Warning: FBIP Contract Not Proven

@fip on `my_map` analysis result NotProvable:
- fresh heap allocation remains on at least one path
- calls indirect or opaque callee `f` whose FBIP behavior is unknown
- control-flow join loses a precise allocation bound across paths

  examples/aether/verify_aether.flx:20:6
   |
20 | @fip fn my_map(xs, f) {
   |      ^^^^^^^^^^^^^^^^


Warning: FBIP Contract Not Proven

@fip on `option_map` analysis result NotProvable:
- fresh heap allocation remains on at least one path
- calls indirect or opaque callee `f` whose FBIP behavior is unknown
- control-flow join loses a precise allocation bound across paths

  examples/aether/verify_aether.flx:28:6
   |
28 | @fip fn option_map(opt, f) {
   |      ^^^^^^^^^^^^^^^^^^^^^

Found 2 warnings.
