---
source: tests/aether_cli_snapshots.rs
---
letrec __tc_Eq_Int_eq =
λ__x0, __x1.
    Eq(__x0, __x1)

letrec __tc_Eq_Int_neq =
λ__x0, __x1.
    NEq(__x0, __x1)

letrec __tc_Eq_Float_eq =
λ__x0, __x1.
    Eq(__x0, __x1)

letrec __tc_Eq_Float_neq =
λ__x0, __x1.
    NEq(__x0, __x1)

letrec __tc_Eq_String_eq =
λ__x0, __x1.
    Eq(__x0, __x1)

letrec __tc_Eq_String_neq =
λ__x0, __x1.
    NEq(__x0, __x1)

letrec __tc_Eq_Bool_eq =
λ__x0, __x1.
    Eq(__x0, __x1)

letrec __tc_Eq_Bool_neq =
λ__x0, __x1.
    NEq(__x0, __x1)

letrec __tc_Ord_Int_compare =
λ__x0, __x1.
    let %t1 = Lt(__x0, __x1)
    case %t1 of
      true →
        -1
      _ →
        let %t2 = Gt(__x0, __x1)
        case %t2 of
          true →
            1
          _ →
            0

letrec __tc_Ord_Int_lt =
λ__x0, __x1.
    Lt(__x0, __x1)

letrec __tc_Ord_Int_lte =
λ__x0, __x1.
    Le(__x0, __x1)

letrec __tc_Ord_Int_gt =
λ__x0, __x1.
    Gt(__x0, __x1)

letrec __tc_Ord_Int_gte =
λ__x0, __x1.
    Ge(__x0, __x1)

letrec __tc_Ord_Float_compare =
λ__x0, __x1.
    let %t3 = Lt(__x0, __x1)
    case %t3 of
      true →
        -1
      _ →
        let %t4 = Gt(__x0, __x1)
        case %t4 of
          true →
            1
          _ →
            0

letrec __tc_Ord_Float_lt =
λ__x0, __x1.
    Lt(__x0, __x1)

letrec __tc_Ord_Float_lte =
λ__x0, __x1.
    Le(__x0, __x1)

letrec __tc_Ord_Float_gt =
λ__x0, __x1.
    Gt(__x0, __x1)

letrec __tc_Ord_Float_gte =
λ__x0, __x1.
    Ge(__x0, __x1)

letrec __tc_Ord_String_compare =
λ__x0, __x1.
    let %t5 = Lt(__x0, __x1)
    case %t5 of
      true →
        -1
      _ →
        let %t6 = Gt(__x0, __x1)
        case %t6 of
          true →
            1
          _ →
            0

letrec __tc_Ord_String_lt =
λ__x0, __x1.
    Lt(__x0, __x1)

letrec __tc_Ord_String_lte =
λ__x0, __x1.
    Le(__x0, __x1)

letrec __tc_Ord_String_gt =
λ__x0, __x1.
    Gt(__x0, __x1)

letrec __tc_Ord_String_gte =
λ__x0, __x1.
    Ge(__x0, __x1)

letrec __tc_Num_Int_add =
λ__x0, __x1.
    Add(__x0, __x1)

letrec __tc_Num_Int_sub =
λ__x0, __x1.
    Sub(__x0, __x1)

letrec __tc_Num_Int_mul =
λ__x0, __x1.
    Mul(__x0, __x1)

letrec __tc_Num_Int_div =
λ__x0, __x1.
    Div(__x0, __x1)

letrec __tc_Num_Float_add =
λ__x0, __x1.
    Add(__x0, __x1)

letrec __tc_Num_Float_sub =
λ__x0, __x1.
    Sub(__x0, __x1)

letrec __tc_Num_Float_mul =
λ__x0, __x1.
    Mul(__x0, __x1)

letrec __tc_Num_Float_div =
λ__x0, __x1.
    Div(__x0, __x1)

letrec __tc_Show_Int_show =
λ__x0.
    ToString(__x0)

letrec __tc_Show_Float_show =
λ__x0.
    ToString(__x0)

letrec __tc_Show_String_show =
λ__x0.
    ToString(__x0)

letrec __tc_Show_Bool_show =
λ__x0.
    ToString(__x0)

letrec __tc_Semigroup_String_append =
λ__x0, __x1.
    string_concat(__x0, __x1)

letrec compare =
λ__x0, __x1.
    Panic("No instance of Ord.compare for the given type")

letrec lt =
λ__x0, __x1.
    Panic("No instance of Ord.lt for the given type")

letrec lte =
λ__x0, __x1.
    Panic("No instance of Ord.lte for the given type")

letrec gt =
λ__x0, __x1.
    Panic("No instance of Ord.gt for the given type")

letrec gte =
λ__x0, __x1.
    Panic("No instance of Ord.gte for the given type")

letrec eq =
λ__x0, __x1.
    Panic("No instance of Eq.eq for the given type")

letrec neq =
λ__x0, __x1.
    Panic("No instance of Eq.neq for the given type")

letrec add =
λ__x0, __x1.
    Panic("No instance of Num.add for the given type")

letrec sub =
λ__x0, __x1.
    Panic("No instance of Num.sub for the given type")

letrec mul =
λ__x0, __x1.
    Panic("No instance of Num.mul for the given type")

letrec div =
λ__x0, __x1.
    Panic("No instance of Num.div for the given type")

letrec show =
λ__x0.
    Panic("No instance of Show.show for the given type")

letrec assert_failed =
λname.
    let %t7 = Add("ASSERTION FAILED: ", name)
    Println(%t7)

letrec assert_eq =
λa, b.
    let %t8 = CmpEq(a, b)
    case %t8 of
      true →
        MakeTuple()
      _ →
        let %t9 = assert_failed("assert_eq")
        let %t10 = Println(a)
        let %t11 = Println(b)
        Panic("assert_eq failed")

letrec assert_neq =
λa, b.
    let %t12 = CmpNe(a, b)
    case %t12 of
      true →
        MakeTuple()
      _ →
        let %t13 = assert_failed("assert_neq")
        Panic("assert_neq failed")

letrec assert_true =
λx.
    case x of
      true →
        MakeTuple()
      _ →
        Panic("assert_true failed")

letrec assert_false =
λx.
    let %t14 = Not(x)
    case %t14 of
      true →
        MakeTuple()
      _ →
        Panic("assert_false failed")

letrec assert_gt =
λa, b.
    let %t15 = Gt(a, b)
    case %t15 of
      true →
        MakeTuple()
      _ →
        Panic("assert_gt failed")

letrec assert_lt =
λa, b.
    let %t16 = ICmpLt(a, b)
    case %t16 of
      true →
        MakeTuple()
      _ →
        Panic("assert_lt failed")

letrec assert_gte =
λa, b.
    let %t17 = Ge(a, b)
    case %t17 of
      true →
        MakeTuple()
      _ →
        Panic("assert_gte failed")

letrec assert_lte =
λa, b.
    let %t18 = lte(a, b)
    case %t18 of
      true →
        MakeTuple()
      _ →
        Panic("assert_lte failed")

letrec list_length =
λxs, acc.
    case xs of
      ::(h, t) →
        let %t19 = Add(acc, 1)
        list_length(t, %t19)
      _ →
        acc

letrec assert_len =
λcollection, expected.
    let actual = (let %t20 = IsList(collection)
    case %t20 of
      true →
        list_length(collection, 0)
      _ →
        Len(collection))
    let %t21 = Eq(actual, expected)
    case %t21 of
      true →
        MakeTuple()
      _ →
        let %t22 = assert_failed("assert_len")
        Panic("assert_len failed")

letrec assert_msg =
λcondition, message.
    case condition of
      true →
        MakeTuple()
      _ →
        Panic(message)

letrec print_all =
λarr.
    letrec pa_go = (λi.
      let %t23 = (let %t24 = Len(arr)
      Lt(i, %t24))
      case %t23 of
        true →
          let %t25 = (let %t26 = Index(arr, i)
          case %t26 of
            Some(v) →
              Print(v)
            _ →
              Print(""))
          let %t27 = Add(i, 1)
          pa_go(%t27)
        _ →
          MakeTuple())
    pa_go(0)

letrec println_all =
λarr.
    letrec pla_go = (λi.
      let %t28 = (let %t29 = Len(arr)
      Lt(i, %t29))
      case %t28 of
        true →
          let %t30 = (let %t31 = Index(arr, i)
          case %t31 of
            Some(v) →
              Println(v)
            _ →
              Println(""))
          let %t32 = Add(i, 1)
          pla_go(%t32)
        _ →
          MakeTuple())
    pla_go(0)

letrec read_lines =
λpath.
    let content = ReadFile(path)
    Split(content, "\n")

letrec parse_ints =
λarr.
    letrec pi_go = (λi, result.
      let %t33 = (let %t34 = Len(arr)
      Ge(i, %t34))
      case %t33 of
        true →
          result
        _ →
          let %t35 = Index(arr, i)
          case %t35 of
            Some(s) →
              let %t36 = Add(i, 1)
              let %t37 = (let %t38 = ParseInt(s)
              ArrayPush(result, %t38))
              pi_go(%t36, %t37)
            _ →
              let %t39 = Add(i, 1)
              pi_go(%t39, result))
    let %t40 = MakeArray()
    pi_go(0, %t40)

letrec split_ints =
λs, sep.
    let parts = Split(s, sep)
    parse_ints(parts)

letrec map =
λxs, f.
    letrec map_acc = (λys, acc.
      case ys of
        ::(h, t) →
          let %t41 = (let %t42 = f(h)
          ::(%t42, acc))
          map_acc(t, %t41)
        _ →
          reverse(acc))
    let %t43 = []
    map_acc(xs, %t43)

letrec filter =
λxs, pred.
    letrec filter_acc = (λys, acc.
      case ys of
        ::(h, t) →
          let %t44 = pred(h)
          case %t44 of
            true →
              let %t45 = ::(h, acc)
              filter_acc(t, %t45)
            _ →
              filter_acc(t, acc)
        _ →
          reverse(acc))
    let %t46 = []
    filter_acc(xs, %t46)

letrec fold =
λxs, acc, f.
    letrec fold_list = (λys, a.
      case ys of
        ::(h, t) →
          let %t47 = f(a, h)
          fold_list(t, %t47)
        _ →
          a)
    fold_list(xs, acc)

letrec foldr =
λxs, acc, f.
    case xs of
      ::(h, t) →
        let %t48 = foldr(t, acc, f)
        f(h, %t48)
      _ →
        acc

letrec fold1 =
λxs, f.
    case xs of
      ::(h, t) →
        fold(t, h, f)
      _ →
        Panic("fold1 called on empty list")

letrec flat_map =
λxs, f.
    letrec flat_map_acc = (λys, acc.
      case ys of
        ::(h, t) →
          let %t49 = (let %t50 = (let %t51 = f(h)
          reverse(%t51))
          append(%t50, acc))
          flat_map_acc(t, %t49)
        _ →
          reverse(acc))
    let %t52 = []
    flat_map_acc(xs, %t52)

letrec flatten =
λxs.
    letrec flatten_acc = (λys, acc.
      case ys of
        ::(h, t) →
          let %t53 = (let %t54 = reverse(h)
          append(%t54, acc))
          flatten_acc(t, %t53)
        _ →
          reverse(acc))
    let %t55 = []
    flatten_acc(xs, %t55)

letrec concat =
λxss.
    flatten(xss)

letrec any =
λxs, pred.
    case xs of
      ::(h, t) →
        let %t56 = pred(h)
        case %t56 of
          true →
            true
          _ →
            any(t, pred)
      _ →
        false

letrec all =
λxs, pred.
    case xs of
      ::(h, t) →
        let %t57 = pred(h)
        case %t57 of
          true →
            all(t, pred)
          _ →
            false
      _ →
        true

letrec find =
λxs, pred.
    case xs of
      ::(h, t) →
        let %t58 = pred(h)
        case %t58 of
          true →
            Some(h)
          _ →
            find(t, pred)
      _ →
        None

letrec count =
λxs, pred.
    letrec count_go = (λys, n.
      case ys of
        ::(h, t) →
          let %t59 = pred(h)
          case %t59 of
            true →
              let %t60 = IAdd(n, 1)
              count_go(t, %t60)
            _ →
              count_go(t, n)
        _ →
          n)
    count_go(xs, 0)

letrec each =
λxs, f.
    case xs of
      ::(h, t) →
        let %t61 = f(h)
        let %t62 = Flow.List.each
        %t62(t, f)
      _ →
        MakeTuple()

letrec take =
λxs, n.
    letrec take_acc = (λys, remaining, acc.
      let %t63 = ICmpLe(remaining, 0)
      case %t63 of
        true →
          reverse(acc)
        _ →
          case ys of
            ::(h, t) →
              let %t64 = ISub(remaining, 1)
              let %t65 = ::(h, acc)
              take_acc(t, %t64, %t65)
            _ →
              reverse(acc))
    let %t66 = []
    take_acc(xs, n, %t66)

letrec drop =
λxs, n.
    let %t67 = ICmpLe(n, 0)
    case %t67 of
      true →
        xs
      _ →
        case xs of
          ::(h, t) →
            let %t68 = ISub(n, 1)
            drop(t, %t68)
          _ →
            []

letrec take_while =
λxs, pred.
    letrec take_while_acc = (λys, acc.
      case ys of
        ::(h, t) →
          let %t69 = pred(h)
          case %t69 of
            true →
              let %t70 = ::(h, acc)
              take_while_acc(t, %t70)
            _ →
              reverse(acc)
        _ →
          reverse(acc))
    let %t71 = []
    take_while_acc(xs, %t71)

letrec drop_while =
λxs, pred.
    case xs of
      ::(h, t) →
        let %t72 = pred(h)
        case %t72 of
          true →
            drop_while(t, pred)
          _ →
            xs
      _ →
        []

letrec split_at =
λxs, n.
    let %t73 = ICmpLe(n, 0)
    case %t73 of
      true →
        let %t74 = []
        MakeTuple(%t74, xs)
      _ →
        case xs of
          ::(h, t) →
            let %t75 = (let %t76 = ISub(n, 1)
            split_at(t, %t76))
            case %t75 of
              (left, right) →
                let %t77 = ::(h, left)
                MakeTuple(%t77, right)
              _ →
                let %t78 = []
                MakeTuple(%t78, xs)
          _ →
            let %t79 = []
            let %t80 = []
            MakeTuple(%t79, %t80)

letrec span =
λxs, pred.
    case xs of
      ::(h, t) →
        let %t81 = pred(h)
        case %t81 of
          true →
            let %t82 = span(t, pred)
            case %t82 of
              (left, right) →
                let %t83 = ::(h, left)
                MakeTuple(%t83, right)
              _ →
                let %t84 = []
                MakeTuple(%t84, xs)
          _ →
            let %t85 = []
            MakeTuple(%t85, xs)
      _ →
        let %t86 = []
        let %t87 = []
        MakeTuple(%t86, %t87)

letrec scanl =
λxs, acc, f.
    let %t88 = scanl_rest(xs, acc, f)
    ::(acc, %t88)

letrec scanr =
λxs, acc, f.
    let %t89 = scanr_go(xs, acc, f)
    case %t89 of
      (result, last_acc) →
        result
      _ →
        MakeList(acc)

letrec sort =
λxs.
    let %t90 = (λx.
      x)
    merge_sort_by(xs, %t90)

letrec sort_by =
λxs, f.
    merge_sort_by(xs, f)

letrec first =
λxs.
    case xs of
      ::(h, t) →
        h
      _ →
        None

letrec last =
λxs.
    case xs of
      ::(h, t) →
        case t of
          ::(h2, t2) →
            last(t)
          _ →
            h
      _ →
        None

letrec rest =
λxs.
    case xs of
      ::(h, t) →
        t
      _ →
        []

letrec length =
λxs.
    letrec length_go = (λys, acc.
      case ys of
        ::(h, t) →
          let %t91 = IAdd(acc, 1)
          length_go(t, %t91)
        _ →
          acc)
    length_go(xs, 0)

letrec init =
λxs.
    case xs of
      ::(h, t) →
        case t of
          ::(h2, t2) →
            let %t92 = init(t)
            ::(h, %t92)
          _ →
            []
      _ →
        Panic("init called on empty list")

letrec null =
λxs.
    case xs of
      ::(h, t) →
        false
      _ →
        true

letrec range =
λstart, stop.
    letrec range_go = (λcurrent, acc.
      let %t93 = ICmpGe(current, stop)
      case %t93 of
        true →
          reverse(acc)
        _ →
          let %t94 = IAdd(current, 1)
          let %t95 = ::(current, acc)
          range_go(%t94, %t95))
    let %t96 = []
    range_go(start, %t96)

letrec reverse =
λxs.
    letrec rev_acc = (λys, acc.
      case ys of
        ::(h, t) →
          let %t97 = ::(h, acc)
          rev_acc(t, %t97)
        _ →
          acc)
    let %t98 = []
    rev_acc(xs, %t98)

letrec zip =
λxs, ys.
    let %t99 = (let %t100 = []
    zip_go(xs, ys, %t100))
    reverse(%t99)

letrec zip_with =
λxs, ys, f.
    let %t101 = (let %t102 = []
    zip_with_go(xs, ys, f, %t102))
    reverse(%t101)

letrec unzip =
λxs.
    case xs of
      ::((a, b), t) →
        let %t103 = unzip(t)
        case %t103 of
          (left, right) →
            let %t104 = ::(a, left)
            let %t105 = ::(b, right)
            MakeTuple(%t104, %t105)
          _ →
            let %t106 = []
            let %t107 = []
            MakeTuple(%t106, %t107)
      _ →
        let %t108 = []
        let %t109 = []
        MakeTuple(%t108, %t109)

letrec enumerate =
λxs.
    enumerate_go(xs, 0)

letrec contains =
λxs, x.
    case xs of
      ::(h, t) →
        let %t110 = eq(h, x)
        case %t110 of
          true →
            true
          _ →
            contains(t, x)
      _ →
        false

letrec nub =
λxs.
    let %t111 = (λx.
      x)
    unique_by(xs, %t111)

letrec partition =
λxs, pred.
    case xs of
      ::(h, t) →
        let %t112 = partition(t, pred)
        case %t112 of
          (yes, no) →
            let %t113 = pred(h)
            case %t113 of
              true →
                let %t114 = ::(h, yes)
                MakeTuple(%t114, no)
              _ →
                let %t115 = ::(h, no)
                MakeTuple(yes, %t115)
          _ →
            let %t116 = []
            let %t117 = []
            MakeTuple(%t116, %t117)
      _ →
        let %t118 = []
        let %t119 = []
        MakeTuple(%t118, %t119)

letrec delete =
λxs, x.
    delete_go(xs, x)

letrec delete_go =
λxs, x.
    let %t120 = []
    delete_go_acc(xs, x, %t120)

letrec delete_go_acc =
λxs, x, acc.
    case xs of
      ::(h, t) →
        let %t121 = Eq(h, x)
        case %t121 of
          true →
            let %t122 = reverse(acc)
            let %t123 = clone_list(t)
            append(%t122, %t123)
          _ →
            let %t124 = ::(h, acc)
            delete_go_acc(t, x, %t124)
      _ →
        reverse(acc)

letrec clone_list =
λxs.
    case xs of
      ::(h, t) →
        let %t125 = clone_list(t)
        ::(h, %t125)
      _ →
        []

letrec intersperse =
λxs, sep.
    case xs of
      ::(h, t) →
        let %t126 = intersperse_rest(t, sep)
        ::(h, %t126)
      _ →
        []

letrec intercalate =
λxss, sep.
    let %t127 = intersperse(xss, sep)
    concat(%t127)

letrec is_prefix =
λprefix, xs.
    case prefix of
      ::(p, pt) →
        case xs of
          ::(x, xt) →
            let %t128 = eq(p, x)
            case %t128 of
              true →
                is_prefix(pt, xt)
              _ →
                false
          _ →
            false
      _ →
        true

letrec is_suffix =
λsuffix, xs.
    let %t129 = reverse(suffix)
    let %t130 = reverse(xs)
    is_prefix(%t129, %t130)

letrec nth =
λxs, n.
    let %t131 = ICmpLt(n, 0)
    case %t131 of
      true →
        None
      _ →
        case xs of
          ::(h, t) →
            let %t132 = ICmpEq(n, 0)
            case %t132 of
              true →
                Some(h)
              _ →
                let %t133 = ISub(n, 1)
                nth(t, %t133)
          _ →
            None

letrec replicate =
λn, x.
    let %t134 = ICmpLe(n, 0)
    case %t134 of
      true →
        []
      _ →
        let %t135 = (let %t136 = ISub(n, 1)
        replicate(%t136, x))
        ::(x, %t135)

letrec iterate =
λx, f, n.
    let %t137 = ICmpLe(n, 0)
    case %t137 of
      true →
        []
      _ →
        let %t138 = (let %t139 = f(x)
        let %t140 = ISub(n, 1)
        iterate(%t139, f, %t140))
        ::(x, %t138)

letrec unfold =
λseed, f.
    let %t141 = f(seed)
    case %t141 of
      Some(step) →
        let %t142 = step.0
        let %t143 = (let %t144 = step.1
        unfold(%t144, f))
        ::(%t142, %t143)
      _ →
        []

letrec group_by =
λxs, eq.
    case xs of
      ::(h, t) →
        group_by_head(h, t, eq)
      _ →
        []

letrec unique_by =
λxs, f.
    let %t145 = (let %t146 = []
    let %t147 = []
    unique_by_go(xs, f, %t146, %t147))
    reverse(%t145)

letrec maximum =
λxs.
    case xs of
      ::(h, t) →
        let %t148 = maximum_go(t, h)
        Some(%t148)
      _ →
        None

letrec minimum =
λxs.
    case xs of
      ::(h, t) →
        let %t149 = minimum_go(t, h)
        Some(%t149)
      _ →
        None

letrec sum =
λxs.
    letrec sum_go = (λys, acc.
      case ys of
        ::(h, t) →
          let %t150 = IAdd(acc, h)
          sum_go(t, %t150)
        _ →
          acc)
    sum_go(xs, 0)

letrec product =
λxs.
    letrec product_go = (λys, acc.
      case ys of
        ::(h, t) →
          let %t151 = IMul(acc, h)
          product_go(t, %t151)
        _ →
          acc)
    product_go(xs, 1)

letrec append =
λxs, ys.
    case xs of
      ::(h, t) →
        let %t152 = append(t, ys)
        ::(h, %t152)
      _ →
        ys

letrec enumerate_go =
λxs, i.
    case xs of
      ::(h, t) →
        let %t153 = MakeTuple(i, h)
        let %t154 = (let %t155 = IAdd(i, 1)
        enumerate_go(t, %t155))
        ::(%t153, %t154)
      _ →
        []

letrec intersperse_rest =
λxs, sep.
    case xs of
      ::(h, t) →
        let %t156 = (let %t157 = intersperse_rest(t, sep)
        ::(h, %t157))
        ::(sep, %t156)
      _ →
        []

letrec intercalate_rest =
λxss, sep.
    case xss of
      ::(h, t) →
        let %t158 = (let %t159 = intercalate_rest(t, sep)
        append(h, %t159))
        append(sep, %t158)
      _ →
        []

letrec scanl_rest =
λxs, acc, f.
    case xs of
      ::(h, t) →
        let %t160 = f(acc, h)
        scanl_emit(t, %t160, f)
      _ →
        []

letrec scanl_emit =
λxs, next, f.
    let %t161 = scanl_rest(xs, next, f)
    ::(next, %t161)

letrec unique_by_go =
λxs, f, seen, acc.
    case xs of
      ::(h, t) →
        let %t162 = f(h)
        unique_by_step(t, h, %t162, f, seen, acc)
      _ →
        acc

letrec unique_by_step =
λxs, value, key, f, seen, acc.
    let %t163 = contains(seen, key)
    case %t163 of
      true →
        unique_by_go(xs, f, seen, acc)
      _ →
        let %t164 = ::(key, seen)
        let %t165 = ::(value, acc)
        unique_by_go(xs, f, %t164, %t165)

letrec scanr_go =
λxs, acc, f.
    case xs of
      ::(h, t) →
        let %t166 = scanr_go(t, acc, f)
        scanr_step(h, %t166, acc, f)
      _ →
        let %t167 = MakeList(acc)
        MakeTuple(%t167, acc)

letrec scanr_step =
λh, state, acc, f.
    case state of
      (rest, next_acc) →
        scanr_finish(rest, next_acc, h, f)
      _ →
        let %t168 = MakeList(acc)
        MakeTuple(%t168, acc)

letrec scanr_finish =
λrest, next_acc, h, f.
    let current = f(h, next_acc)
    let %t169 = ::(current, rest)
    MakeTuple(%t169, current)

letrec merge_sort_by =
λxs, key_fn.
    case xs of
      ::(_, t) →
        case t of
          ::(_, _) →
            merge_sort_do(xs, key_fn)
          _ →
            xs
      _ →
        xs

letrec merge_sort_do =
λxs, key_fn.
    let mid = (let %t170 = length(xs)
    IDiv(%t170, 2))
    let %t171 = split_at(xs, mid)
    case %t171 of
      (left, right) →
        let %t172 = merge_sort_by(left, key_fn)
        let %t173 = merge_sort_by(right, key_fn)
        merge_by_key(%t172, %t173, key_fn)
      _ →
        []

letrec merge_by_key =
λleft, right, key_fn.
    case left of
      ::(a, at) →
        case right of
          ::(b, bt) →
            let %t174 = (let %t175 = key_fn(a)
            let %t176 = key_fn(b)
            Le(%t175, %t176))
            case %t174 of
              true →
                let %t177 = merge_by_key(at, right, key_fn)
                ::(a, %t177)
              _ →
                let %t178 = merge_by_key(left, bt, key_fn)
                ::(b, %t178)
          _ →
            left
      _ →
        right

letrec zip_go =
λxs, ys, acc.
    case xs of
      ::(a, at) →
        case ys of
          ::(b, bt) →
            let %t179 = (let %t180 = MakeTuple(a, b)
            ::(%t180, acc))
            zip_go(at, bt, %t179)
          _ →
            acc
      _ →
        acc

letrec zip_with_go =
λxs, ys, f, acc.
    case xs of
      ::(a, at) →
        case ys of
          ::(b, bt) →
            let %t181 = (let %t182 = f(a, b)
            ::(%t182, acc))
            zip_with_go(at, bt, f, %t181)
          _ →
            acc
      _ →
        acc

letrec group_by_head =
λh, t, eq.
    let %t183 = (let %t184 = (λx.
      eq(h, x))
    span(t, %t184))
    case %t183 of
      (prefix, rest) →
        let %t185 = ::(h, prefix)
        let %t186 = group_by(rest, eq)
        ::(%t185, %t186)
      _ →
        let %t187 = MakeList(h)
        let %t188 = group_by(t, eq)
        ::(%t187, %t188)

letrec maximum_go =
λxs, best.
    case xs of
      ::(h, t) →
        let %t189 = (let %t190 = Gt(h, best)
        case %t190 of
          true →
            h
          _ →
            best)
        maximum_go(t, %t189)
      _ →
        best

letrec minimum_go =
λxs, best.
    case xs of
      ::(h, t) →
        let %t191 = (let %t192 = Lt(h, best)
        case %t192 of
          true →
            h
          _ →
            best)
        minimum_go(t, %t191)
      _ →
        best

letrec max_list =
λarr.
    letrec maxl_go = (λi, best.
      let %t193 = (let %t194 = Len(arr)
      Ge(i, %t194))
      case %t193 of
        true →
          best
        _ →
          let %t195 = Index(arr, i)
          case %t195 of
            Some(v) →
              let %t196 = Add(i, 1)
              let %t197 = (let %t198 = ICmpGt(v, best)
              case %t198 of
                true →
                  v
                _ →
                  best)
              maxl_go(%t196, %t197)
            _ →
              let %t199 = Add(i, 1)
              maxl_go(%t199, best))
    let %t200 = (let %t201 = Len(arr)
    Eq(%t201, 0))
    case %t200 of
      true →
        0
      _ →
        let %t202 = Index(arr, 0)
        case %t202 of
          Some(first) →
            maxl_go(1, first)
          _ →
            0

letrec min_list =
λarr.
    letrec minl_go = (λi, best.
      let %t203 = (let %t204 = Len(arr)
      Ge(i, %t204))
      case %t203 of
        true →
          best
        _ →
          let %t205 = Index(arr, i)
          case %t205 of
            Some(v) →
              let %t206 = Add(i, 1)
              let %t207 = (let %t208 = ICmpLt(v, best)
              case %t208 of
                true →
                  v
                _ →
                  best)
              minl_go(%t206, %t207)
            _ →
              let %t209 = IAdd(i, 1)
              minl_go(%t209, best))
    let %t210 = (let %t211 = Len(arr)
    Eq(%t211, 0))
    case %t210 of
      true →
        0
      _ →
        let %t212 = Index(arr, 0)
        case %t212 of
          Some(first) →
            minl_go(1, first)
          _ →
            0

letrec unwrap =
λopt.
    case opt of
      Some(v) →
        v
      _ →
        Panic("unwrap called on None")

letrec unwrap_or =
λopt, default.
    case opt of
      Some(v) →
        v
      _ →
        default

letrec map_option =
λopt, f.
    case opt of
      Some(v) →
        let %t213 = f(v)
        Some(%t213)
      _ →
        None

letrec flat_map_option =
λopt, f.
    case opt of
      Some(v) →
        f(v)
      _ →
        None

letrec is_some =
λopt.
    case opt of
      Some(_) →
        true
      _ →
        false

letrec is_none_opt =
λopt.
    case opt of
      Some(_) →
        false
      _ →
        true

letrec starts_with =
λs, prefix.
    let plen = Len(prefix)
    let %t214 = (let %t215 = Len(s)
    Gt(plen, %t215))
    case %t214 of
      true →
        false
      _ →
        let %t216 = Substring(s, 0, plen)
        ICmpEq(%t216, prefix)

letrec ends_with =
λs, suffix.
    let slen = Len(s)
    let plen = Len(suffix)
    let %t217 = Gt(plen, slen)
    case %t217 of
      true →
        false
      _ →
        let %t218 = (let %t219 = Sub(slen, plen)
        Substring(s, %t219, slen))
        ICmpEq(%t218, suffix)

letrec chars =
λs.
    letrec chars_go = (λi, result.
      let %t220 = (let %t221 = Len(s)
      Ge(i, %t221))
      case %t220 of
        true →
          result
        _ →
          let %t222 = Add(i, 1)
          let %t223 = (let %t224 = (let %t225 = Add(i, 1)
          Substring(s, i, %t225))
          ArrayPush(result, %t224))
          chars_go(%t222, %t223))
    let %t226 = MakeArray()
    chars_go(0, %t226)

letrec join =
λarr, sep.
    let %t227 = (let %t228 = Len(arr)
    ICmpEq(%t228, 0))
    case %t227 of
      true →
        ""
      _ →
        letrec join_go = (λi, result.
          let %t229 = (let %t230 = Len(arr)
          Ge(i, %t230))
          case %t229 of
            true →
              result
            _ →
              let %t231 = Index(arr, i)
              case %t231 of
                Some(v) →
                  let %t232 = Add(i, 1)
                  let %t233 = (let %t234 = Add(result, sep)
                  Add(%t234, v))
                  join_go(%t232, %t233)
                _ →
                  let %t235 = Add(i, 1)
                  join_go(%t235, result))
        let %t236 = Index(arr, 0)
        case %t236 of
          Some(first_val) →
            join_go(1, first_val)
          _ →
            ""

letrec string_len =
λs.
    Len(s)

letrec str_contains =
λs, needle.
    let slen = Len(s)
    let nlen = Len(needle)
    let %t237 = Gt(nlen, slen)
    case %t237 of
      true →
        false
      _ →
        letrec sc_go = (λi.
          let %t238 = (let %t239 = Add(i, nlen)
          Gt(%t239, slen))
          case %t238 of
            true →
              false
            _ →
              let %t240 = (let %t241 = (let %t242 = IAdd(i, nlen)
              Substring(s, i, %t242))
              Eq(%t241, needle))
              case %t240 of
                true →
                  true
                _ →
                  let %t243 = Add(i, 1)
                  sc_go(%t243))
        sc_go(0)

letrec my_map =
λxs, f.
    case xs of
      ::(h, t) →
        let %t244 = f(h)
        let %t245 = my_map(t, f)
        ::(%t244, %t245)
      _ →
        []

letrec option_map =
λopt, f.
    case opt of
      Some(x) →
        let %t246 = f(x)
        Some(%t246)
      _ →
        None

letrec set_black =
λt.
    case t of
      Node(_, left, key, right) →
        Node(Black, left, key, right)
      _ →
        t

letrec my_len =
λxs.
    case xs of
      ::(_, t) →
        let %t247 = my_len(t)
        IAdd(1, %t247)
      _ →
        0

letrec my_filter =
λxs, f.
    case xs of
      ::(h, t) →
        let %t248 = f(h)
        case %t248 of
          true →
            let %t249 = my_filter(t, f)
            ::(h, %t249)
          _ →
            my_filter(t, f)
      _ →
        []

letrec my_sum =
λxs.
    case xs of
      ::(h, t) →
        let %t250 = my_sum(t)
        IAdd(h, %t250)
      _ →
        0

def main =
let result = (let %t251 = MakeList(1, 2, 3)
  let %t252 = (λx.
    IMul(x, 2))
  my_map(%t251, %t252))
  let %t253 = Print(result)
  let opt = (let %t254 = Some(42)
  let %t255 = (λx.
    IAdd(x, 1))
  option_map(%t254, %t255))
  let %t256 = Print(opt)
  let tree = Node(Red, Leaf, 5, Leaf)
  let blk = set_black(tree)
  let %t257 = Print(blk)
  let n = (let %t258 = MakeList(1, 2, 3, 4, 5)
  my_len(%t258))
  let %t259 = Print(n)
  let evens = (let %t260 = MakeList(1, 2, 3, 4, 5, 6)
  let %t261 = (λx.
    let %t262 = IMod(x, 2)
    ICmpEq(%t262, 0))
  my_filter(%t260, %t261))
  let %t263 = Print(evens)
  let total = (let %t264 = MakeList(1, 2, 3, 4, 5)
  my_sum(%t264))
  Print(total)

[1 of 7] Compiling  Assert
[2 of 7] Compiling  IO
[3 of 7] Compiling  List
[4 of 7] Compiling  Numeric
[5 of 7] Compiling  Option
[6 of 7] Compiling  String
[7 of 7] Compiling  verify_aether
• 2 warnings • examples/aether/verify_aether.flx
Warning: FBIP Contract Not Proven

@fip on `my_map` analysis result NotProvable:
- fresh heap allocation remains on at least one path
- calls indirect or opaque callee `f` whose FBIP behavior is unknown
- control-flow join loses a precise allocation bound across paths

  examples/aether/verify_aether.flx:20:6
   |
20 | @fip fn my_map(xs, f) {
   |      ^^^^^^^^^^^^^^^^^^
21 |     match xs {
   | ^^^^^^^^^^^^^^
22 |         [h | t] -> [f(h) | my_map(t, f)],
   | ^^^^^^^^^^^^^^^^^^^^^^^^^^^^^^^^^^^^^^^^^
23 |         _ -> [],
   | ^^^^^^^^^^^^^^^^
24 |     }
   | ^^^^^
25 | }
   | ^


Warning: FBIP Contract Not Proven

@fip on `option_map` analysis result NotProvable:
- fresh heap allocation remains on at least one path
- calls indirect or opaque callee `f` whose FBIP behavior is unknown
- control-flow join loses a precise allocation bound across paths

  examples/aether/verify_aether.flx:28:6
   |
28 | @fip fn option_map(opt, f) {
   |      ^^^^^^^^^^^^^^^^^^^^^^^
29 |     match opt {
   | ^^^^^^^^^^^^^^^
30 |         Some(x) -> Some(f(x)),
   | ^^^^^^^^^^^^^^^^^^^^^^^^^^^^^^
31 |         _ -> None,
   | ^^^^^^^^^^^^^^^^^^
32 |     }
   | ^^^^^
33 | }
   | ^

Found 2 warnings.
