---
source: tests/aether/cli_snapshots.rs
---
letrec __tc_Eq_Int_eq : (Int, Int) -> Bool =
λ__x0#1:Int, __x1#2:Int.
    ICmpEq(__x0#1, __x1#2)

letrec __tc_Eq_Int_neq : (Int, Int) -> Bool =
λ__x0#4:Int, __x1#5:Int.
    ICmpNe(__x0#4, __x1#5)

letrec __tc_Eq_Float_eq : (Float, Float) -> Bool =
λ__x0#7:Float, __x1#8:Float.
    FCmpEq(__x0#7, __x1#8)

letrec __tc_Eq_Float_neq : (Float, Float) -> Bool =
λ__x0#10:Float, __x1#11:Float.
    FCmpNe(__x0#10, __x1#11)

letrec __tc_Eq_String_eq : (String, String) -> Bool =
λ__x0#13:Box, __x1#14:Box.
    Eq(__x0#13, __x1#14)

letrec __tc_Eq_String_neq : (String, String) -> Bool =
λ__x0#16:Box, __x1#17:Box.
    NEq(__x0#16, __x1#17)

letrec __tc_Eq_Bool_eq : (Bool, Bool) -> Bool =
λ__x0#19:Bool, __x1#20:Bool.
    Eq(__x0#19, __x1#20)

letrec __tc_Eq_Bool_neq : (Bool, Bool) -> Bool =
λ__x0#22:Bool, __x1#23:Bool.
    NEq(__x0#22, __x1#23)

letrec __tc_Ord_Int_compare : (Int, Int) -> Int =
λ__x0#25:Int, __x1#26:Int.
    let %t1:Bool = ICmpLt(__x0#25, __x1#26)
    case #4001048[synthetic]#1048 of
      true →
        -1
      _ →
        let %t2:Bool = ICmpGt(__x0#25, __x1#26)
        case #4001049[synthetic]#1049 of
          true →
            1
          _ →
            0

letrec __tc_Ord_Int_lt : (Int, Int) -> Bool =
λ__x0#28:Int, __x1#29:Int.
    ICmpLt(__x0#28, __x1#29)

letrec __tc_Ord_Int_lte : (Int, Int) -> Bool =
λ__x0#31:Int, __x1#32:Int.
    ICmpLe(__x0#31, __x1#32)

letrec __tc_Ord_Int_gt : (Int, Int) -> Bool =
λ__x0#34:Int, __x1#35:Int.
    ICmpGt(__x0#34, __x1#35)

letrec __tc_Ord_Int_gte : (Int, Int) -> Bool =
λ__x0#37:Int, __x1#38:Int.
    ICmpGe(__x0#37, __x1#38)

letrec __tc_Ord_Float_compare : (Float, Float) -> Int =
λ__x0#40:Float, __x1#41:Float.
    let %t3:Bool = FCmpLt(__x0#40, __x1#41)
    case #4001050[synthetic]#1050 of
      true →
        -1
      _ →
        let %t4:Bool = FCmpGt(__x0#40, __x1#41)
        case #4001051[synthetic]#1051 of
          true →
            1
          _ →
            0

letrec __tc_Ord_Float_lt : (Float, Float) -> Bool =
λ__x0#43:Float, __x1#44:Float.
    FCmpLt(__x0#43, __x1#44)

letrec __tc_Ord_Float_lte : (Float, Float) -> Bool =
λ__x0#46:Float, __x1#47:Float.
    FCmpLe(__x0#46, __x1#47)

letrec __tc_Ord_Float_gt : (Float, Float) -> Bool =
λ__x0#49:Float, __x1#50:Float.
    FCmpGt(__x0#49, __x1#50)

letrec __tc_Ord_Float_gte : (Float, Float) -> Bool =
λ__x0#52:Float, __x1#53:Float.
    FCmpGe(__x0#52, __x1#53)

letrec __tc_Ord_String_compare : (String, String) -> Int =
λ__x0#55:Box, __x1#56:Box.
    let %t5:Bool = Lt(__x0#55, __x1#56)
    case #4001052[synthetic]#1052 of
      true →
        -1
      _ →
        let %t6:Bool = Gt(__x0#55, __x1#56)
        case #4001053[synthetic]#1053 of
          true →
            1
          _ →
            0

letrec __tc_Ord_String_lt : (String, String) -> Bool =
λ__x0#58:Box, __x1#59:Box.
    Lt(__x0#58, __x1#59)

letrec __tc_Ord_String_lte : (String, String) -> Bool =
λ__x0#61:Box, __x1#62:Box.
    Le(__x0#61, __x1#62)

letrec __tc_Ord_String_gt : (String, String) -> Bool =
λ__x0#64:Box, __x1#65:Box.
    Gt(__x0#64, __x1#65)

letrec __tc_Ord_String_gte : (String, String) -> Bool =
λ__x0#67:Box, __x1#68:Box.
    Ge(__x0#67, __x1#68)

letrec __tc_Num_Int_add : (Int, Int) -> Int =
λ__x0#70:Int, __x1#71:Int.
    IAdd(__x0#70, __x1#71)

letrec __tc_Num_Int_sub : (Int, Int) -> Int =
λ__x0#73:Int, __x1#74:Int.
    ISub(__x0#73, __x1#74)

letrec __tc_Num_Int_mul : (Int, Int) -> Int =
λ__x0#76:Int, __x1#77:Int.
    IMul(__x0#76, __x1#77)

letrec __tc_Num_Int_div : (Int, Int) -> Int =
λ__x0#79:Int, __x1#80:Int.
    IDiv(__x0#79, __x1#80)

letrec __tc_Num_Float_add : (Float, Float) -> Float =
λ__x0#82:Float, __x1#83:Float.
    FAdd(__x0#82, __x1#83)

letrec __tc_Num_Float_sub : (Float, Float) -> Float =
λ__x0#85:Float, __x1#86:Float.
    FSub(__x0#85, __x1#86)

letrec __tc_Num_Float_mul : (Float, Float) -> Float =
λ__x0#88:Float, __x1#89:Float.
    FMul(__x0#88, __x1#89)

letrec __tc_Num_Float_div : (Float, Float) -> Float =
λ__x0#91:Float, __x1#92:Float.
    FDiv(__x0#91, __x1#92)

letrec __tc_Show_Int_show : (Int) -> String =
λ__x0#94:Int.
    ToString(__x0#94)

letrec __tc_Show_Float_show : (Float) -> String =
λ__x0#96:Float.
    ToString(__x0#96)

letrec __tc_Show_String_show : (String) -> String =
λ__x0#98:Box.
    ToString(__x0#98)

letrec __tc_Show_Bool_show : (Bool) -> String =
λ__x0#100:Bool.
    ToString(__x0#100)

letrec __tc_Semigroup_String_append : (String, String) -> String =
λ__x0#102:Box, __x1#103:Box.
    string_concat#989(__x0#102, __x1#103)

letrec eq : forall a. (a, a) -> Bool =
λ__x0#105, __x1#106.
    Panic("No instance of Eq.eq for the given type")

letrec neq : forall a. (a, a) -> Bool =
λ__x0#108, __x1#109.
    Panic("No instance of Eq.neq for the given type")

letrec compare : forall a. (a, a) -> Int =
λ__x0#111, __x1#112.
    Panic("No instance of Ord.compare for the given type")

letrec lt : forall a. (a, a) -> Bool =
λ__x0#114, __x1#115.
    Panic("No instance of Ord.lt for the given type")

letrec lte : forall a. (a, a) -> Bool =
λ__x0#117, __x1#118.
    Panic("No instance of Ord.lte for the given type")

letrec gt : forall a. (a, a) -> Bool =
λ__x0#120, __x1#121.
    Panic("No instance of Ord.gt for the given type")

letrec gte : forall a. (a, a) -> Bool =
λ__x0#123, __x1#124.
    Panic("No instance of Ord.gte for the given type")

letrec add : forall a. (a, a) -> a =
λ__x0#126, __x1#127.
    Panic("No instance of Num.add for the given type")

letrec sub : forall a. (a, a) -> a =
λ__x0#129, __x1#130.
    Panic("No instance of Num.sub for the given type")

letrec mul : forall a. (a, a) -> a =
λ__x0#132, __x1#133.
    Panic("No instance of Num.mul for the given type")

letrec show : forall a. (a) -> String =
λ__x0#135.
    Panic("No instance of Show.show for the given type")

letrec assert_failed =
λname#137.
    let %t7 = Add("ASSERTION FAILED: ", name#137)
    Println(#4001054[synthetic]#1054)

letrec assert_eq =
λa#139, b#140.
    let %t8 = CmpEq(a#139, b#140)
    case #4001055[synthetic]#1055 of
      true →
        MakeTuple()
      _ →
        let %t9 = assert_failed#136("assert_eq")
        let %t10 = Println(a#139)
        let %t11 = Println(b#140)
        Panic("assert_eq failed")

letrec assert_neq =
λa#145, b#146.
    let %t12 = CmpNe(a#145, b#146)
    case #4001056[synthetic]#1056 of
      true →
        MakeTuple()
      _ →
        let %t13 = assert_failed#136("assert_neq")
        Panic("assert_neq failed")

letrec assert_true =
λx#149:Bool.
    case x#149 of
      true →
        MakeTuple()
      _ →
        Panic("assert_true failed")

letrec assert_false =
λx#151:Bool.
    let %t14:Bool = Not(x#151)
    case #4001057[synthetic]#1057 of
      true →
        MakeTuple()
      _ →
        Panic("assert_false failed")

letrec assert_gt =
λa#153, b#154.
    let %t15:Bool = Gt(a#153, b#154)
    case #4001058[synthetic]#1058 of
      true →
        MakeTuple()
      _ →
        Panic("assert_gt failed")

letrec assert_lt =
λa#156, b#157.
    let %t16:Bool = Lt(a#156, b#157)
    case #4001059[synthetic]#1059 of
      true →
        MakeTuple()
      _ →
        Panic("assert_lt failed")

letrec assert_gte =
λa#159, b#160.
    let %t17 = gte#122(a#159, b#160)
    case #4001060[synthetic]#1060 of
      true →
        MakeTuple()
      _ →
        Panic("assert_gte failed")

letrec assert_lte =
λa#162, b#163.
    let %t18:Bool = Le(a#162, b#163)
    case #4001061[synthetic]#1061 of
      true →
        MakeTuple()
      _ →
        Panic("assert_lte failed")

letrec list_length =
λxs#165, acc#166.
    case xs#165 of
      ::(h#167, t#168:Int) →
        let %t19 = Add(acc#166, 1)
        list_length#164(t#168, #4001062[synthetic]#1062)
      _ →
        acc#166

letrec assert_len =
λcollection#170:Box, expected#171:Int.
    let actual#173:Box = (let %t20 = IsList(collection#170)
    case #4001063[synthetic]#1063 of
      true →
        list_length#164(collection#170, 0)
      _ →
        Len(collection#170))
    let %t21:Bool = Eq(actual#173, expected#171)
    case #4001064[synthetic]#1064 of
      true →
        MakeTuple()
      _ →
        let %t22 = assert_failed#136("assert_len")
        Panic("assert_len failed")

letrec assert_msg =
λcondition#175:Bool, message#176:Box.
    case condition#175 of
      true →
        MakeTuple()
      _ →
        Panic(message#176)

letrec map =
λarr#178:Box, f#179.
    letrec map_go#180 = (λidx#181, acc#182.
      let %t23:Bool = (let %t24 = Len(arr#178)
      Ge(idx#181, #4001065[synthetic]#1065))
      case #4001066[synthetic]#1066 of
        true →
          acc#182
        _ →
          let %t25 = Index(arr#178, idx#181)
          case #4001067[synthetic]#1067 of
            Some(v#183) →
              let %t26 = Add(idx#181, 1)
              let %t27 = (let %t28 = f#179(v#183)
              push#1013(acc#182, #4001069[synthetic]#1069))
              map_go#180(#4001068[synthetic]#1068, #4001070[synthetic]#1070)
            _ →
              let %t29 = Add(idx#181, 1)
              map_go#180(#4001071[synthetic]#1071, acc#182))
    let %t30:Box = MakeArray()
    map_go#180(0, #4001072[synthetic]#1072)

letrec filter =
λarr#185:Box, pred#186.
    letrec filter_go#187 = (λidx#188, acc#189.
      let %t31:Bool = (let %t32 = Len(arr#185)
      Ge(idx#188, #4001073[synthetic]#1073))
      case #4001074[synthetic]#1074 of
        true →
          acc#189
        _ →
          let %t33 = Index(arr#185, idx#188)
          case #4001075[synthetic]#1075 of
            Some(v#190) →
              let %t34 = pred#186(v#190)
              case #4001076[synthetic]#1076 of
                true →
                  let %t35 = Add(idx#188, 1)
                  let %t36 = push#1013(acc#189, v#190)
                  filter_go#187(#4001077[synthetic]#1077, #4001078[synthetic]#1078)
                _ →
                  let %t37 = Add(idx#188, 1)
                  filter_go#187(#4001079[synthetic]#1079, acc#189)
            _ →
              let %t38 = Add(idx#188, 1)
              filter_go#187(#4001080[synthetic]#1080, acc#189))
    let %t39:Box = MakeArray()
    filter_go#187(0, #4001081[synthetic]#1081)

letrec fold =
λarr#192:Box, acc#193, f#194.
    letrec fold_go#195 = (λidx#196, a#197.
      let %t40:Bool = (let %t41 = Len(arr#192)
      ICmpGe(idx#196, #4001082[synthetic]#1082))
      case #4001083[synthetic]#1083 of
        true →
          a#197
        _ →
          let %t42 = Index(arr#192, idx#196)
          case #4001084[synthetic]#1084 of
            Some(v#198) →
              let %t43 = Add(idx#196, 1)
              let %t44 = f#194(a#197, v#198)
              fold_go#195(#4001085[synthetic]#1085, #4001086[synthetic]#1086)
            _ →
              let %t45:Int = IAdd(idx#196, 1)
              fold_go#195(#4001087[synthetic]#1087, a#197))
    fold_go#195(0, acc#193)

letrec each =
λarr#200:Box, f#201.
    letrec each_go#202 = (λidx#203.
      let %t46:Bool = (let %t47 = Len(arr#200)
      Ge(idx#203, #4001088[synthetic]#1088))
      case #4001089[synthetic]#1089 of
        true →
          MakeTuple()
        _ →
          let %t48 = Index(arr#200, idx#203)
          case #4001090[synthetic]#1090 of
            Some(v#204) →
              let %t49 = f#201(v#204)
              let %t50 = Add(idx#203, 1)
              each_go#202(#4001091[synthetic]#1091)
            _ →
              let %t51 = Add(idx#203, 1)
              each_go#202(#4001092[synthetic]#1092))
    each_go#202(0)

letrec any =
λarr#207:Box, pred#208.
    letrec any_go#209 = (λidx#210.
      let %t52:Bool = (let %t53 = Len(arr#207)
      Ge(idx#210, #4001093[synthetic]#1093))
      case #4001094[synthetic]#1094 of
        true →
          false
        _ →
          let %t54 = Index(arr#207, idx#210)
          case #4001095[synthetic]#1095 of
            Some(v#211) →
              let %t55 = pred#208(v#211)
              case #4001096[synthetic]#1096 of
                true →
                  true
                _ →
                  let %t56 = Add(idx#210, 1)
                  any_go#209(#4001097[synthetic]#1097)
            _ →
              let %t57 = Add(idx#210, 1)
              any_go#209(#4001098[synthetic]#1098))
    any_go#209(0)

letrec all =
λarr#213:Box, pred#214.
    letrec all_go#215 = (λidx#216.
      let %t58:Bool = (let %t59 = Len(arr#213)
      ICmpGe(idx#216, #4001099[synthetic]#1099))
      case #4001100[synthetic]#1100 of
        true →
          true
        _ →
          let %t60 = Index(arr#213, idx#216)
          case #4001101[synthetic]#1101 of
            Some(v#217) →
              let %t61 = pred#214(v#217)
              case #4001102[synthetic]#1102 of
                true →
                  let %t62 = Add(idx#216, 1)
                  all_go#215(#4001103[synthetic]#1103)
                _ →
                  false
            _ →
              let %t63 = Add(idx#216, 1)
              all_go#215(#4001104[synthetic]#1104))
    all_go#215(0)

letrec find =
λarr#219:Box, pred#220.
    letrec find_go#221 = (λidx#222.
      let %t64:Bool = (let %t65 = Len(arr#219)
      Ge(idx#222, #4001105[synthetic]#1105))
      case #4001106[synthetic]#1106 of
        true →
          None
        _ →
          let %t66 = Index(arr#219, idx#222)
          case #4001107[synthetic]#1107 of
            Some(v#223) →
              let %t67 = pred#220(v#223)
              case #4001108[synthetic]#1108 of
                true →
                  Some(v#223)
                _ →
                  let %t68 = Add(idx#222, 1)
                  find_go#221(#4001109[synthetic]#1109)
            _ →
              let %t69 = Add(idx#222, 1)
              find_go#221(#4001110[synthetic]#1110))
    find_go#221(0)

letrec count =
λarr#225:Box, pred#226.
    letrec count_go#227 = (λidx#228, n#229.
      let %t70:Bool = (let %t71 = Len(arr#225)
      Ge(idx#228, #4001111[synthetic]#1111))
      case #4001112[synthetic]#1112 of
        true →
          n#229
        _ →
          let %t72 = Index(arr#225, idx#228)
          case #4001113[synthetic]#1113 of
            Some(v#230) →
              let %t73 = pred#226(v#230)
              case #4001114[synthetic]#1114 of
                true →
                  let %t74 = Add(idx#228, 1)
                  let %t75 = Add(n#229, 1)
                  count_go#227(#4001115[synthetic]#1115, #4001116[synthetic]#1116)
                _ →
                  let %t76 = Add(idx#228, 1)
                  count_go#227(#4001117[synthetic]#1117, n#229)
            _ →
              let %t77 = Add(idx#228, 1)
              count_go#227(#4001118[synthetic]#1118, n#229))
    count_go#227(0, 0)

letrec flat_map =
λarr#232:Box, f#233.
    letrec flat_map_go#234 = (λidx#235, acc#236.
      let %t78:Bool = (let %t79 = Len(arr#232)
      Ge(idx#235, #4001119[synthetic]#1119))
      case #4001120[synthetic]#1120 of
        true →
          acc#236
        _ →
          let %t80 = Index(arr#232, idx#235)
          case #4001121[synthetic]#1121 of
            Some(v#237) →
              let %t81 = Add(idx#235, 1)
              let %t82 = (let %t83 = f#233(v#237)
              concat#451(acc#236, #4001123[synthetic]#1123))
              flat_map_go#234(#4001122[synthetic]#1122, #4001124[synthetic]#1124)
            _ →
              let %t84 = Add(idx#235, 1)
              flat_map_go#234(#4001125[synthetic]#1125, acc#236))
    let %t85:Box = MakeArray()
    flat_map_go#234(0, #4001126[synthetic]#1126)

letrec flatten =
λarr#239:Box.
    letrec flatten_go#240 = (λidx#241, acc#242.
      let %t86:Bool = (let %t87 = Len(arr#239)
      Ge(idx#241, #4001127[synthetic]#1127))
      case #4001128[synthetic]#1128 of
        true →
          acc#242
        _ →
          let %t88 = Index(arr#239, idx#241)
          case #4001129[synthetic]#1129 of
            Some(v#243) →
              let %t89 = Add(idx#241, 1)
              let %t90 = concat#451(acc#242, v#243)
              flatten_go#240(#4001130[synthetic]#1130, #4001131[synthetic]#1131)
            _ →
              let %t91 = Add(idx#241, 1)
              flatten_go#240(#4001132[synthetic]#1132, acc#242))
    let %t92:Box = MakeArray()
    flatten_go#240(0, #4001133[synthetic]#1133)

letrec zip =
λa_arr#245:Box, b_arr#246:Box.
    let min_len#252:Box = (let %t93:Bool = (let %t94 = Len(a_arr#245)
    let %t95 = Len(b_arr#246)
    Lt(#4001134[synthetic]#1134, #4001135[synthetic]#1135))
    case #4001136[synthetic]#1136 of
      true →
        Len(a_arr#245)
      _ →
        Len(b_arr#246))
    letrec zip_go#247 = (λidx#248, acc#249.
      let %t96:Bool = Ge(idx#248, min_len#252)
      case #4001137[synthetic]#1137 of
        true →
          acc#249
        _ →
          let %t97 = Index(a_arr#245, idx#248)
          case #4001138[synthetic]#1138 of
            Some(va#250) →
              let %t98 = Index(b_arr#246, idx#248)
              case #4001139[synthetic]#1139 of
                Some(vb#251) →
                  let %t99 = Add(idx#248, 1)
                  let %t100 = (let %t101:Box = MakeTuple(va#250, vb#251)
                  push#1013(acc#249, #4001141[synthetic]#1141))
                  zip_go#247(#4001140[synthetic]#1140, #4001142[synthetic]#1142)
                _ →
                  acc#249
            _ →
              acc#249)
    let %t102:Box = MakeArray()
    zip_go#247(0, #4001143[synthetic]#1143)

letrec contains =
λarr#254:Box, x#255.
    let %t103:Box = (λv#256:Box.
      eq#104(v#256, x#255))
    any#453(arr#254, #4001144[synthetic]#1144)

letrec concat =
λleft#258, right#259.
    ArrayConcat(left#258, right#259)

letrec get =
λarr#261, i#262.
    array_get#?[external](arr#261, i#262)

letrec length =
λarr#264:Box.
    array_len#?[external](arr#264)

letrec push =
λarr#266:Box, value#267.
    ArrayPush(arr#266, value#267)

letrec reverse =
λarr#269:Box.
    let %t104:Bool = (let %t105 = Len(arr#269)
    Eq(#4001145[synthetic]#1145, 0))
    case #4001146[synthetic]#1146 of
      true →
        MakeArray()
      _ →
        let %t106 = Index(arr#269, 0)
        case #4001147[synthetic]#1147 of
          Some(v#270) →
            let %t107 = (let %t108 = (let %t109 = Len(arr#269)
            slice#271(arr#269, 1, #4001148[synthetic]#1148))
            reverse#576(#4001149[synthetic]#1149))
            let %t110:Box = MakeArray(v#270)
            concat#451(#4001150[synthetic]#1150, #4001151[synthetic]#1151)
          _ →
            MakeArray()

letrec slice =
λarr#272, start#273, end#274.
    ArraySlice(arr#272, start#273, end#274)

letrec update =
λarr#276, index#277, value#278.
    array_set#?[external](arr#276, index#277, value#278)

letrec sum =
λarr#280:Box.
    let %t111:Box = (λa#281, x#282.
      Add(a#281, x#282))
    fold#416(arr#280, 0, #4001152[synthetic]#1152)

letrec product =
λarr#284:Box.
    let %t112:Box = (λa#285, x#286.
      Mul(a#285, x#286))
    fold#416(arr#284, 1, #4001153[synthetic]#1153)

letrec maximum =
λarr#288:Box.
    letrec maximum_go#290 = (λi#291, best#292.
      let %t113:Bool = (let %t114 = Len(arr#288)
      Ge(i#291, #4001154[synthetic]#1154))
      case #4001155[synthetic]#1155 of
        true →
          best#292
        _ →
          let %t115 = Index(arr#288, i#291)
          case #4001156[synthetic]#1156 of
            Some(v#293) →
              let %t116 = Add(i#291, 1)
              let %t117 = (let %t118:Bool = Gt(v#293, best#292)
              case #4001158[synthetic]#1158 of
                true →
                  v#293
                _ →
                  best#292)
              maximum_go#290(#4001157[synthetic]#1157, #4001159[synthetic]#1159)
            _ →
              let %t119 = Add(i#291, 1)
              maximum_go#290(#4001160[synthetic]#1160, best#292))
    let %t120:Bool = (let %t121 = Len(arr#288)
    Eq(#4001161[synthetic]#1161, 0))
    case #4001162[synthetic]#1162 of
      true →
        0
      _ →
        let %t122 = Index(arr#288, 0)
        case #4001163[synthetic]#1163 of
          Some(first#289) →
            maximum_go#290(1, first#289)
          _ →
            0

letrec minimum =
λarr#295:Box.
    letrec minimum_go#297 = (λi#298, best#299.
      let %t123:Bool = (let %t124 = Len(arr#295)
      Ge(i#298, #4001164[synthetic]#1164))
      case #4001165[synthetic]#1165 of
        true →
          best#299
        _ →
          let %t125 = Index(arr#295, i#298)
          case #4001166[synthetic]#1166 of
            Some(v#300) →
              let %t126 = Add(i#298, 1)
              let %t127 = (let %t128:Bool = Lt(v#300, best#299)
              case #4001168[synthetic]#1168 of
                true →
                  v#300
                _ →
                  best#299)
              minimum_go#297(#4001167[synthetic]#1167, #4001169[synthetic]#1169)
            _ →
              let %t129 = Add(i#298, 1)
              minimum_go#297(#4001170[synthetic]#1170, best#299))
    let %t130:Bool = (let %t131 = Len(arr#295)
    Eq(#4001171[synthetic]#1171, 0))
    case #4001172[synthetic]#1172 of
      true →
        0
      _ →
        let %t132 = Index(arr#295, 0)
        case #4001173[synthetic]#1173 of
          Some(first#296) →
            minimum_go#297(1, first#296)
          _ →
            0

letrec first =
λarr#302.
    Index(arr#302, 0)

letrec last =
λarr#304:Box.
    let n#305 = Len(arr#304)
    let %t133:Bool = Eq(n#305, 0)
    case #4001174[synthetic]#1174 of
      true →
        None
      _ →
        let %t134 = Sub(n#305, 1)
        Index(arr#304, #4001175[synthetic]#1175)

letrec range =
λstart#307:Int, stop#308:Int.
    letrec range_go#309 = (λi#310, acc#311.
      let %t135:Bool = Ge(i#310, stop#308)
      case #4001176[synthetic]#1176 of
        true →
          acc#311
        _ →
          let %t136 = Add(i#310, 1)
          let %t137 = push#1013(acc#311, i#310)
          range_go#309(#4001177[synthetic]#1177, #4001178[synthetic]#1178))
    let %t138:Box = MakeArray()
    range_go#309(start#307, #4001179[synthetic]#1179)

letrec sort =
λarr#313:Box.
    let %t139:Box = (λv#314.
      v#314)
    sort_by#536(arr#313, #4001180[synthetic]#1180)

letrec sort_by =
λarr#316:Box, f#317.
    letrec insert_tagged#323 = (λsorted#324, pair#325, idx#326.
      let %t140:Bool = (let %t141 = Len(sorted#324)
      Ge(idx#326, #4001181[synthetic]#1181))
      case #4001182[synthetic]#1182 of
        true →
          push#1013(sorted#324, pair#325)
        _ →
          let %t142 = Index(sorted#324, idx#326)
          case #4001183[synthetic]#1183 of
            Some(current#327) →
              let %t143:Bool = (let %t144 = pair#325.0
              let %t145 = current#327.0
              Le(#4001184[synthetic]#1184, #4001185[synthetic]#1185))
              case #4001186[synthetic]#1186 of
                true →
                  let left#329:Int = slice#271(sorted#324, 0, idx#326)
                  let right#328:Int = (let %t146 = Len(sorted#324)
                  slice#271(sorted#324, idx#326, #4001187[synthetic]#1187))
                  let %t147 = (let %t148:Box = MakeArray(pair#325)
                  concat#451(left#329, #4001188[synthetic]#1188))
                  concat#451(#4001189[synthetic]#1189, right#328)
                _ →
                  let %t149 = Add(idx#326, 1)
                  insert_tagged#323(sorted#324, pair#325, #4001190[synthetic]#1190)
            _ →
              push#1013(sorted#324, pair#325))
    letrec sort_by_go#319 = (λidx#320, pairs#321.
      let %t150:Bool = (let %t151 = Len(arr#316)
      Ge(idx#320, #4001191[synthetic]#1191))
      case #4001192[synthetic]#1192 of
        true →
          pairs#321
        _ →
          let %t152 = Index(arr#316, idx#320)
          case #4001193[synthetic]#1193 of
            Some(v#322) →
              let %t153 = Add(idx#320, 1)
              let %t154 = (let %t155:Box = (let %t156 = f#317(v#322)
              MakeTuple(#4001195[synthetic]#1195, v#322))
              insert_tagged#323(pairs#321, #4001196[synthetic]#1196, 0))
              sort_by_go#319(#4001194[synthetic]#1194, #4001197[synthetic]#1197)
            _ →
              let %t157 = Add(idx#320, 1)
              sort_by_go#319(#4001198[synthetic]#1198, pairs#321))
    let %t158 = (let %t159:Box = MakeArray()
    sort_by_go#319(0, #4001199[synthetic]#1199))
    let %t160:Box = (λp#318.
      p#318.1)
    map#400(#4001200[synthetic]#1200, #4001201[synthetic]#1201)

letrec take =
λarr#331:Box, n#332:Int.
    let %t161 = (let %t162:Bool = (let %t163 = Len(arr#331)
    Gt(n#332, #4001202[synthetic]#1202))
    case #4001203[synthetic]#1203 of
      true →
        Len(arr#331)
      _ →
        n#332)
    slice#271(arr#331, 0, #4001204[synthetic]#1204)

letrec drop =
λarr#334:Box, n#335:Int.
    let %t164 = (let %t165:Bool = (let %t166 = Len(arr#334)
    Gt(n#335, #4001205[synthetic]#1205))
    case #4001206[synthetic]#1206 of
      true →
        Len(arr#334)
      _ →
        n#335)
    let %t167 = Len(arr#334)
    slice#271(arr#334, #4001207[synthetic]#1207, #4001208[synthetic]#1208)

letrec swap =
λarr#337, i#338, j#339.
    let %t168 = Index(arr#337, i#338)
    case #4001209[synthetic]#1209 of
      Some(vi#340) →
        let %t169 = Index(arr#337, j#339)
        case #4001210[synthetic]#1210 of
          Some(vj#341) →
            let %t170 = update#275(arr#337, i#338, vj#341)
            update#275(#4001211[synthetic]#1211, j#339, vi#340)
          _ →
            arr#337
      _ →
        arr#337

letrec enumerate =
λarr#343:Box.
    letrec enumerate_go#344 = (λidx#345, acc#346.
      let %t171:Bool = (let %t172 = Len(arr#343)
      Ge(idx#345, #4001212[synthetic]#1212))
      case #4001213[synthetic]#1213 of
        true →
          acc#346
        _ →
          let %t173 = Index(arr#343, idx#345)
          case #4001214[synthetic]#1214 of
            Some(v#347) →
              let %t174 = Add(idx#345, 1)
              let %t175 = (let %t176:Box = MakeTuple(idx#345, v#347)
              push#1013(acc#346, #4001216[synthetic]#1216))
              enumerate_go#344(#4001215[synthetic]#1215, #4001217[synthetic]#1217)
            _ →
              let %t177:Int = IAdd(idx#345, 1)
              enumerate_go#344(#4001218[synthetic]#1218, acc#346))
    let %t178:Box = MakeArray()
    enumerate_go#344(0, #4001219[synthetic]#1219)

letrec tabulate =
λn#349, f#350.
    letrec tabulate_go#351 = (λi#352, acc#353.
      let %t179:Bool = Ge(i#352, n#349)
      case #4001220[synthetic]#1220 of
        true →
          acc#353
        _ →
          let %t180 = Add(i#352, 1)
          let %t181 = (let %t182 = f#350(i#352)
          push#1013(acc#353, #4001222[synthetic]#1222))
          tabulate_go#351(#4001221[synthetic]#1221, #4001223[synthetic]#1223))
    let %t183:Box = MakeArray()
    tabulate_go#351(0, #4001224[synthetic]#1224)

letrec from_list =
λxs#355.
    letrec from_list_go#356 = (λys#357, acc#358.
      case ys#357 of
        ::(h#359, t#360) →
          let %t184 = push#1013(acc#358, h#359)
          from_list_go#356(t#360, #4001225[synthetic]#1225)
        _ →
          acc#358)
    let %t185:Box = MakeArray()
    from_list_go#356(xs#355, #4001226[synthetic]#1226)

letrec find_index =
λarr#362, pred#363.
    letrec find_index_go#364 = (λidx#365.
      let %t186:Bool = (let %t187 = Len(arr#362)
      Ge(idx#365, #4001227[synthetic]#1227))
      case #4001228[synthetic]#1228 of
        true →
          None
        _ →
          let %t188 = Index(arr#362, idx#365)
          case #4001229[synthetic]#1229 of
            Some(v#366) →
              let %t189 = pred#363(v#366)
              case #4001230[synthetic]#1230 of
                true →
                  Some(idx#365)
                _ →
                  let %t190 = Add(idx#365, 1)
                  find_index_go#364(#4001231[synthetic]#1231)
            _ →
              let %t191 = Add(idx#365, 1)
              find_index_go#364(#4001232[synthetic]#1232))
    find_index_go#364(0)

letrec each_indexed =
λarr#368, f#369.
    letrec each_indexed_go#370 = (λidx#371.
      let %t192:Bool = (let %t193 = Len(arr#368)
      Ge(idx#371, #4001233[synthetic]#1233))
      case #4001234[synthetic]#1234 of
        true →
          MakeTuple()
        _ →
          let %t194 = Index(arr#368, idx#371)
          case #4001235[synthetic]#1235 of
            Some(v#372) →
              let %t195 = f#369(idx#371, v#372)
              let %t196 = Add(idx#371, 1)
              each_indexed_go#370(#4001236[synthetic]#1236)
            _ →
              let %t197 = Add(idx#371, 1)
              each_indexed_go#370(#4001237[synthetic]#1237))
    each_indexed_go#370(0)

letrec update_many =
λarr#375, pairs#376.
    letrec update_many_go#377 = (λa#378, ps#379.
      case ps#379 of
        ::(p#380, rest#381) →
          let %t198 = (let %t199 = p#380.0
          let %t200 = p#380.1
          update#275(a#378, #4001238[synthetic]#1238, #4001239[synthetic]#1239))
          update_many_go#377(#4001240[synthetic]#1240, rest#381)
        _ →
          a#378)
    update_many_go#377(arr#375, pairs#376)

letrec accum =
λsize#383, init#384, pairs#385, f#386.
    let base#393:Box = (let %t201:Box = (λ_#394.
      init#384)
    tabulate#348(size#383, #4001241[synthetic]#1241))
    letrec accum_go#387 = (λa#388, ps#389.
      case ps#389 of
        ::(p#390, rest#391) →
          let %t202 = (let %t203 = p#390.0
          Index(a#388, #4001242[synthetic]#1242))
          case #4001243[synthetic]#1243 of
            Some(cur#392) →
              let %t204 = (let %t205 = p#390.0
              let %t206 = (let %t207 = p#390.1
              f#386(cur#392, #4001245[synthetic]#1245))
              update#275(a#388, #4001244[synthetic]#1244, #4001246[synthetic]#1246))
              accum_go#387(#4001247[synthetic]#1247, rest#391)
            _ →
              accum_go#387(a#388, rest#391)
        _ →
          a#388)
    accum_go#387(base#393, pairs#385)

letrec to_list =
λarr#396.
    letrec to_list_go#397 = (λidx#398.
      let %t208:Bool = (let %t209 = Len(arr#396)
      Ge(idx#398, #4001248[synthetic]#1248))
      case #4001249[synthetic]#1249 of
        true →
          []
        _ →
          let %t210 = Index(arr#396, idx#398)
          case #4001250[synthetic]#1250 of
            Some(v#399) →
              let %t211 = (let %t212 = Add(idx#398, 1)
              to_list_go#397(#4001251[synthetic]#1251))
              ::(v#399, #4001252[synthetic]#1252)
            _ →
              let %t213 = Add(idx#398, 1)
              to_list_go#397(#4001253[synthetic]#1253))
    to_list_go#397(0)

letrec map =
λxs#401:Box, f#402.
    letrec map_acc#403 = (λys#404, acc#405.
      case ys#404 of
        ::(h#406:Int, t#407:Box) →
          let %t214:Box = (let %t215 = f#402(h#406)
          ::(#4001254[synthetic]#1254, acc#405))
          map_acc#403(t#407, #4001255[synthetic]#1255)
        _ →
          reverse#576(acc#405))
    let %t216:Unit = []
    map_acc#403(xs#401, #4001256[synthetic]#1256)

letrec filter =
λxs#409:Box, pred#410.
    letrec filter_acc#411 = (λys#412, acc#413.
      case ys#412 of
        ::(h#414, t#415:Box) →
          let %t217 = pred#410(h#414)
          case #4001257[synthetic]#1257 of
            true →
              let %t218:Box = ::(h#414, acc#413)
              filter_acc#411(t#415, #4001258[synthetic]#1258)
            _ →
              filter_acc#411(t#415, acc#413)
        _ →
          reverse#576(acc#413))
    let %t219:Unit = []
    filter_acc#411(xs#409, #4001259[synthetic]#1259)

letrec fold =
λxs#417:Box, acc#418, f#419.
    letrec fold_list#420 = (λys#421, a#422.
      case ys#421 of
        ::(h#423, t#424:Int) →
          let %t220 = f#419(a#422, h#423)
          fold_list#420(t#424, #4001260[synthetic]#1260)
        _ →
          a#422)
    fold_list#420(xs#417, acc#418)

letrec foldr =
λxs#426:Box, acc#427, f#428.
    case xs#426 of
      ::(h#429, t#430:Int) →
        let %t221 = foldr#425(t#430, acc#427, f#428)
        f#428(h#429, #4001261[synthetic]#1261)
      _ →
        acc#427

letrec fold1 =
λxs#432:Box, f#433.
    case xs#432 of
      ::(h#434, t#435:Box) →
        fold#416(t#435, h#434, f#433)
      _ →
        Panic("fold1 called on empty list")

letrec flat_map =
λxs#437:Box, f#438.
    letrec flat_map_acc#439 = (λys#440, acc#441.
      case ys#440 of
        ::(h#442, t#443:Int) →
          let %t222 = (let %t223 = (let %t224 = f#438(h#442)
          reverse#576(#4001262[synthetic]#1262))
          append#694(#4001263[synthetic]#1263, acc#441))
          flat_map_acc#439(t#443, #4001264[synthetic]#1264)
        _ →
          reverse#576(acc#441))
    let %t225:Unit = []
    flat_map_acc#439(xs#437, #4001265[synthetic]#1265)

letrec flatten =
λxs#445:Box.
    letrec flatten_acc#446 = (λys#447, acc#448.
      case ys#447 of
        ::(h#449, t#450:Int) →
          let %t226 = (let %t227 = reverse#576(h#449)
          append#694(#4001266[synthetic]#1266, acc#448))
          flatten_acc#446(t#450, #4001267[synthetic]#1267)
        _ →
          reverse#576(acc#448))
    let %t228:Unit = []
    flatten_acc#446(xs#445, #4001268[synthetic]#1268)

letrec concat =
λxss#452:Box.
    flatten#444(xss#452)

letrec any =
λxs#454:Box, pred#455.
    case xs#454 of
      ::(h#456, t#457:Unit) →
        let %t229 = pred#455(h#456)
        case #4001269[synthetic]#1269 of
          true →
            true
          _ →
            any#453(t#457, pred#455)
      _ →
        false

letrec all =
λxs#459:Box, pred#460.
    case xs#459 of
      ::(h#461, t#462:Bool) →
        let %t230 = pred#460(h#461)
        case #4001270[synthetic]#1270 of
          true →
            all#458(t#462, pred#460)
          _ →
            false
      _ →
        true

letrec find =
λxs#464:Box, pred#465.
    case xs#464 of
      ::(h#466, t#467:Int) →
        let %t231 = pred#465(h#466)
        case #4001271[synthetic]#1271 of
          true →
            Some(h#466)
          _ →
            find#463(t#467, pred#465)
      _ →
        None

letrec count =
λxs#469:Box, pred#470.
    letrec count_go#471 = (λys#472, n#473.
      case ys#472 of
        ::(h#474, t#475:Int) →
          let %t232 = pred#470(h#474)
          case #4001272[synthetic]#1272 of
            true →
              let %t233:Int = IAdd(n#473, 1)
              count_go#471(t#475, #4001273[synthetic]#1273)
            _ →
              count_go#471(t#475, n#473)
        _ →
          n#473)
    count_go#471(xs#469, 0)

letrec each =
λxs#477:Box, f#478.
    case xs#477 of
      ::(h#479, t#480:Box) →
        let %t234 = f#478(h#479)
        let %t235 = Flow.List#?[external].each
        #4001274[synthetic]#1274(t#480, f#478)
      _ →
        MakeTuple()

letrec take =
λxs#483:Box, n#484:Int.
    letrec take_acc#485 = (λys#486, remaining#487, acc#488.
      let %t236:Bool = ICmpLe(remaining#487, 0)
      case #4001275[synthetic]#1275 of
        true →
          reverse#576(acc#488)
        _ →
          case ys#486 of
            ::(h#489, t#490:Box) →
              let %t237:Int = ISub(remaining#487, 1)
              let %t238:Box = ::(h#489, acc#488)
              take_acc#485(t#490, #4001276[synthetic]#1276, #4001277[synthetic]#1277)
            _ →
              reverse#576(acc#488))
    let %t239:Unit = []
    take_acc#485(xs#483, n#484, #4001278[synthetic]#1278)

letrec drop =
λxs#492:Box, n#493:Int.
    let %t240:Bool = ICmpLe(n#493, 0)
    case #4001279[synthetic]#1279 of
      true →
        xs#492
      _ →
        case xs#492 of
          ::(h#494, t#495:Box) →
            let %t241:Int = ISub(n#493, 1)
            drop#491(t#495, #4001280[synthetic]#1280)
          _ →
            []

letrec take_while =
λxs#497:Box, pred#498.
    letrec take_while_acc#499 = (λys#500, acc#501.
      case ys#500 of
        ::(h#502, t#503:Box) →
          let %t242 = pred#498(h#502)
          case #4001281[synthetic]#1281 of
            true →
              let %t243:Box = ::(h#502, acc#501)
              take_while_acc#499(t#503, #4001282[synthetic]#1282)
            _ →
              reverse#576(acc#501)
        _ →
          reverse#576(acc#501))
    let %t244:Unit = []
    take_while_acc#499(xs#497, #4001283[synthetic]#1283)

letrec drop_while =
λxs#505:Box, pred#506.
    case xs#505 of
      ::(h#507, t#508:Box) →
        let %t245 = pred#506(h#507)
        case #4001284[synthetic]#1284 of
          true →
            drop_while#504(t#508, pred#506)
          _ →
            xs#505
      _ →
        []

letrec split_at =
λxs#510:Box, n#511:Int.
    let %t246:Bool = ICmpLe(n#511, 0)
    case #4001285[synthetic]#1285 of
      true →
        let %t247:Unit = []
        MakeTuple(#4001286[synthetic]#1286, xs#510)
      _ →
        case xs#510 of
          ::(h#512, t#513:Box) →
            let %t248 = (let %t249:Int = ISub(n#511, 1)
            split_at#509(t#513, #4001287[synthetic]#1287))
            case #4001288[synthetic]#1288 of
              (left#514:Box, right#515:Box) →
                let %t250:Box = ::(h#512, left#514)
                MakeTuple(#4001289[synthetic]#1289, right#515)
          _ →
            let %t251:Unit = []
            let %t252:Unit = []
            MakeTuple(#4001290[synthetic]#1290, #4001291[synthetic]#1291)

letrec span =
λxs#517:Box, pred#518.
    case xs#517 of
      ::(h#519, t#520:Box) →
        let %t253 = pred#518(h#519)
        case #4001292[synthetic]#1292 of
          true →
            let %t254 = span#516(t#520, pred#518)
            case #4001293[synthetic]#1293 of
              (left#521:Box, right#522:Box) →
                let %t255:Box = ::(h#519, left#521)
                MakeTuple(#4001294[synthetic]#1294, right#522)
          _ →
            let %t256:Unit = []
            MakeTuple(#4001295[synthetic]#1295, xs#517)
      _ →
        let %t257:Unit = []
        let %t258:Unit = []
        MakeTuple(#4001296[synthetic]#1296, #4001297[synthetic]#1297)

letrec scanl =
λxs#524:Box, acc#525, f#526.
    let %t259 = scanl_rest#727(xs#524, acc#525, f#526)
    ::(acc#525, #4001298[synthetic]#1298)

letrec scanr =
λxs#528:Box, acc#529, f#530.
    let %t260 = scanr_go#751(xs#528, acc#529, f#530)
    case #4001299[synthetic]#1299 of
      (result#531:Box, last_acc#532) →
        result#531

letrec sort =
λxs#534:Box.
    let %t261:Box = (λx#535.
      x#535)
    merge_sort_by#770(xs#534, #4001300[synthetic]#1300)

letrec sort_by =
λxs#537:Box, f#538.
    merge_sort_by#770(xs#537, f#538)

letrec first =
λxs#540.
    case xs#540 of
      ::(h#541, t#542) →
        h#541
      _ →
        None

letrec last =
λxs#544:Box.
    case xs#544 of
      ::(h#545:Box, t#546:Box) →
        case t#546 of
          ::(h2#547:Box, t2#548:Box) →
            last#543(t#546)
          _ →
            h#545
      _ →
        None

letrec rest =
λxs#550:Box.
    case xs#550 of
      ::(h#551, t#552:Box) →
        t#552
      _ →
        []

letrec length =
λxs#554:Box.
    letrec length_go#555 = (λys#556, acc#557.
      case ys#556 of
        ::(h#558, t#559:Box) →
          let %t262:Int = IAdd(acc#557, 1)
          length_go#555(t#559, #4001301[synthetic]#1301)
        _ →
          acc#557)
    length_go#555(xs#554, 0)

letrec init =
λxs#561:Box.
    case xs#561 of
      ::(h#562, t#563:Box) →
        case t#563 of
          ::(h2#564, t2#565:Box) →
            let %t263 = init#560(t#563)
            ::(h#562, #4001302[synthetic]#1302)
          _ →
            []
      _ →
        Panic("init called on empty list")

letrec null =
λxs#567:Box.
    case xs#567 of
      ::(h#568, t#569:Box) →
        false
      _ →
        true

letrec range =
λstart#571:Int, stop#572:Int.
    letrec range_go#573 = (λcurrent#574, acc#575.
      let %t264:Bool = ICmpGe(current#574, stop#572)
      case #4001303[synthetic]#1303 of
        true →
          reverse#576(acc#575)
        _ →
          let %t265:Int = IAdd(current#574, 1)
          let %t266:Box = ::(current#574, acc#575)
          range_go#573(#4001304[synthetic]#1304, #4001305[synthetic]#1305))
    let %t267:Unit = []
    range_go#573(start#571, #4001306[synthetic]#1306)

letrec reverse =
λxs#577:Box.
    letrec rev_acc#578 = (λys#579, acc#580.
      case ys#579 of
        ::(h#581, t#582:Box) →
          let %t268:Box = ::(h#581, acc#580)
          rev_acc#578(t#582, #4001307[synthetic]#1307)
        _ →
          acc#580)
    let %t269:Unit = []
    rev_acc#578(xs#577, #4001308[synthetic]#1308)

letrec zip =
λxs#584:Box, ys#585:Box.
    let %t270 = (let %t271:Unit = []
    zip_go#788(xs#584, ys#585, #4001309[synthetic]#1309))
    reverse#576(#4001310[synthetic]#1310)

letrec zip_with =
λxs#587:Box, ys#588:Box, f#589.
    let %t272 = (let %t273:Unit = []
    zip_with_go#796(xs#587, ys#588, f#589, #4001311[synthetic]#1311))
    reverse#576(#4001312[synthetic]#1312)

letrec unzip =
λxs#591:Box.
    case xs#591 of
      ::((a#592, b#593), t#594:Box) →
        let %t274 = unzip#590(t#594)
        case #4001313[synthetic]#1313 of
          (left#595:Box, right#596:Box) →
            let %t275:Box = ::(a#592, left#595)
            let %t276:Box = ::(b#593, right#596)
            MakeTuple(#4001314[synthetic]#1314, #4001315[synthetic]#1315)
      _ →
        let %t277:Unit = []
        let %t278:Unit = []
        MakeTuple(#4001316[synthetic]#1316, #4001317[synthetic]#1317)

letrec enumerate =
λxs#598:Box.
    enumerate_go#712(xs#598, 0)

letrec contains =
λxs#600:Box, x#601.
    case xs#600 of
      ::(h#602, t#603:Box) →
        let %t279 = eq#104(h#602, x#601)
        case #4001318[synthetic]#1318 of
          true →
            true
          _ →
            contains#599(t#603, x#601)
      _ →
        false

letrec nub =
λxs#605:Box.
    let %t280:Box = (λx#606.
      x#606)
    unique_by#669(xs#605, #4001319[synthetic]#1319)

letrec partition =
λxs#608:Box, pred#609.
    case xs#608 of
      ::(h#610, t#611:Box) →
        let %t281 = partition#607(t#611, pred#609)
        case #4001320[synthetic]#1320 of
          (yes#612:Box, no#613:Box) →
            let %t282 = pred#609(h#610)
            case #4001321[synthetic]#1321 of
              true →
                let %t283:Box = ::(h#610, yes#612)
                MakeTuple(#4001322[synthetic]#1322, no#613)
              _ →
                let %t284:Box = ::(h#610, no#613)
                MakeTuple(yes#612, #4001323[synthetic]#1323)
      _ →
        let %t285:Unit = []
        let %t286:Unit = []
        MakeTuple(#4001324[synthetic]#1324, #4001325[synthetic]#1325)

letrec delete =
λxs#615:Box, x#616.
    delete_go#617(xs#615, x#616)

letrec delete_go =
λxs#618, x#619.
    let %t287:Unit = []
    delete_go_acc#620(xs#618, x#619, #4001326[synthetic]#1326)

letrec delete_go_acc =
λxs#621, x#622, acc#623.
    case xs#621 of
      ::(h#624, t#625:Box) →
        let %t288:Bool = Eq(h#624, x#622)
        case #4001327[synthetic]#1327 of
          true →
            let %t289 = reverse#576(acc#623)
            let %t290 = clone_list#626(t#625)
            append#694(#4001328[synthetic]#1328, #4001329[synthetic]#1329)
          _ →
            let %t291:Box = ::(h#624, acc#623)
            delete_go_acc#620(t#625, x#622, #4001330[synthetic]#1330)
      _ →
        reverse#576(acc#623)

letrec clone_list =
λxs#627.
    case xs#627 of
      ::(h#628, t#629:Box) →
        let %t292 = clone_list#626(t#629)
        ::(h#628, #4001331[synthetic]#1331)
      _ →
        []

letrec intersperse =
λxs#631:Box, sep#632.
    case xs#631 of
      ::(h#633, t#634:Box) →
        let %t293 = intersperse_rest#717(t#634, sep#632)
        ::(h#633, #4001332[synthetic]#1332)
      _ →
        []

letrec intercalate =
λxss#636:Box, sep#637:Box.
    let %t294 = intersperse#630(xss#636, sep#637)
    concat#451(#4001333[synthetic]#1333)

letrec is_prefix =
λprefix#639:Box, xs#640:Box.
    case prefix#639 of
      ::(p#641, pt#642:Box) →
        case xs#640 of
          ::(x#643, xt#644:Box) →
            let %t295 = eq#104(p#641, x#643)
            case #4001334[synthetic]#1334 of
              true →
                is_prefix#638(pt#642, xt#644)
              _ →
                false
          _ →
            false
      _ →
        true

letrec is_suffix =
λsuffix#646:Box, xs#647:Box.
    let %t296 = reverse#576(suffix#646)
    let %t297 = reverse#576(xs#647)
    is_prefix#638(#4001335[synthetic]#1335, #4001336[synthetic]#1336)

letrec nth =
λxs#649:Box, n#650:Int.
    let %t298:Bool = ICmpLt(n#650, 0)
    case #4001337[synthetic]#1337 of
      true →
        None
      _ →
        case xs#649 of
          ::(h#651, t#652:Box) →
            let %t299:Bool = ICmpEq(n#650, 0)
            case #4001338[synthetic]#1338 of
              true →
                Some(h#651)
              _ →
                let %t300:Int = ISub(n#650, 1)
                nth#648(t#652, #4001339[synthetic]#1339)
          _ →
            None

letrec replicate =
λn#654:Int, x#655.
    let %t301:Bool = ICmpLe(n#654, 0)
    case #4001340[synthetic]#1340 of
      true →
        []
      _ →
        let %t302 = (let %t303:Int = ISub(n#654, 1)
        replicate#653(#4001341[synthetic]#1341, x#655))
        ::(x#655, #4001342[synthetic]#1342)

letrec iterate =
λx#657, f#658, n#659:Int.
    let %t304:Bool = ICmpLe(n#659, 0)
    case #4001343[synthetic]#1343 of
      true →
        []
      _ →
        let %t305 = (let %t306 = f#658(x#657)
        let %t307:Int = ISub(n#659, 1)
        iterate#656(#4001344[synthetic]#1344, f#658, #4001345[synthetic]#1345))
        ::(x#657, #4001346[synthetic]#1346)

letrec unfold =
λseed#661, f#662.
    let %t308 = f#662(seed#661)
    case #4001347[synthetic]#1347 of
      Some(step#663:Box) →
        let %t309 = step#663.0
        let %t310 = (let %t311 = step#663.1
        unfold#660(#4001349[synthetic]#1349, f#662))
        ::(#4001348[synthetic]#1348, #4001350[synthetic]#1350)
      _ →
        []

letrec group_by =
λxs#665:Box, eq#666.
    case xs#665 of
      ::(h#667, t#668:Box) →
        group_by_head#805(h#667, t#668, eq#666)
      _ →
        []

letrec unique_by =
λxs#670:Box, f#671.
    let %t312 = (let %t313:Unit = []
    let %t314:Unit = []
    unique_by_go#737(xs#670, f#671, #4001351[synthetic]#1351, #4001352[synthetic]#1352))
    reverse#576(#4001353[synthetic]#1353)

letrec maximum =
λxs#673:Box.
    case xs#673 of
      ::(h#674, t#675:Box) →
        let %t315 = maximum_go#812(t#675, h#674)
        Some(#4001354[synthetic]#1354)
      _ →
        None

letrec minimum =
λxs#677:Box.
    case xs#677 of
      ::(h#678, t#679:Box) →
        let %t316 = minimum_go#817(t#679, h#678)
        Some(#4001355[synthetic]#1355)
      _ →
        None

letrec sum =
λxs#681:Box.
    letrec sum_go#682 = (λys#683, acc#684.
      case ys#683 of
        ::(h#685:Int, t#686:Box) →
          let %t317:Int = IAdd(acc#684, h#685)
          sum_go#682(t#686, #4001356[synthetic]#1356)
        _ →
          acc#684)
    sum_go#682(xs#681, 0)

letrec product =
λxs#688:Box.
    letrec product_go#689 = (λys#690, acc#691.
      case ys#690 of
        ::(h#692:Int, t#693:Box) →
          let %t318:Int = IMul(acc#691, h#692)
          product_go#689(t#693, #4001357[synthetic]#1357)
        _ →
          acc#691)
    product_go#689(xs#688, 1)

letrec append =
λxs#695, ys#696.
    case xs#695 of
      ::(h#697, t#698:Box) →
        let %t319 = append#694(t#698, ys#696)
        ::(h#697, #4001358[synthetic]#1358)
      _ →
        ys#696

letrec break_at =
λxs#700:Box, pred#701.
    let %t320:Box = (λx#702.
      let %t321 = pred#701(x#702)
      Not(#4001359[synthetic]#1359))
    span#516(xs#700, #4001360[synthetic]#1360)

letrec lookup =
λxs#704:Box, key#705.
    case xs#704 of
      ::((k#706, v#707), t#708:Box) →
        let %t322 = eq#104(k#706, key#705)
        case #4001361[synthetic]#1361 of
          true →
            Some(v#707)
          _ →
            lookup#703(t#708, key#705)
      _ →
        None

letrec not_elem =
λxs#710:Box, x#711.
    let %t323 = contains#599(xs#710, x#711)
    Not(#4001362[synthetic]#1362)

letrec enumerate_go =
λxs#713, i#714.
    case xs#713 of
      ::(h#715, t#716:Box) →
        let %t324:Box = MakeTuple(i#714, h#715)
        let %t325 = (let %t326:Int = IAdd(i#714, 1)
        enumerate_go#712(t#716, #4001364[synthetic]#1364))
        ::(#4001363[synthetic]#1363, #4001365[synthetic]#1365)
      _ →
        []

letrec intersperse_rest =
λxs#718, sep#719.
    case xs#718 of
      ::(h#720, t#721:Box) →
        let %t327:Box = (let %t328 = intersperse_rest#717(t#721, sep#719)
        ::(h#720, #4001366[synthetic]#1366))
        ::(sep#719, #4001367[synthetic]#1367)
      _ →
        []

letrec intercalate_rest =
λxss#723, sep#724.
    case xss#723 of
      ::(h#725:Box, t#726:Box) →
        let %t329 = (let %t330 = intercalate_rest#722(t#726, sep#724)
        append#694(h#725, #4001368[synthetic]#1368))
        append#694(sep#724, #4001369[synthetic]#1369)
      _ →
        []

letrec scanl_rest =
λxs#728, acc#729, f#730.
    case xs#728 of
      ::(h#731, t#732) →
        let %t331 = f#730(acc#729, h#731)
        scanl_emit#733(t#732, #4001370[synthetic]#1370, f#730)
      _ →
        []

letrec scanl_emit =
λxs#734, next#735, f#736.
    let %t332 = scanl_rest#727(xs#734, next#735, f#736)
    ::(next#735, #4001371[synthetic]#1371)

letrec unique_by_go =
λxs#738, f#739, seen#740, acc#741.
    case xs#738 of
      ::(h#742, t#743) →
        let %t333 = f#739(h#742)
        unique_by_step#744(t#743, h#742, #4001372[synthetic]#1372, f#739, seen#740, acc#741)
      _ →
        acc#741

letrec unique_by_step =
λxs#745, value#746, key#747, f#748, seen#749, acc#750.
    let %t334 = contains#599(seen#749, key#747)
    case #4001373[synthetic]#1373 of
      true →
        unique_by_go#737(xs#745, f#748, seen#749, acc#750)
      _ →
        let %t335:Box = ::(key#747, seen#749)
        let %t336:Box = ::(value#746, acc#750)
        unique_by_go#737(xs#745, f#748, #4001374[synthetic]#1374, #4001375[synthetic]#1375)

letrec scanr_go =
λxs#752, acc#753, f#754.
    case xs#752 of
      ::(h#755, t#756:Box) →
        let %t337 = scanr_go#751(t#756, acc#753, f#754)
        scanr_step#757(h#755, #4001376[synthetic]#1376, acc#753, f#754)
      _ →
        let %t338:Box = MakeList(acc#753)
        MakeTuple(#4001377[synthetic]#1377, acc#753)

letrec scanr_step =
λh#758, state#759, acc#760, f#761.
    case state#759 of
      (rest#762, next_acc#763) →
        scanr_finish#764(rest#762, next_acc#763, h#758, f#761)

letrec scanr_finish =
λrest#765, next_acc#766, h#767, f#768.
    let current#769 = f#768(h#767, next_acc#766)
    let %t339:Box = ::(current#769, rest#765)
    MakeTuple(#4001378[synthetic]#1378, current#769)

letrec merge_sort_by =
λxs#771, key_fn#772.
    case xs#771 of
      ::(_, t#773:Box) →
        case t#773 of
          ::(_, _) →
            merge_sort_do#774(xs#771, key_fn#772)
          _ →
            xs#771
      _ →
        xs#771

letrec merge_sort_do =
λxs#775, key_fn#776.
    let mid#779:Int = (let %t340 = length#553(xs#775)
    IDiv(#4001379[synthetic]#1379, 2))
    let %t341 = split_at#509(xs#775, mid#779)
    case #4001380[synthetic]#1380 of
      (left#777:Box, right#778:Box) →
        let %t342 = merge_sort_by#770(left#777, key_fn#776)
        let %t343 = merge_sort_by#770(right#778, key_fn#776)
        merge_by_key#780(#4001381[synthetic]#1381, #4001382[synthetic]#1382, key_fn#776)

letrec merge_by_key =
λleft#781, right#782, key_fn#783.
    case left#781 of
      ::(a#784, at#785:Box) →
        case right#782 of
          ::(b#786, bt#787:Box) →
            let %t344:Bool = (let %t345 = key_fn#783(a#784)
            let %t346 = key_fn#783(b#786)
            Le(#4001383[synthetic]#1383, #4001384[synthetic]#1384))
            case #4001385[synthetic]#1385 of
              true →
                let %t347 = merge_by_key#780(at#785, right#782, key_fn#783)
                ::(a#784, #4001386[synthetic]#1386)
              _ →
                let %t348 = merge_by_key#780(left#781, bt#787, key_fn#783)
                ::(b#786, #4001387[synthetic]#1387)
          _ →
            left#781
      _ →
        right#782

letrec zip_go =
λxs#789, ys#790, acc#791.
    case xs#789 of
      ::(a#792, at#793:Box) →
        case ys#790 of
          ::(b#794, bt#795:Box) →
            let %t349:Box = (let %t350:Box = MakeTuple(a#792, b#794)
            ::(#4001388[synthetic]#1388, acc#791))
            zip_go#788(at#793, bt#795, #4001389[synthetic]#1389)
          _ →
            acc#791
      _ →
        acc#791

letrec zip_with_go =
λxs#797, ys#798, f#799, acc#800.
    case xs#797 of
      ::(a#801, at#802:Box) →
        case ys#798 of
          ::(b#803, bt#804:Box) →
            let %t351:Box = (let %t352 = f#799(a#801, b#803)
            ::(#4001390[synthetic]#1390, acc#800))
            zip_with_go#796(at#802, bt#804, f#799, #4001391[synthetic]#1391)
          _ →
            acc#800
      _ →
        acc#800

letrec group_by_head =
λh#806, t#807, eq#808.
    let %t353 = (let %t354:Box = (λx#809.
      eq#808(h#806, x#809))
    span#516(t#807, #4001392[synthetic]#1392))
    case #4001393[synthetic]#1393 of
      (prefix#810:Box, rest#811:Box) →
        let %t355:Box = ::(h#806, prefix#810)
        let %t356 = group_by#664(rest#811, eq#808)
        ::(#4001394[synthetic]#1394, #4001395[synthetic]#1395)

letrec maximum_go =
λxs#813, best#814.
    case xs#813 of
      ::(h#815, t#816:Box) →
        let %t357 = (let %t358:Bool = Gt(h#815, best#814)
        case #4001396[synthetic]#1396 of
          true →
            h#815
          _ →
            best#814)
        maximum_go#812(t#816, #4001397[synthetic]#1397)
      _ →
        best#814

letrec minimum_go =
λxs#818, best#819.
    case xs#818 of
      ::(h#820, t#821:Box) →
        let %t359 = (let %t360:Bool = Lt(h#820, best#819)
        case #4001398[synthetic]#1398 of
          true →
            h#820
          _ →
            best#819)
        minimum_go#817(t#821, #4001399[synthetic]#1399)
      _ →
        best#819

letrec to_array =
λxs#823:Box.
    letrec to_array_go#824 = (λys#825, acc#826.
      case ys#825 of
        ::(h#827, t#828:Box) →
          let %t361 = (let %t362 = Array#?[external].push
          #4001400[synthetic]#1400(acc#826, h#827))
          to_array_go#824(t#828, #4001401[synthetic]#1401)
        _ →
          acc#826)
    let %t363:Box = MakeArray()
    to_array_go#824(xs#823, #4001402[synthetic]#1402)

letrec either =
λe#830:Box, on_left#831, on_right#832.
    case e#830 of
      Left(x#833) →
        on_left#831(x#833)
      Right(y#834) →
        on_right#832(y#834)

letrec lefts =
λxs#836:Box.
    letrec lefts_acc#837 = (λys#838, acc#839.
      case ys#838 of
        ::(Left(x#840), t#841:Box) →
          let %t364:Box = ::(x#840, acc#839)
          lefts_acc#837(t#841, #4001403[synthetic]#1403)
        ::(Right(_), t#842:Box) →
          lefts_acc#837(t#842, acc#839)
        _ →
          let %t365 = List#?[external].reverse
          #4001404[synthetic]#1404(acc#839))
    let %t366:Unit = []
    lefts_acc#837(xs#836, #4001405[synthetic]#1405)

letrec rights =
λxs#844:Box.
    letrec rights_acc#845 = (λys#846, acc#847.
      case ys#846 of
        ::(Right(y#848), t#849:Box) →
          let %t367:Box = ::(y#848, acc#847)
          rights_acc#845(t#849, #4001406[synthetic]#1406)
        ::(Left(_), t#850:Box) →
          rights_acc#845(t#850, acc#847)
        _ →
          let %t368 = List#?[external].reverse
          #4001407[synthetic]#1407(acc#847))
    let %t369:Unit = []
    rights_acc#845(xs#844, #4001408[synthetic]#1408)

letrec partition_eithers =
λxs#852:Box.
    letrec partition_acc#853 = (λys#854, ls#855, rs#856.
      case ys#854 of
        ::(Left(x#857), t#858:Box) →
          let %t370:Box = ::(x#857, ls#855)
          partition_acc#853(t#858, #4001409[synthetic]#1409, rs#856)
        ::(Right(y#859), t#860:Box) →
          let %t371:Box = ::(y#859, rs#856)
          partition_acc#853(t#860, ls#855, #4001410[synthetic]#1410)
        _ →
          let %t372 = (let %t373 = List#?[external].reverse
          #4001411[synthetic]#1411(ls#855))
          let %t374 = (let %t375 = List#?[external].reverse
          #4001413[synthetic]#1413(rs#856))
          MakeTuple(#4001412[synthetic]#1412, #4001414[synthetic]#1414))
    let %t376:Unit = []
    let %t377:Unit = []
    partition_acc#853(xs#852, #4001415[synthetic]#1415, #4001416[synthetic]#1416)

letrec print_all =
λarr#862:Box.
    letrec pa_go#863 = (λi#864.
      let %t378:Bool = (let %t379 = Len(arr#862)
      Lt(i#864, #4001417[synthetic]#1417))
      case #4001418[synthetic]#1418 of
        true →
          let %t380 = (let %t381 = Index(arr#862, i#864)
          case #4001419[synthetic]#1419 of
            Some(v#866) →
              Print(v#866)
            _ →
              Print(""))
          let %t382 = Add(i#864, 1)
          pa_go#863(#4001420[synthetic]#1420)
        _ →
          MakeTuple())
    pa_go#863(0)

letrec println_all =
λarr#868:Box.
    letrec pla_go#869 = (λi#870.
      let %t383:Bool = (let %t384 = Len(arr#868)
      Lt(i#870, #4001421[synthetic]#1421))
      case #4001422[synthetic]#1422 of
        true →
          let %t385 = (let %t386 = Index(arr#868, i#870)
          case #4001423[synthetic]#1423 of
            Some(v#872) →
              Println(v#872)
            _ →
              Println(""))
          let %t387 = Add(i#870, 1)
          pla_go#869(#4001424[synthetic]#1424)
        _ →
          MakeTuple())
    pla_go#869(0)

letrec read_lines =
λpath#874:Box.
    let content#875:Box = ReadFile(path#874)
    Split(content#875, "\n")

letrec parse_ints =
λarr#877:Box.
    letrec pi_go#878 = (λi#879, result#880.
      let %t388:Bool = (let %t389 = Len(arr#877)
      Ge(i#879, #4001425[synthetic]#1425))
      case #4001426[synthetic]#1426 of
        true →
          result#880
        _ →
          let %t390 = Index(arr#877, i#879)
          case #4001427[synthetic]#1427 of
            Some(s#881) →
              let %t391 = Add(i#879, 1)
              let %t392 = (let %t393 = Array#?[external].push
              let %t394 = ParseInt(s#881)
              #4001429[synthetic]#1429(result#880, #4001430[synthetic]#1430))
              pi_go#878(#4001428[synthetic]#1428, #4001431[synthetic]#1431)
            _ →
              let %t395:Int = IAdd(i#879, 1)
              pi_go#878(#4001432[synthetic]#1432, result#880))
    let %t396:Box = MakeArray()
    pi_go#878(0, #4001433[synthetic]#1433)

letrec split_ints =
λs#883:Box, sep#884:Box.
    let parts#885:Int = Split(s#883, sep#884)
    parse_ints#876(parts#885)

def pi : List<Int> =
3.141592653589793

letrec sqrt =
λx#888:Float.
    FSqrt(x#888)

letrec exp =
λx#890:Float.
    FExp(x#890)

letrec log =
λx#892:Float.
    FLog(x#892)

letrec sin =
λx#894:Float.
    FSin(x#894)

letrec cos =
λx#896:Float.
    FCos(x#896)

letrec tan =
λx#898:Float.
    FTan(x#898)

letrec asin =
λx#900:Float.
    FAsin(x#900)

letrec acos =
λx#902:Float.
    FAcos(x#902)

letrec atan =
λx#904:Float.
    FAtan(x#904)

letrec sinh =
λx#906:Float.
    FSinh(x#906)

letrec cosh =
λx#908:Float.
    FCosh(x#908)

letrec tanh =
λx#910:Float.
    FTanh(x#910)

letrec floor =
λx#912:Float.
    FFloor(x#912)

letrec ceil =
λx#914:Float.
    FCeil(x#914)

letrec round =
λx#916:Float.
    FRound(x#916)

letrec truncate =
λx#918:Float.
    FTruncate(x#918)

letrec even =
λn#920:Int.
    let %t397 = Mod(n#920, 2)
    Eq(#4001434[synthetic]#1434, 0)

letrec odd =
λn#922:Int.
    let %t398 = Mod(n#922, 2)
    NEq(#4001435[synthetic]#1435, 0)

letrec gcd =
λa#924:Int, b#925:Int.
    let aa#930:Box = (let %t399:Bool = Lt(a#924, 0)
    case #4001436[synthetic]#1436 of
      true →
        Sub(0, a#924)
      _ →
        a#924)
    let bb#929:Box = (let %t400:Bool = Lt(b#925, 0)
    case #4001437[synthetic]#1437 of
      true →
        Sub(0, b#925)
      _ →
        b#925)
    letrec gcd_go#926 = (λx#927, y#928.
      let %t401:Bool = Eq(y#928, 0)
      case #4001438[synthetic]#1438 of
        true →
          x#927
        _ →
          let %t402 = Mod(x#927, y#928)
          gcd_go#926(y#928, #4001439[synthetic]#1439))
    gcd_go#926(aa#930, bb#929)

letrec lcm =
λa#932:Int, b#933:Int.
    let %t403:Bool = Eq(a#932, 0)
    case #4001440[synthetic]#1440 of
      true →
        0
      _ →
        let %t404:Bool = ICmpEq(b#933, 0)
        case #4001441[synthetic]#1441 of
          true →
            0
          _ →
            let g#936:Box = gcd#923(a#932, b#933)
            let q#935:Int = Div(a#932, g#936)
            let p#934:Box = Mul(q#935, b#933)
            let %t405:Bool = Lt(p#934, 0)
            case #4001442[synthetic]#1442 of
              true →
                Sub(0, p#934)
              _ →
                p#934

letrec signum =
λn#938:Int.
    let %t406:Bool = Gt(n#938, 0)
    case #4001443[synthetic]#1443 of
      true →
        1
      _ →
        let %t407:Bool = Lt(n#938, 0)
        case #4001444[synthetic]#1444 of
          true →
            -1
          _ →
            0

letrec div =
λa#940:Int, b#941:Int.
    let q#943 = Div(a#940, b#941)
    let r#942:Box = Mod(a#940, b#941)
    let %t408:Bool = (let %t409:Bool = NEq(r#942, 0)
    let %t410:Bool = (let %t411:Bool = ICmpLt(a#940, 0)
    let %t412:Bool = ICmpLt(b#941, 0)
    ICmpNe(#4001446[synthetic]#1446, #4001447[synthetic]#1447))
    And(#4001445[synthetic]#1445, #4001448[synthetic]#1448))
    case #4001449[synthetic]#1449 of
      true →
        Sub(q#943, 1)
      _ →
        q#943

letrec mod =
λa#945:Int, b#946:Int.
    let r#947:Box = Mod(a#945, b#946)
    let %t413:Bool = (let %t414:Bool = NEq(r#947, 0)
    let %t415:Bool = (let %t416:Bool = Lt(r#947, 0)
    let %t417:Bool = Lt(b#946, 0)
    NEq(#4001451[synthetic]#1451, #4001452[synthetic]#1452))
    And(#4001450[synthetic]#1450, #4001453[synthetic]#1453))
    case #4001454[synthetic]#1454 of
      true →
        Add(r#947, b#946)
      _ →
        r#947

letrec unwrap =
λopt#949:Box.
    case opt#949 of
      Some(v#950) →
        v#950
      _ →
        Panic("unwrap called on None")

letrec unwrap_or =
λopt#952:Box, default#953.
    case opt#952 of
      Some(v#954) →
        v#954
      _ →
        default#953

letrec map_option =
λopt#956:Box, f#957.
    case opt#956 of
      Some(v#958) →
        let %t418 = f#957(v#958)
        Some(#4001455[synthetic]#1455)
      _ →
        None

letrec flat_map_option =
λopt#960:Box, f#961.
    case opt#960 of
      Some(v#962) →
        f#961(v#962)
      _ →
        None

letrec is_some =
λopt#964:Box.
    case opt#964 of
      Some(_) →
        true
      _ →
        false

letrec is_none_opt =
λopt#966:Box.
    case opt#966 of
      Some(_) →
        false
      _ →
        true

letrec starts_with =
λs#968:Box, prefix#969:Box.
    let plen#970:Box = Len(prefix#969)
    let %t419:Bool = (let %t420 = Len(s#968)
    Gt(plen#970, #4001456[synthetic]#1456))
    case #4001457[synthetic]#1457 of
      true →
        false
      _ →
        let %t421:Box = Substring(s#968, 0, plen#970)
        Eq(#4001458[synthetic]#1458, prefix#969)

letrec ends_with =
λs#972:Box, suffix#973:Box.
    let slen#975:Box = Len(s#972)
    let plen#974:Int = Len(suffix#973)
    let %t422:Bool = Gt(plen#974, slen#975)
    case #4001459[synthetic]#1459 of
      true →
        false
      _ →
        let %t423:Box = (let %t424 = Sub(slen#975, plen#974)
        Substring(s#972, #4001460[synthetic]#1460, slen#975))
        Eq(#4001461[synthetic]#1461, suffix#973)

letrec chars =
λs#977:Box.
    letrec chars_go#978 = (λi#979, result#980.
      let %t425:Bool = (let %t426 = Len(s#977)
      Ge(i#979, #4001462[synthetic]#1462))
      case #4001463[synthetic]#1463 of
        true →
          result#980
        _ →
          let %t427:Int = IAdd(i#979, 1)
          let %t428 = (let %t429 = Array#?[external].push
          let %t430:Box = (let %t431 = Add(i#979, 1)
          Substring(s#977, i#979, #4001466[synthetic]#1466))
          #4001465[synthetic]#1465(result#980, #4001467[synthetic]#1467))
          chars_go#978(#4001464[synthetic]#1464, #4001468[synthetic]#1468))
    let %t432:Box = MakeArray()
    chars_go#978(0, #4001469[synthetic]#1469)

letrec join =
λarr#982:Box, sep#983:Box.
    let %t433:Bool = (let %t434 = Len(arr#982)
    Eq(#4001470[synthetic]#1470, 0))
    case #4001471[synthetic]#1471 of
      true →
        ""
      _ →
        letrec join_go#985 = (λi#986, result#987.
          let %t435:Bool = (let %t436 = Len(arr#982)
          Ge(i#986, #4001472[synthetic]#1472))
          case #4001473[synthetic]#1473 of
            true →
              result#987
            _ →
              let %t437 = Index(arr#982, i#986)
              case #4001474[synthetic]#1474 of
                Some(v#988) →
                  let %t438:Int = IAdd(i#986, 1)
                  let %t439 = (let %t440 = Add(result#987, sep#983)
                  Add(#4001476[synthetic]#1476, v#988))
                  join_go#985(#4001475[synthetic]#1475, #4001477[synthetic]#1477)
                _ →
                  let %t441:Int = IAdd(i#986, 1)
                  join_go#985(#4001478[synthetic]#1478, result#987))
        let %t442 = Index(arr#982, 0)
        case #4001479[synthetic]#1479 of
          Some(first_val#984) →
            join_go#985(1, first_val#984)
          _ →
            ""

letrec string_concat =
λleft#990:Box, right#991:Box.
    string_concat_builtin#?[external](left#990, right#991)

letrec string_len =
λs#993:Box.
    string_length#?[external](s#993)

letrec string_slice =
λs#995:Box, start#996:Int, end#997:Int.
    string_slice_builtin#?[external](s#995, start#996, end#997)

letrec str_contains =
λs#999:Box, needle#1000:Box.
    let slen#1004:Box = Len(s#999)
    let nlen#1003:Unit = Len(needle#1000)
    let %t443:Bool = ICmpGt(nlen#1003, slen#1004)
    case #4001480[synthetic]#1480 of
      true →
        false
      _ →
        letrec sc_go#1001 = (λi#1002.
          let %t444:Bool = (let %t445:Int = IAdd(i#1002, nlen#1003)
          ICmpGt(#4001481[synthetic]#1481, slen#1004))
          case #4001482[synthetic]#1482 of
            true →
              false
            _ →
              let %t446:Bool = (let %t447:Box = (let %t448:Int = IAdd(i#1002, nlen#1003)
              Substring(s#999, i#1002, #4001483[synthetic]#1483))
              Eq(#4001484[synthetic]#1484, needle#1000))
              case #4001485[synthetic]#1485 of
                true →
                  true
                _ →
                  let %t449:Int = IAdd(i#1002, 1)
                  sc_go#1001(#4001486[synthetic]#1486))
        sc_go#1001(0)

letrec rev_append : forall a. (List<a>, List<a>) -> List<a> =
λxs#1006:Box, acc#1007:Box.
    case xs#1006 of
      ::(h#1008:Int, t#1009:Box) →
        let %t450:Box = ::(h#1008, acc#1007)
        rev_append#1005(t#1009, #4001487[synthetic]#1487)
      _ →
        acc#1007

letrec normalize : forall a. (Queue<a>) -> Queue<a> =
λq#1011:Box.
    case q#1011 of
      Queue([], back#1012) →
        let %t451 = (let %t452:Unit = []
        rev_append#1005(back#1012, #4001488[synthetic]#1488))
        let %t453:Unit = []
        Queue#?[external](#4001489[synthetic]#1489, #4001490[synthetic]#1490)
      _ →
        q#1011

letrec push : forall a. (Queue<a>, a) -> Queue<a> =
λq#1014:Box, value#1015.
    case q#1014 of
      Queue(front#1016, back#1017) →
        let %t454:Box = ::(value#1015, back#1017)
        Queue#?[external](front#1016, #4001491[synthetic]#1491)

letrec pop : forall a, b. (Queue<a>) -> Pop<b> =
λq#1019:Box.
    let %t455 = normalize#1010(q#1019)
    case #4001492[synthetic]#1492 of
      Queue(::(h#1020, t#1021), back#1022) →
        let %t456 = Queue#?[external](t#1021, back#1022)
        Popped#?[external](h#1020, #4001493[synthetic]#1493)
      _ →
        EmptyQ#?[external]

letrec build_queue : (Int) -> Queue<Int> =
λn#1024:Int.
    letrec go#1025 = (λi#1026, q#1027.
      let %t457:Bool = ICmpLe(i#1026, 0)
      case #4001494[synthetic]#1494 of
        true →
          q#1027
        _ →
          let %t458:Int = ISub(i#1026, 1)
          let %t459 = push#1013(q#1027, i#1026)
          go#1025(#4001495[synthetic]#1495, #4001496[synthetic]#1496))
    let %t460 = (let %t461:Unit = []
    let %t462:Unit = []
    Queue#?[external](#4001497[synthetic]#1497, #4001498[synthetic]#1498))
    go#1025(n#1024, #4001499[synthetic]#1499)

letrec rotate_sum : (Queue<Int>, Int, Int) -> Int =
λq#1029:Box, rounds#1030:Int, total#1031:Int.
    let %t463:Bool = ICmpLe(rounds#1030, 0)
    case #4001500[synthetic]#1500 of
      true →
        total#1031
      _ →
        let %t464 = pop#1018(q#1029)
        case #4001501[synthetic]#1501 of
          Popped(value#1032, rest#1033) →
            let %t465 = (let %t466:Int = IAdd(value#1032, 1)
            push#1013(rest#1033, #4001502[synthetic]#1502))
            let %t467:Int = ISub(rounds#1030, 1)
            let %t468:Int = IAdd(total#1031, value#1032)
            rotate_sum#1028(#4001503[synthetic]#1503, #4001504[synthetic]#1504, #4001505[synthetic]#1505)
          _ →
            total#1031

letrec drain_sum : (Queue<Int>, Int) -> Int =
λq#1035:Box, total#1036:Int.
    let %t469 = pop#1018(q#1035)
    case #4001506[synthetic]#1506 of
      Popped(value#1037, rest#1038) →
        let %t470:Int = IAdd(total#1036, value#1037)
        drain_sum#1034(rest#1038, #4001507[synthetic]#1507)
      _ →
        total#1036

letrec main : () -> Unit =
λ.
    let seed_queue#1045:Box = build_queue#1023(2000)
    let rotated#1044:Int = rotate_sum#1028(seed_queue#1045, 3000, 0)
    let drained#1043:Int = (let %t471 = build_queue#1023(2000)
    drain_sum#1034(#4001508[synthetic]#1508, 0))
    let %t472 = Print("Queue workload")
    let %t473 = Print("==============")
    let %t474 = (let %t475:Box = Interpolate("rotated total = ", rotated#1044)
    Print(#4001509[synthetic]#1509))
    let %t476:Box = Interpolate("drained total = ", drained#1043)
    Print(#4001510[synthetic]#1510)

[ 1 of 10] Compiling  Assert
[ 2 of 10] Compiling  Array
[ 3 of 10] Compiling  List
[ 4 of 10] Compiling  Either
[ 5 of 10] Compiling  IO
[ 6 of 10] Compiling  Math
[ 7 of 10] Compiling  Numeric
[ 8 of 10] Compiling  Option
[ 9 of 10] Compiling  String
[10 of 10] Compiling  queue_workload
