---
source: tests/examples_fixtures_snapshots.rs
---
Fixture: examples/aoc/2024/day04_part1_test.flx
== compile ==
failed (compile)
== diagnostics ==
Error[E011]: Private Member

Cannot access private member `day04a_from_lines`.

  examples/aoc/2024/day04_part1_test.flx:34:15
   |
34 |     assert_eq(Day04.day04a_from_lines(sample_grid()), 18)
   |               ^^^^^^^^^^^^^^^^^^^^^^^

Hint:
  Private members can only be accessed within the same module. Use `public fn` to export a function.


Error[E011]: Private Member

Cannot access private member `day04a_from_lines`.

  examples/aoc/2024/day04_part1_test.flx:38:15
   |
38 |     assert_eq(Day04.day04a_from_lines([|"XMAS"|]), 1)
   |               ^^^^^^^^^^^^^^^^^^^^^^^

Hint:
  Private members can only be accessed within the same module. Use `public fn` to export a function.


Error[E011]: Private Member

Cannot access private member `day04a_from_lines`.

  examples/aoc/2024/day04_part1_test.flx:42:15
   |
42 |     assert_eq(Day04.day04a_from_lines([|"SAMX"|]), 1)
   |               ^^^^^^^^^^^^^^^^^^^^^^^

Hint:
  Private members can only be accessed within the same module. Use `public fn` to export a function.


Error[E011]: Private Member

Cannot access private member `day04a_from_lines`.

  examples/aoc/2024/day04_part1_test.flx:46:15
   |
46 |     assert_eq(Day04.day04a_from_lines([|"X", "M", "A", "S"|]), 1)
   |               ^^^^^^^^^^^^^^^^^^^^^^^

Hint:
  Private members can only be accessed within the same module. Use `public fn` to export a function.


Error[E011]: Private Member

Cannot access private member `day04a_from_lines`.

  examples/aoc/2024/day04_part1_test.flx:51:9
   |
51 |         Day04.day04a_from_lines([|
   |         ^^^^^^^^^^^^^^^^^^^^^^^

Hint:
  Private members can only be accessed within the same module. Use `public fn` to export a function.


Error[E011]: Private Member

Cannot access private member `day04a_from_lines`.

  examples/aoc/2024/day04_part1_test.flx:62:15
   |
62 |     assert_eq(Day04.day04a_from_lines([|"XMASMAS"|]), 1)
   |               ^^^^^^^^^^^^^^^^^^^^^^^

Hint:
  Private members can only be accessed within the same module. Use `public fn` to export a function.


Error[E011]: Private Member

Cannot access private member `day04a_from_memory`.

  examples/aoc/2024/day04_part1_test.flx:66:15
   |
66 |     assert_eq(Day04.day04a_from_memory(""), 0)
   |               ^^^^^^^^^^^^^^^^^^^^^^^^

Hint:
  Private members can only be accessed within the same module. Use `public fn` to export a function.


Error[E011]: Private Member

Cannot access private member `day04a_from_lines`.

  examples/aoc/2024/day04_part1_test.flx:67:15
   |
67 |     assert_eq(Day04.day04a_from_lines([|"XM"|]), 0)
   |               ^^^^^^^^^^^^^^^^^^^^^^^

Hint:
  Private members can only be accessed within the same module. Use `public fn` to export a function.


Error[E011]: Private Member

Cannot access private member `day04b_from_lines`.

  examples/aoc/2024/day04_part1_test.flx:71:15
   |
71 |     assert_eq(Day04.day04b_from_lines(sample_cross_grid()), 9)
   |               ^^^^^^^^^^^^^^^^^^^^^^^

Hint:
  Private members can only be accessed within the same module. Use `public fn` to export a function.


Error[E011]: Private Member

Cannot access private member `day04b_from_lines`.

  examples/aoc/2024/day04_part1_test.flx:76:9
   |
76 |         Day04.day04b_from_lines([|
   |         ^^^^^^^^^^^^^^^^^^^^^^^

Hint:
  Private members can only be accessed within the same module. Use `public fn` to export a function.


Error[E011]: Private Member

Cannot access private member `day04b_from_lines`.

  examples/aoc/2024/day04_part1_test.flx:87:9
   |
87 |         Day04.day04b_from_lines([|
   |         ^^^^^^^^^^^^^^^^^^^^^^^

Hint:
  Private members can only be accessed within the same module. Use `public fn` to export a function.


Error[E011]: Private Member

Cannot access private member `day04b_from_memory`.

  examples/aoc/2024/day04_part1_test.flx:94:15
   |
94 |     assert_eq(Day04.day04b_from_memory(""), 0)
   |               ^^^^^^^^^^^^^^^^^^^^^^^^

Hint:
  Private members can only be accessed within the same module. Use `public fn` to export a function.


Error[E011]: Private Member

Cannot access private member `day04b_from_lines`.

  examples/aoc/2024/day04_part1_test.flx:95:15
   |
95 |     assert_eq(Day04.day04b_from_lines([|"MAS"|]), 0)
   |               ^^^^^^^^^^^^^^^^^^^^^^^

Hint:
  Private members can only be accessed within the same module. Use `public fn` to export a function.

Found 13 errors.
== stdout ==
<not executed>
