---
source: tests/examples_fixtures_snapshots.rs
---
Fixture: examples/io/aoc_day7_part1.flx
== compile ==
failed (compile)
== diagnostics ==
--> compiler error[E413]: TOP-LEVEL EFFECT

Effectful operation is not allowed at top level (requires: IO).

  --> examples/io/aoc_day7_part1.flx:129:1
    |
129 | let input_lines = read_lines("examples/io/aoc_day7.txt")
    | ^^^^^^^^^^^^^^^^^^^^^^^^^^^^^^^^^^^^^^^^^^^^^^^^^^^^^^^^
    | -------------------------------------------------------- top-level effectful expression

Hint:
  Move this code into `fn main() with ... { ... }`.


--> compiler error[E414]: MISSING MAIN FUNCTION

Effectful program is missing `fn main` root effect handler.

  --> examples/io/aoc_day7_part1.flx:129:1
    |
129 | let input_lines = read_lines("examples/io/aoc_day7.txt")
    | ^^^^^^^^^^^^^^^^^^^^^^^^^^^^^^^^^^^^^^^^^^^^^^^^^^^^^^^^
    | -------------------------------------------------------- effectful top-level execution

Hint:
  Define `fn main() with ... { ... }` and move execution there.


--> compiler error[E413]: TOP-LEVEL EFFECT

Effectful operation is not allowed at top level (requires: IO).

  --> examples/io/aoc_day7_part1.flx:135:1
    |
135 | print(simulate(input_lines, srow, grid_w, start, 0))
    | ^^^^^^^^^^^^^^^^^^^^^^^^^^^^^^^^^^^^^^^^^^^^^^^^^^^^
    | ---------------------------------------------------- top-level effectful expression

Hint:
  Move this code into `fn main() with ... { ... }`.

Found 3 errors.
== stdout ==
<not executed>
