---
source: tests/examples_fixtures_snapshots.rs
---
Fixture: examples/type_system/failing/23_generic_call_return_mismatch.flx
== compile ==
failed (compile)
== diagnostics ==
--> compiler error[E300]: TYPE UNIFICATION ERROR

The value of `x` does not match its type annotation.

  --> examples/type_system/failing/23_generic_call_return_mismatch.flx:5:14
  |
5 | let x: Int = identity("hello")
  |              ^^^^^^^^^^^^^^^^^
  |              ----------------- this is `String`
  |        --- but `x` was annotated as `Int`

Help:
  Change `x` to a `Int` value or update the annotation to `String`.
== stdout ==
<not executed>
