---
source: tests/integration/regression_snapshots.rs
---
$ flux --no-cache tests/fixtures/semantic_types/modules/private_member/main.flx
exit_code: 1

[ 1 of 19] Compiling  Add
[ 2 of 19] Compiling  Assert
[ 3 of 19] Compiling  Debug
[ 4 of 19] Compiling  Array
[ 5 of 19] Compiling  List
[ 6 of 19] Compiling  Either
[ 7 of 19] Compiling  Eq
[ 8 of 19] Compiling  IO
[ 9 of 19] Compiling  Math
[10 of 19] Compiling  Num
[11 of 19] Compiling  Numeric
[12 of 19] Compiling  Option
[13 of 19] Compiling  Ord
[14 of 19] Compiling  Primops
[15 of 19] Compiling  Semigroup
[16 of 19] Compiling  Show
[17 of 19] Compiling  String
[18 of 19] Compiling  Math
• 1 error • tests/fixtures/semantic_types/modules/private_member/main.flx
error[E011]: Private Member

Cannot access private member `hidden`.

  tests/fixtures/semantic_types/modules/private_member/main.flx:4:5
  |
4 |     M.hidden(1)
  |     ^^^^^^^^

Hint:
  Private members can only be accessed within the same module. Use `public fn` to export a function.
