---
source: tests/snapshots/diagnostics/mod.rs
expression: output
---
error[E300]: Argument Type Mismatch

I found the wrong type in the 1st argument to `greet`.

  examples/type_system/failing/110_call_arg_named_fn.flx:6:20
  |
1 | fn greet(name: String) -> String {
2 |     name
3 | }
4 | 
5 | fn main() -> Unit {
6 |     let _x = greet(42)
  |                    ^^
  |                    -- this argument has type `Int`

Note:
  expected argument type: String
  found argument type: Int
  the actual argument type is inferred from this expression
  the expected argument type comes from the function signature

Help:
  Try `to_string(...)` to convert a `Int` into a `String`.
